00:00 +0: loading C:/Users/fabian nuriel/ServisLog_core_1.2/test/core/models/permission_models_test.dart
00:00 +0: C:/Users/fabian nuriel/ServisLog_core_1.2/test/core/models/permission_models_test.dart: RoleTemplate should create RoleTemplate with all fields
00:00 +1: C:/Users/fabian nuriel/ServisLog_core_1.2/test/core/models/permission_models_test.dart: RoleTemplate should convert to map correctly
00:00 +2: C:/Users/fabian nuriel/ServisLog_core_1.2/test/core/models/permission_models_test.dart: RoleTemplate should be equal when props are same
00:00 +3: C:/Users/fabian nuriel/ServisLog_core_1.2/test/core/models/permission_models_test.dart: RoleTemplate should not be equal when id is different
00:00 +4: C:/Users/fabian nuriel/ServisLog_core_1.2/test/core/models/permission_models_test.dart: StaffWithPermissions should create StaffWithPermissions with all fields
00:00 +5: C:/Users/fabian nuriel/ServisLog_core_1.2/test/core/models/permission_models_test.dart: StaffWithPermissions should create StaffWithPermissions without role template
00:00 +6: C:/Users/fabian nuriel/ServisLog_core_1.2/test/core/models/permission_models_test.dart: StaffWithPermissions hasPermission should return value from custom permissions
00:00 +7: C:/Users/fabian nuriel/ServisLog_core_1.2/test/core/models/permission_models_test.dart: StaffWithPermissions hasPermission should return false for undefined permission
00:00 +8: C:/Users/fabian nuriel/ServisLog_core_1.2/test/core/models/permission_models_test.dart: StaffWithPermissions should convert to map correctly
00:00 +9: C:/Users/fabian nuriel/ServisLog_core_1.2/test/core/models/permission_models_test.dart: StaffWithPermissions should be equal when props are same
00:04 +10: C:/Users/fabian nuriel/ServisLog_core_1.2/test/core/services/auth_service_test.dart: AuthService signInWithGoogle - success
AUTH: Initiating Google Sign-In UI...
AUTH: Fetching Google Authentication tokens...
AUTH: Signing into Firebase with credential...
AUTH: Firebase Sign-In successful for UID: fac13dd5-191a-43f6-a97c-c19cbcc5bcdd
00:04 +11: C:/Users/fabian nuriel/ServisLog_core_1.2/test/core/services/auth_service_test.dart: AuthService signInWithGoogle - user cancelled
AUTH: Initiating Google Sign-In UI...
AUTH: Google Sign-In cancelled by user
00:04 +12: C:/Users/fabian nuriel/ServisLog_core_1.2/test/core/services/auth_service_test.dart: AuthService signInSilently - success
[38;5;12m┌───────────────────────────────────────────────────────────────────────────────────────────────────────────────────────[0m
[38;5;12m│ #0   AppLogger.info (package:servisio_core/core/utils/app_logger.dart:59:12)[0m
[38;5;12m│ #1   AppLogger.init (package:servisio_core/core/utils/app_logger.dart:39:5)[0m
[38;5;12m├┄┄┄┄┄┄┄┄┄┄┄┄┄┄┄┄┄┄┄┄┄┄┄┄┄┄┄┄┄┄┄┄┄┄┄┄┄┄┄┄┄┄┄┄┄┄┄┄┄┄┄┄┄┄┄┄┄┄┄┄┄┄┄┄┄┄┄┄┄┄┄┄┄┄┄┄┄┄┄┄┄┄┄┄┄┄┄┄┄┄┄┄┄┄┄┄┄┄┄┄┄┄┄┄┄┄┄┄┄┄┄┄┄┄┄┄┄┄┄[0m
[38;5;12m│ 2026-04-22 19:13:54.258[0m
[38;5;12m├┄┄┄┄┄┄┄┄┄┄┄┄┄┄┄┄┄┄┄┄┄┄┄┄┄┄┄┄┄┄┄┄┄┄┄┄┄┄┄┄┄┄┄┄┄┄┄┄┄┄┄┄┄┄┄┄┄┄┄┄┄┄┄┄┄┄┄┄┄┄┄┄┄┄┄┄┄┄┄┄┄┄┄┄┄┄┄┄┄┄┄┄┄┄┄┄┄┄┄┄┄┄┄┄┄┄┄┄┄┄┄┄┄┄┄┄┄┄┄[0m
[38;5;12m│ 💡 [level=debug] AppLogger initialized[0m
[38;5;12m└───────────────────────────────────────────────────────────────────────────────────────────────────────────────────────[0m
[38;5;12m┌───────────────────────────────────────────────────────────────────────────────────────────────────────────────────────[0m
[38;5;12m│ #0   AppLogger.info (package:servisio_core/core/utils/app_logger.dart:59:12)[0m
[38;5;12m│ #1   AppLogger.init (package:servisio_core/core/utils/app_logger.dart:39:5)[0m
[38;5;12m├┄┄┄┄┄┄┄┄┄┄┄┄┄┄┄┄┄┄┄┄┄┄┄┄┄┄┄┄┄┄┄┄┄┄┄┄┄┄┄┄┄┄┄┄┄┄┄┄┄┄┄┄┄┄┄┄┄┄┄┄┄┄┄┄┄┄┄┄┄┄┄┄┄┄┄┄┄┄┄┄┄┄┄┄┄┄┄┄┄┄┄┄┄┄┄┄┄┄┄┄┄┄┄┄┄┄┄┄┄┄┄┄┄┄┄┄┄┄┄[0m
[38;5;12m│ 2026-04-22 19:13:54.258[0m
[38;5;12m├┄┄┄┄┄┄┄┄┄┄┄┄┄┄┄┄┄┄┄┄┄┄┄┄┄┄┄┄┄┄┄┄┄┄┄┄┄┄┄┄┄┄┄┄┄┄┄┄┄┄┄┄┄┄┄┄┄┄┄┄┄┄┄┄┄┄┄┄┄┄┄┄┄┄┄┄┄┄┄┄┄┄┄┄┄┄┄┄┄┄┄┄┄┄┄┄┄┄┄┄┄┄┄┄┄┄┄┄┄┄┄┄┄┄┄┄┄┄┄[0m
[38;5;12m│ 💡 [level=debug] AppLogger initialized[0m
[38;5;12m└───────────────────────────────────────────────────────────────────────────────────────────────────────────────────────[0m
[38;5;12m┌───────────────────────────────────────────────────────────────────────────────────────────────────────────────────────[0m
[38;5;12m│ #0   AppLogger.info (package:servisio_core/core/utils/app_logger.dart:59:12)[0m
[38;5;12m│ #1   AuthService.signInSilently (package:servisio_core/core/services/auth_service.dart:139:17)[0m
[38;5;12m├┄┄┄┄┄┄┄┄┄┄┄┄┄┄┄┄┄┄┄┄┄┄┄┄┄┄┄┄┄┄┄┄┄┄┄┄┄┄┄┄┄┄┄┄┄┄┄┄┄┄┄┄┄┄┄┄┄┄┄┄┄┄┄┄┄┄┄┄┄┄┄┄┄┄┄┄┄┄┄┄┄┄┄┄┄┄┄┄┄┄┄┄┄┄┄┄┄┄┄┄┄┄┄┄┄┄┄┄┄┄┄┄┄┄┄┄┄┄┄[0m
[38;5;12m│ 2026-04-22 19:13:54.285[0m
[38;5;12m├┄┄┄┄┄┄┄┄┄┄┄┄┄┄┄┄┄┄┄┄┄┄┄┄┄┄┄┄┄┄┄┄┄┄┄┄┄┄┄┄┄┄┄┄┄┄┄┄┄┄┄┄┄┄┄┄┄┄┄┄┄┄┄┄┄┄┄┄┄┄┄┄┄┄┄┄┄┄┄┄┄┄┄┄┄┄┄┄┄┄┄┄┄┄┄┄┄┄┄┄┄┄┄┄┄┄┄┄┄┄┄┄┄┄┄┄┄┄┄[0m
[38;5;12m│ 💡 [AuthService] Silent Sign-In: Success for user fefd0ec0-51c0-412f-913c-56418c898219[0m
[38;5;12m└───────────────────────────────────────────────────────────────────────────────────────────────────────────────────────[0m
[38;5;12m┌───────────────────────────────────────────────────────────────────────────────────────────────────────────────────────[0m
[38;5;12m│ #0   AppLogger.info (package:servisio_core/core/utils/app_logger.dart:59:12)[0m
[38;5;12m│ #1   AuthService.signInSilently (package:servisio_core/core/services/auth_service.dart:139:17)[0m
[38;5;12m├┄┄┄┄┄┄┄┄┄┄┄┄┄┄┄┄┄┄┄┄┄┄┄┄┄┄┄┄┄┄┄┄┄┄┄┄┄┄┄┄┄┄┄┄┄┄┄┄┄┄┄┄┄┄┄┄┄┄┄┄┄┄┄┄┄┄┄┄┄┄┄┄┄┄┄┄┄┄┄┄┄┄┄┄┄┄┄┄┄┄┄┄┄┄┄┄┄┄┄┄┄┄┄┄┄┄┄┄┄┄┄┄┄┄┄┄┄┄┄[0m
[38;5;12m│ 2026-04-22 19:13:54.285[0m
[38;5;12m├┄┄┄┄┄┄┄┄┄┄┄┄┄┄┄┄┄┄┄┄┄┄┄┄┄┄┄┄┄┄┄┄┄┄┄┄┄┄┄┄┄┄┄┄┄┄┄┄┄┄┄┄┄┄┄┄┄┄┄┄┄┄┄┄┄┄┄┄┄┄┄┄┄┄┄┄┄┄┄┄┄┄┄┄┄┄┄┄┄┄┄┄┄┄┄┄┄┄┄┄┄┄┄┄┄┄┄┄┄┄┄┄┄┄┄┄┄┄┄[0m
[38;5;12m│ 💡 [AuthService] Silent Sign-In: Success for user fefd0ec0-51c0-412f-913c-56418c898219[0m
[38;5;12m└───────────────────────────────────────────────────────────────────────────────────────────────────────────────────────[0m
00:04 +13: C:/Users/fabian nuriel/ServisLog_core_1.2/test/core/services/auth_service_test.dart: AuthService signOut - calls both auth and google sign out
00:04 +14: C:/Users/fabian nuriel/ServisLog_core_1.2/test/core/services/auth_service_test.dart: AuthService canSignInSilently - returns true if firebase user exists
00:04 +15: C:/Users/fabian nuriel/ServisLog_core_1.2/test/core/services/auth_service_test.dart: AuthService canSignInSilently - returns true if google user exists
00:05 +16: C:/Users/fabian nuriel/ServisLog_core_1.2/test/core/services/backup_service_test.dart: BackupService Tests importFromJson() should decrypt sensitive fields if PIN provided
00:05 +17: C:/Users/fabian nuriel/ServisLog_core_1.2/test/core/services/backup_service_test.dart: BackupService Tests importFromJson() should throw if PIN missing for encrypted backup
Backup Import Error: Exception: Backup terenkripsi memerlukan PIN dan Bengkel ID.
00:09 +18: C:/Users/fabian nuriel/ServisLog_core_1.2/test/core/services/bengkel_service_test.dart: BengkelService Tests generateBengkelId creates expected format
📊 SyncTelemetry: Initialized with session=1776860039791_1010
📊 SyncTelemetry: Initialized with session=1776860039799_1060
00:09 +19: C:/Users/fabian nuriel/ServisLog_core_1.2/test/core/services/bengkel_service_test.dart: BengkelService Tests isBengkelIdAvailable returns true if doc missing
📊 SyncTelemetry: Initialized with session=1776860039844_1522
00:09 +20: C:/Users/fabian nuriel/ServisLog_core_1.2/test/core/services/bengkel_service_test.dart: BengkelService Tests claimBengkelId creates bengkel and secret docs
📊 SyncTelemetry: Initialized with session=1776860039877_1931
[SYNC:WARNING] [2026-04-22T19:13:59.907766] auth_bengkel_claimed | entity: null | {user_id: user-1, bengkelId: TEST-BENGKEL, deviceId: test_device_id}
00:10 +20 -1: C:/Users/fabian nuriel/ServisLog_core_1.2/test/core/services/bengkel_service_test.dart: BengkelService Tests claimBengkelId creates bengkel and secret docs [E]
  Expected: a string starting with 'enc:'
    Actual: 'wrapped:123456:TEST-BENGKEL'
  
  package:matcher                                     expect
  package:flutter_test/src/widget_tester.dart 473:18  expect
  test\core\services\bengkel_service_test.dart 65:7   main.<fn>.<fn>
  
00:10 +20 -1: C:/Users/fabian nuriel/ServisLog_core_1.2/test/core/services/bengkel_service_test.dart: BengkelService Tests getWrappedMasterKey retrieves key from secrets sub-collection
📊 SyncTelemetry: Initialized with session=1776860040166_1715
00:11 +21 -1: C:/Users/fabian nuriel/ServisLog_core_1.2/test/core/services/biometric_service_test.dart: BiometricService Tests isAvailable returns true if hardware supports it
00:11 +22 -1: C:/Users/fabian nuriel/ServisLog_core_1.2/test/core/services/biometric_service_test.dart: BiometricService Tests authenticate calls verify with correct params
00:11 +23 -1: C:/Users/fabian nuriel/ServisLog_core_1.2/test/core/services/biometric_service_test.dart: BiometricService Tests verifyWithRetry handles lockout and disable policy
[38;5;12m┌───────────────────────────────────────────────────────────────────────────────────────────────────────────────────────[0m
[38;5;12m│ #0   AppLogger.info (package:servisio_core/core/utils/app_logger.dart:59:12)[0m
[38;5;12m│ #1   AppLogger.init (package:servisio_core/core/utils/app_logger.dart:39:5)[0m
[38;5;12m├┄┄┄┄┄┄┄┄┄┄┄┄┄┄┄┄┄┄┄┄┄┄┄┄┄┄┄┄┄┄┄┄┄┄┄┄┄┄┄┄┄┄┄┄┄┄┄┄┄┄┄┄┄┄┄┄┄┄┄┄┄┄┄┄┄┄┄┄┄┄┄┄┄┄┄┄┄┄┄┄┄┄┄┄┄┄┄┄┄┄┄┄┄┄┄┄┄┄┄┄┄┄┄┄┄┄┄┄┄┄┄┄┄┄┄┄┄┄┄[0m
[38;5;12m│ 2026-04-22 19:14:01.362[0m
[38;5;12m├┄┄┄┄┄┄┄┄┄┄┄┄┄┄┄┄┄┄┄┄┄┄┄┄┄┄┄┄┄┄┄┄┄┄┄┄┄┄┄┄┄┄┄┄┄┄┄┄┄┄┄┄┄┄┄┄┄┄┄┄┄┄┄┄┄┄┄┄┄┄┄┄┄┄┄┄┄┄┄┄┄┄┄┄┄┄┄┄┄┄┄┄┄┄┄┄┄┄┄┄┄┄┄┄┄┄┄┄┄┄┄┄┄┄┄┄┄┄┄[0m
[38;5;12m│ 💡 [level=debug] AppLogger initialized[0m
[38;5;12m└───────────────────────────────────────────────────────────────────────────────────────────────────────────────────────[0m
[38;5;12m┌───────────────────────────────────────────────────────────────────────────────────────────────────────────────────────[0m
[38;5;12m│ #0   AppLogger.info (package:servisio_core/core/utils/app_logger.dart:59:12)[0m
[38;5;12m│ #1   AppLogger.init (package:servisio_core/core/utils/app_logger.dart:39:5)[0m
[38;5;12m├┄┄┄┄┄┄┄┄┄┄┄┄┄┄┄┄┄┄┄┄┄┄┄┄┄┄┄┄┄┄┄┄┄┄┄┄┄┄┄┄┄┄┄┄┄┄┄┄┄┄┄┄┄┄┄┄┄┄┄┄┄┄┄┄┄┄┄┄┄┄┄┄┄┄┄┄┄┄┄┄┄┄┄┄┄┄┄┄┄┄┄┄┄┄┄┄┄┄┄┄┄┄┄┄┄┄┄┄┄┄┄┄┄┄┄┄┄┄┄[0m
[38;5;12m│ 2026-04-22 19:14:01.362[0m
[38;5;12m├┄┄┄┄┄┄┄┄┄┄┄┄┄┄┄┄┄┄┄┄┄┄┄┄┄┄┄┄┄┄┄┄┄┄┄┄┄┄┄┄┄┄┄┄┄┄┄┄┄┄┄┄┄┄┄┄┄┄┄┄┄┄┄┄┄┄┄┄┄┄┄┄┄┄┄┄┄┄┄┄┄┄┄┄┄┄┄┄┄┄┄┄┄┄┄┄┄┄┄┄┄┄┄┄┄┄┄┄┄┄┄┄┄┄┄┄┄┄┄[0m
[38;5;12m│ 💡 [level=debug] AppLogger initialized[0m
[38;5;12m└───────────────────────────────────────────────────────────────────────────────────────────────────────────────────────[0m
[38;5;208m┌───────────────────────────────────────────────────────────────────────────────────────────────────────────────────────[0m
[38;5;208m│ #0   AppLogger.warning (package:servisio_core/core/utils/app_logger.dart:65:12)[0m
[38;5;208m│ #1   LoggerExtension.logWarning (package:servisio_core/core/utils/app_logger.dart:143:15)[0m
[38;5;208m├┄┄┄┄┄┄┄┄┄┄┄┄┄┄┄┄┄┄┄┄┄┄┄┄┄┄┄┄┄┄┄┄┄┄┄┄┄┄┄┄┄┄┄┄┄┄┄┄┄┄┄┄┄┄┄┄┄┄┄┄┄┄┄┄┄┄┄┄┄┄┄┄┄┄┄┄┄┄┄┄┄┄┄┄┄┄┄┄┄┄┄┄┄┄┄┄┄┄┄┄┄┄┄┄┄┄┄┄┄┄┄┄┄┄┄┄┄┄┄[0m
[38;5;208m│ 2026-04-22 19:14:01.389[0m
[38;5;208m├┄┄┄┄┄┄┄┄┄┄┄┄┄┄┄┄┄┄┄┄┄┄┄┄┄┄┄┄┄┄┄┄┄┄┄┄┄┄┄┄┄┄┄┄┄┄┄┄┄┄┄┄┄┄┄┄┄┄┄┄┄┄┄┄┄┄┄┄┄┄┄┄┄┄┄┄┄┄┄┄┄┄┄┄┄┄┄┄┄┄┄┄┄┄┄┄┄┄┄┄┄┄┄┄┄┄┄┄┄┄┄┄┄┄┄┄┄┄┄[0m
[38;5;208m│ ⚠️ [count=1] Biometric failure count incremented[0m
[38;5;208m└───────────────────────────────────────────────────────────────────────────────────────────────────────────────────────[0m
[38;5;208m┌───────────────────────────────────────────────────────────────────────────────────────────────────────────────────────[0m
[38;5;208m│ #0   AppLogger.warning (package:servisio_core/core/utils/app_logger.dart:65:12)[0m
[38;5;208m│ #1   LoggerExtension.logWarning (package:servisio_core/core/utils/app_logger.dart:143:15)[0m
[38;5;208m├┄┄┄┄┄┄┄┄┄┄┄┄┄┄┄┄┄┄┄┄┄┄┄┄┄┄┄┄┄┄┄┄┄┄┄┄┄┄┄┄┄┄┄┄┄┄┄┄┄┄┄┄┄┄┄┄┄┄┄┄┄┄┄┄┄┄┄┄┄┄┄┄┄┄┄┄┄┄┄┄┄┄┄┄┄┄┄┄┄┄┄┄┄┄┄┄┄┄┄┄┄┄┄┄┄┄┄┄┄┄┄┄┄┄┄┄┄┄┄[0m
[38;5;208m│ 2026-04-22 19:14:01.389[0m
[38;5;208m├┄┄┄┄┄┄┄┄┄┄┄┄┄┄┄┄┄┄┄┄┄┄┄┄┄┄┄┄┄┄┄┄┄┄┄┄┄┄┄┄┄┄┄┄┄┄┄┄┄┄┄┄┄┄┄┄┄┄┄┄┄┄┄┄┄┄┄┄┄┄┄┄┄┄┄┄┄┄┄┄┄┄┄┄┄┄┄┄┄┄┄┄┄┄┄┄┄┄┄┄┄┄┄┄┄┄┄┄┄┄┄┄┄┄┄┄┄┄┄[0m
[38;5;208m│ ⚠️ [count=1] Biometric failure count incremented[0m
[38;5;208m└───────────────────────────────────────────────────────────────────────────────────────────────────────────────────────[0m
[38;5;208m┌───────────────────────────────────────────────────────────────────────────────────────────────────────────────────────[0m
[38;5;208m│ #0   AppLogger.warning (package:servisio_core/core/utils/app_logger.dart:65:12)[0m
[38;5;208m│ #1   LoggerExtension.logWarning (package:servisio_core/core/utils/app_logger.dart:143:15)[0m
[38;5;208m├┄┄┄┄┄┄┄┄┄┄┄┄┄┄┄┄┄┄┄┄┄┄┄┄┄┄┄┄┄┄┄┄┄┄┄┄┄┄┄┄┄┄┄┄┄┄┄┄┄┄┄┄┄┄┄┄┄┄┄┄┄┄┄┄┄┄┄┄┄┄┄┄┄┄┄┄┄┄┄┄┄┄┄┄┄┄┄┄┄┄┄┄┄┄┄┄┄┄┄┄┄┄┄┄┄┄┄┄┄┄┄┄┄┄┄┄┄┄┄[0m
[38;5;208m│ 2026-04-22 19:14:02.398[0m
[38;5;208m├┄┄┄┄┄┄┄┄┄┄┄┄┄┄┄┄┄┄┄┄┄┄┄┄┄┄┄┄┄┄┄┄┄┄┄┄┄┄┄┄┄┄┄┄┄┄┄┄┄┄┄┄┄┄┄┄┄┄┄┄┄┄┄┄┄┄┄┄┄┄┄┄┄┄┄┄┄┄┄┄┄┄┄┄┄┄┄┄┄┄┄┄┄┄┄┄┄┄┄┄┄┄┄┄┄┄┄┄┄┄┄┄┄┄┄┄┄┄┄[0m
[38;5;208m│ ⚠️ [count=2] Biometric failure count incremented[0m
[38;5;208m└───────────────────────────────────────────────────────────────────────────────────────────────────────────────────────[0m
[38;5;208m┌───────────────────────────────────────────────────────────────────────────────────────────────────────────────────────[0m
[38;5;208m│ #0   AppLogger.warning (package:servisio_core/core/utils/app_logger.dart:65:12)[0m
[38;5;208m│ #1   LoggerExtension.logWarning (package:servisio_core/core/utils/app_logger.dart:143:15)[0m
[38;5;208m├┄┄┄┄┄┄┄┄┄┄┄┄┄┄┄┄┄┄┄┄┄┄┄┄┄┄┄┄┄┄┄┄┄┄┄┄┄┄┄┄┄┄┄┄┄┄┄┄┄┄┄┄┄┄┄┄┄┄┄┄┄┄┄┄┄┄┄┄┄┄┄┄┄┄┄┄┄┄┄┄┄┄┄┄┄┄┄┄┄┄┄┄┄┄┄┄┄┄┄┄┄┄┄┄┄┄┄┄┄┄┄┄┄┄┄┄┄┄┄[0m
[38;5;208m│ 2026-04-22 19:14:02.398[0m
[38;5;208m├┄┄┄┄┄┄┄┄┄┄┄┄┄┄┄┄┄┄┄┄┄┄┄┄┄┄┄┄┄┄┄┄┄┄┄┄┄┄┄┄┄┄┄┄┄┄┄┄┄┄┄┄┄┄┄┄┄┄┄┄┄┄┄┄┄┄┄┄┄┄┄┄┄┄┄┄┄┄┄┄┄┄┄┄┄┄┄┄┄┄┄┄┄┄┄┄┄┄┄┄┄┄┄┄┄┄┄┄┄┄┄┄┄┄┄┄┄┄┄[0m
[38;5;208m│ ⚠️ [count=2] Biometric failure count incremented[0m
[38;5;208m└───────────────────────────────────────────────────────────────────────────────────────────────────────────────────────[0m
[38;5;208m┌───────────────────────────────────────────────────────────────────────────────────────────────────────────────────────[0m
[38;5;208m│ #0   AppLogger.warning (package:servisio_core/core/utils/app_logger.dart:65:12)[0m
[38;5;208m│ #1   LoggerExtension.logWarning (package:servisio_core/core/utils/app_logger.dart:143:15)[0m
[38;5;208m├┄┄┄┄┄┄┄┄┄┄┄┄┄┄┄┄┄┄┄┄┄┄┄┄┄┄┄┄┄┄┄┄┄┄┄┄┄┄┄┄┄┄┄┄┄┄┄┄┄┄┄┄┄┄┄┄┄┄┄┄┄┄┄┄┄┄┄┄┄┄┄┄┄┄┄┄┄┄┄┄┄┄┄┄┄┄┄┄┄┄┄┄┄┄┄┄┄┄┄┄┄┄┄┄┄┄┄┄┄┄┄┄┄┄┄┄┄┄┄[0m
[38;5;208m│ 2026-04-22 19:14:03.401[0m
[38;5;208m├┄┄┄┄┄┄┄┄┄┄┄┄┄┄┄┄┄┄┄┄┄┄┄┄┄┄┄┄┄┄┄┄┄┄┄┄┄┄┄┄┄┄┄┄┄┄┄┄┄┄┄┄┄┄┄┄┄┄┄┄┄┄┄┄┄┄┄┄┄┄┄┄┄┄┄┄┄┄┄┄┄┄┄┄┄┄┄┄┄┄┄┄┄┄┄┄┄┄┄┄┄┄┄┄┄┄┄┄┄┄┄┄┄┄┄┄┄┄┄[0m
[38;5;208m│ ⚠️ [count=3] Biometric failure count incremented[0m
[38;5;208m└───────────────────────────────────────────────────────────────────────────────────────────────────────────────────────[0m
[38;5;208m┌───────────────────────────────────────────────────────────────────────────────────────────────────────────────────────[0m
[38;5;208m│ #0   AppLogger.warning (package:servisio_core/core/utils/app_logger.dart:65:12)[0m
[38;5;208m│ #1   LoggerExtension.logWarning (package:servisio_core/core/utils/app_logger.dart:143:15)[0m
[38;5;208m├┄┄┄┄┄┄┄┄┄┄┄┄┄┄┄┄┄┄┄┄┄┄┄┄┄┄┄┄┄┄┄┄┄┄┄┄┄┄┄┄┄┄┄┄┄┄┄┄┄┄┄┄┄┄┄┄┄┄┄┄┄┄┄┄┄┄┄┄┄┄┄┄┄┄┄┄┄┄┄┄┄┄┄┄┄┄┄┄┄┄┄┄┄┄┄┄┄┄┄┄┄┄┄┄┄┄┄┄┄┄┄┄┄┄┄┄┄┄┄[0m
[38;5;208m│ 2026-04-22 19:14:03.401[0m
[38;5;208m├┄┄┄┄┄┄┄┄┄┄┄┄┄┄┄┄┄┄┄┄┄┄┄┄┄┄┄┄┄┄┄┄┄┄┄┄┄┄┄┄┄┄┄┄┄┄┄┄┄┄┄┄┄┄┄┄┄┄┄┄┄┄┄┄┄┄┄┄┄┄┄┄┄┄┄┄┄┄┄┄┄┄┄┄┄┄┄┄┄┄┄┄┄┄┄┄┄┄┄┄┄┄┄┄┄┄┄┄┄┄┄┄┄┄┄┄┄┄┄[0m
[38;5;208m│ ⚠️ [count=3] Biometric failure count incremented[0m
[38;5;208m└───────────────────────────────────────────────────────────────────────────────────────────────────────────────────────[0m
[38;5;208m┌───────────────────────────────────────────────────────────────────────────────────────────────────────────────────────[0m
[38;5;208m│ #0   AppLogger.warning (package:servisio_core/core/utils/app_logger.dart:65:12)[0m
[38;5;208m│ #1   LoggerExtension.logWarning (package:servisio_core/core/utils/app_logger.dart:143:15)[0m
[38;5;208m├┄┄┄┄┄┄┄┄┄┄┄┄┄┄┄┄┄┄┄┄┄┄┄┄┄┄┄┄┄┄┄┄┄┄┄┄┄┄┄┄┄┄┄┄┄┄┄┄┄┄┄┄┄┄┄┄┄┄┄┄┄┄┄┄┄┄┄┄┄┄┄┄┄┄┄┄┄┄┄┄┄┄┄┄┄┄┄┄┄┄┄┄┄┄┄┄┄┄┄┄┄┄┄┄┄┄┄┄┄┄┄┄┄┄┄┄┄┄┄[0m
[38;5;208m│ 2026-04-22 19:14:03.409[0m
[38;5;208m├┄┄┄┄┄┄┄┄┄┄┄┄┄┄┄┄┄┄┄┄┄┄┄┄┄┄┄┄┄┄┄┄┄┄┄┄┄┄┄┄┄┄┄┄┄┄┄┄┄┄┄┄┄┄┄┄┄┄┄┄┄┄┄┄┄┄┄┄┄┄┄┄┄┄┄┄┄┄┄┄┄┄┄┄┄┄┄┄┄┄┄┄┄┄┄┄┄┄┄┄┄┄┄┄┄┄┄┄┄┄┄┄┄┄┄┄┄┄┄[0m
[38;5;208m│ ⚠️ [count=4] Biometric failure count incremented[0m
[38;5;208m└───────────────────────────────────────────────────────────────────────────────────────────────────────────────────────[0m
[38;5;208m┌───────────────────────────────────────────────────────────────────────────────────────────────────────────────────────[0m
[38;5;208m│ #0   AppLogger.warning (package:servisio_core/core/utils/app_logger.dart:65:12)[0m
[38;5;208m│ #1   LoggerExtension.logWarning (package:servisio_core/core/utils/app_logger.dart:143:15)[0m
[38;5;208m├┄┄┄┄┄┄┄┄┄┄┄┄┄┄┄┄┄┄┄┄┄┄┄┄┄┄┄┄┄┄┄┄┄┄┄┄┄┄┄┄┄┄┄┄┄┄┄┄┄┄┄┄┄┄┄┄┄┄┄┄┄┄┄┄┄┄┄┄┄┄┄┄┄┄┄┄┄┄┄┄┄┄┄┄┄┄┄┄┄┄┄┄┄┄┄┄┄┄┄┄┄┄┄┄┄┄┄┄┄┄┄┄┄┄┄┄┄┄┄[0m
[38;5;208m│ 2026-04-22 19:14:03.409[0m
[38;5;208m├┄┄┄┄┄┄┄┄┄┄┄┄┄┄┄┄┄┄┄┄┄┄┄┄┄┄┄┄┄┄┄┄┄┄┄┄┄┄┄┄┄┄┄┄┄┄┄┄┄┄┄┄┄┄┄┄┄┄┄┄┄┄┄┄┄┄┄┄┄┄┄┄┄┄┄┄┄┄┄┄┄┄┄┄┄┄┄┄┄┄┄┄┄┄┄┄┄┄┄┄┄┄┄┄┄┄┄┄┄┄┄┄┄┄┄┄┄┄┄[0m
[38;5;208m│ ⚠️ [count=4] Biometric failure count incremented[0m
[38;5;208m└───────────────────────────────────────────────────────────────────────────────────────────────────────────────────────[0m
[38;5;208m┌───────────────────────────────────────────────────────────────────────────────────────────────────────────────────────[0m
[38;5;208m│ #0   AppLogger.warning (package:servisio_core/core/utils/app_logger.dart:65:12)[0m
[38;5;208m│ #1   LoggerExtension.logWarning (package:servisio_core/core/utils/app_logger.dart:143:15)[0m
[38;5;208m├┄┄┄┄┄┄┄┄┄┄┄┄┄┄┄┄┄┄┄┄┄┄┄┄┄┄┄┄┄┄┄┄┄┄┄┄┄┄┄┄┄┄┄┄┄┄┄┄┄┄┄┄┄┄┄┄┄┄┄┄┄┄┄┄┄┄┄┄┄┄┄┄┄┄┄┄┄┄┄┄┄┄┄┄┄┄┄┄┄┄┄┄┄┄┄┄┄┄┄┄┄┄┄┄┄┄┄┄┄┄┄┄┄┄┄┄┄┄┄[0m
[38;5;208m│ 2026-04-22 19:14:03.410[0m
[38;5;208m├┄┄┄┄┄┄┄┄┄┄┄┄┄┄┄┄┄┄┄┄┄┄┄┄┄┄┄┄┄┄┄┄┄┄┄┄┄┄┄┄┄┄┄┄┄┄┄┄┄┄┄┄┄┄┄┄┄┄┄┄┄┄┄┄┄┄┄┄┄┄┄┄┄┄┄┄┄┄┄┄┄┄┄┄┄┄┄┄┄┄┄┄┄┄┄┄┄┄┄┄┄┄┄┄┄┄┄┄┄┄┄┄┄┄┄┄┄┄┄[0m
[38;5;208m│ ⚠️ [count=5] Biometric failure count incremented[0m
[38;5;208m└───────────────────────────────────────────────────────────────────────────────────────────────────────────────────────[0m
[38;5;208m┌───────────────────────────────────────────────────────────────────────────────────────────────────────────────────────[0m
[38;5;208m│ #0   AppLogger.warning (package:servisio_core/core/utils/app_logger.dart:65:12)[0m
[38;5;208m│ #1   LoggerExtension.logWarning (package:servisio_core/core/utils/app_logger.dart:143:15)[0m
[38;5;208m├┄┄┄┄┄┄┄┄┄┄┄┄┄┄┄┄┄┄┄┄┄┄┄┄┄┄┄┄┄┄┄┄┄┄┄┄┄┄┄┄┄┄┄┄┄┄┄┄┄┄┄┄┄┄┄┄┄┄┄┄┄┄┄┄┄┄┄┄┄┄┄┄┄┄┄┄┄┄┄┄┄┄┄┄┄┄┄┄┄┄┄┄┄┄┄┄┄┄┄┄┄┄┄┄┄┄┄┄┄┄┄┄┄┄┄┄┄┄┄[0m
[38;5;208m│ 2026-04-22 19:14:03.410[0m
[38;5;208m├┄┄┄┄┄┄┄┄┄┄┄┄┄┄┄┄┄┄┄┄┄┄┄┄┄┄┄┄┄┄┄┄┄┄┄┄┄┄┄┄┄┄┄┄┄┄┄┄┄┄┄┄┄┄┄┄┄┄┄┄┄┄┄┄┄┄┄┄┄┄┄┄┄┄┄┄┄┄┄┄┄┄┄┄┄┄┄┄┄┄┄┄┄┄┄┄┄┄┄┄┄┄┄┄┄┄┄┄┄┄┄┄┄┄┄┄┄┄┄[0m
[38;5;208m│ ⚠️ [count=5] Biometric failure count incremented[0m
[38;5;208m└───────────────────────────────────────────────────────────────────────────────────────────────────────────────────────[0m
[38;5;12m┌───────────────────────────────────────────────────────────────────────────────────────────────────────────────────────[0m
[38;5;12m│ #0   AppLogger.info (package:servisio_core/core/utils/app_logger.dart:59:12)[0m
[38;5;12m│ #1   LoggerExtension.logInfo (package:servisio_core/core/utils/app_logger.dart:139:15)[0m
[38;5;12m├┄┄┄┄┄┄┄┄┄┄┄┄┄┄┄┄┄┄┄┄┄┄┄┄┄┄┄┄┄┄┄┄┄┄┄┄┄┄┄┄┄┄┄┄┄┄┄┄┄┄┄┄┄┄┄┄┄┄┄┄┄┄┄┄┄┄┄┄┄┄┄┄┄┄┄┄┄┄┄┄┄┄┄┄┄┄┄┄┄┄┄┄┄┄┄┄┄┄┄┄┄┄┄┄┄┄┄┄┄┄┄┄┄┄┄┄┄┄┄[0m
[38;5;12m│ 2026-04-22 19:14:03.413[0m
[38;5;12m├┄┄┄┄┄┄┄┄┄┄┄┄┄┄┄┄┄┄┄┄┄┄┄┄┄┄┄┄┄┄┄┄┄┄┄┄┄┄┄┄┄┄┄┄┄┄┄┄┄┄┄┄┄┄┄┄┄┄┄┄┄┄┄┄┄┄┄┄┄┄┄┄┄┄┄┄┄┄┄┄┄┄┄┄┄┄┄┄┄┄┄┄┄┄┄┄┄┄┄┄┄┄┄┄┄┄┄┄┄┄┄┄┄┄┄┄┄┄┄[0m
[38;5;12m│ 💡 [BiometricService] Biometric failure counters reset[0m
[38;5;12m└───────────────────────────────────────────────────────────────────────────────────────────────────────────────────────[0m
[38;5;12m┌───────────────────────────────────────────────────────────────────────────────────────────────────────────────────────[0m
[38;5;12m│ #0   AppLogger.info (package:servisio_core/core/utils/app_logger.dart:59:12)[0m
[38;5;12m│ #1   LoggerExtension.logInfo (package:servisio_core/core/utils/app_logger.dart:139:15)[0m
[38;5;12m├┄┄┄┄┄┄┄┄┄┄┄┄┄┄┄┄┄┄┄┄┄┄┄┄┄┄┄┄┄┄┄┄┄┄┄┄┄┄┄┄┄┄┄┄┄┄┄┄┄┄┄┄┄┄┄┄┄┄┄┄┄┄┄┄┄┄┄┄┄┄┄┄┄┄┄┄┄┄┄┄┄┄┄┄┄┄┄┄┄┄┄┄┄┄┄┄┄┄┄┄┄┄┄┄┄┄┄┄┄┄┄┄┄┄┄┄┄┄┄[0m
[38;5;12m│ 2026-04-22 19:14:03.413[0m
[38;5;12m├┄┄┄┄┄┄┄┄┄┄┄┄┄┄┄┄┄┄┄┄┄┄┄┄┄┄┄┄┄┄┄┄┄┄┄┄┄┄┄┄┄┄┄┄┄┄┄┄┄┄┄┄┄┄┄┄┄┄┄┄┄┄┄┄┄┄┄┄┄┄┄┄┄┄┄┄┄┄┄┄┄┄┄┄┄┄┄┄┄┄┄┄┄┄┄┄┄┄┄┄┄┄┄┄┄┄┄┄┄┄┄┄┄┄┄┄┄┄┄[0m
[38;5;12m│ 💡 [BiometricService] Biometric failure counters reset[0m
[38;5;12m└───────────────────────────────────────────────────────────────────────────────────────────────────────────────────────[0m
[38;5;12m┌───────────────────────────────────────────────────────────────────────────────────────────────────────────────────────[0m
[38;5;12m│ #0   AppLogger.info (package:servisio_core/core/utils/app_logger.dart:59:12)[0m
[38;5;12m│ #1   LoggerExtension.logInfo (package:servisio_core/core/utils/app_logger.dart:139:15)[0m
[38;5;12m├┄┄┄┄┄┄┄┄┄┄┄┄┄┄┄┄┄┄┄┄┄┄┄┄┄┄┄┄┄┄┄┄┄┄┄┄┄┄┄┄┄┄┄┄┄┄┄┄┄┄┄┄┄┄┄┄┄┄┄┄┄┄┄┄┄┄┄┄┄┄┄┄┄┄┄┄┄┄┄┄┄┄┄┄┄┄┄┄┄┄┄┄┄┄┄┄┄┄┄┄┄┄┄┄┄┄┄┄┄┄┄┄┄┄┄┄┄┄┄[0m
[38;5;12m│ 2026-04-22 19:14:03.414[0m
[38;5;12m├┄┄┄┄┄┄┄┄┄┄┄┄┄┄┄┄┄┄┄┄┄┄┄┄┄┄┄┄┄┄┄┄┄┄┄┄┄┄┄┄┄┄┄┄┄┄┄┄┄┄┄┄┄┄┄┄┄┄┄┄┄┄┄┄┄┄┄┄┄┄┄┄┄┄┄┄┄┄┄┄┄┄┄┄┄┄┄┄┄┄┄┄┄┄┄┄┄┄┄┄┄┄┄┄┄┄┄┄┄┄┄┄┄┄┄┄┄┄┄[0m
[38;5;12m│ 💡 [attempt=0] Biometric verified[0m
[38;5;12m└───────────────────────────────────────────────────────────────────────────────────────────────────────────────────────[0m
[38;5;12m┌───────────────────────────────────────────────────────────────────────────────────────────────────────────────────────[0m
[38;5;12m│ #0   AppLogger.info (package:servisio_core/core/utils/app_logger.dart:59:12)[0m
[38;5;12m│ #1   LoggerExtension.logInfo (package:servisio_core/core/utils/app_logger.dart:139:15)[0m
[38;5;12m├┄┄┄┄┄┄┄┄┄┄┄┄┄┄┄┄┄┄┄┄┄┄┄┄┄┄┄┄┄┄┄┄┄┄┄┄┄┄┄┄┄┄┄┄┄┄┄┄┄┄┄┄┄┄┄┄┄┄┄┄┄┄┄┄┄┄┄┄┄┄┄┄┄┄┄┄┄┄┄┄┄┄┄┄┄┄┄┄┄┄┄┄┄┄┄┄┄┄┄┄┄┄┄┄┄┄┄┄┄┄┄┄┄┄┄┄┄┄┄[0m
[38;5;12m│ 2026-04-22 19:14:03.414[0m
[38;5;12m├┄┄┄┄┄┄┄┄┄┄┄┄┄┄┄┄┄┄┄┄┄┄┄┄┄┄┄┄┄┄┄┄┄┄┄┄┄┄┄┄┄┄┄┄┄┄┄┄┄┄┄┄┄┄┄┄┄┄┄┄┄┄┄┄┄┄┄┄┄┄┄┄┄┄┄┄┄┄┄┄┄┄┄┄┄┄┄┄┄┄┄┄┄┄┄┄┄┄┄┄┄┄┄┄┄┄┄┄┄┄┄┄┄┄┄┄┄┄┄[0m
[38;5;12m│ 💡 [attempt=0] Biometric verified[0m
[38;5;12m└───────────────────────────────────────────────────────────────────────────────────────────────────────────────────────[0m
[38;5;12m┌───────────────────────────────────────────────────────────────────────────────────────────────────────────────────────[0m
[38;5;12m│ #0   AppLogger.info (package:servisio_core/core/utils/app_logger.dart:59:12)[0m
[38;5;12m│ #1   LoggerExtension.logInfo (package:servisio_core/core/utils/app_logger.dart:139:15)[0m
[38;5;12m├┄┄┄┄┄┄┄┄┄┄┄┄┄┄┄┄┄┄┄┄┄┄┄┄┄┄┄┄┄┄┄┄┄┄┄┄┄┄┄┄┄┄┄┄┄┄┄┄┄┄┄┄┄┄┄┄┄┄┄┄┄┄┄┄┄┄┄┄┄┄┄┄┄┄┄┄┄┄┄┄┄┄┄┄┄┄┄┄┄┄┄┄┄┄┄┄┄┄┄┄┄┄┄┄┄┄┄┄┄┄┄┄┄┄┄┄┄┄┄[0m
[38;5;12m│ 2026-04-22 19:14:03.414[0m
[38;5;12m├┄┄┄┄┄┄┄┄┄┄┄┄┄┄┄┄┄┄┄┄┄┄┄┄┄┄┄┄┄┄┄┄┄┄┄┄┄┄┄┄┄┄┄┄┄┄┄┄┄┄┄┄┄┄┄┄┄┄┄┄┄┄┄┄┄┄┄┄┄┄┄┄┄┄┄┄┄┄┄┄┄┄┄┄┄┄┄┄┄┄┄┄┄┄┄┄┄┄┄┄┄┄┄┄┄┄┄┄┄┄┄┄┄┄┄┄┄┄┄[0m
[38;5;12m│ 💡 [BiometricService] Biometric failure counters reset[0m
[38;5;12m└───────────────────────────────────────────────────────────────────────────────────────────────────────────────────────[0m
[38;5;12m┌───────────────────────────────────────────────────────────────────────────────────────────────────────────────────────[0m
[38;5;12m│ #0   AppLogger.info (package:servisio_core/core/utils/app_logger.dart:59:12)[0m
[38;5;12m│ #1   LoggerExtension.logInfo (package:servisio_core/core/utils/app_logger.dart:139:15)[0m
[38;5;12m├┄┄┄┄┄┄┄┄┄┄┄┄┄┄┄┄┄┄┄┄┄┄┄┄┄┄┄┄┄┄┄┄┄┄┄┄┄┄┄┄┄┄┄┄┄┄┄┄┄┄┄┄┄┄┄┄┄┄┄┄┄┄┄┄┄┄┄┄┄┄┄┄┄┄┄┄┄┄┄┄┄┄┄┄┄┄┄┄┄┄┄┄┄┄┄┄┄┄┄┄┄┄┄┄┄┄┄┄┄┄┄┄┄┄┄┄┄┄┄[0m
[38;5;12m│ 2026-04-22 19:14:03.414[0m
[38;5;12m├┄┄┄┄┄┄┄┄┄┄┄┄┄┄┄┄┄┄┄┄┄┄┄┄┄┄┄┄┄┄┄┄┄┄┄┄┄┄┄┄┄┄┄┄┄┄┄┄┄┄┄┄┄┄┄┄┄┄┄┄┄┄┄┄┄┄┄┄┄┄┄┄┄┄┄┄┄┄┄┄┄┄┄┄┄┄┄┄┄┄┄┄┄┄┄┄┄┄┄┄┄┄┄┄┄┄┄┄┄┄┄┄┄┄┄┄┄┄┄[0m
[38;5;12m│ 💡 [BiometricService] Biometric failure counters reset[0m
[38;5;12m└───────────────────────────────────────────────────────────────────────────────────────────────────────────────────────[0m
00:14 +24 -1: C:/Users/fabian nuriel/ServisLog_core_1.2/test/core/services/biometric_service_test.dart: BiometricService Tests PIN storage ensures cross-bengkel isolation
[38;5;12m┌───────────────────────────────────────────────────────────────────────────────────────────────────────────────────────[0m
[38;5;12m│ #0   AppLogger.info (package:servisio_core/core/utils/app_logger.dart:59:12)[0m
[38;5;12m│ #1   LoggerExtension.logInfo (package:servisio_core/core/utils/app_logger.dart:139:15)[0m
[38;5;12m├┄┄┄┄┄┄┄┄┄┄┄┄┄┄┄┄┄┄┄┄┄┄┄┄┄┄┄┄┄┄┄┄┄┄┄┄┄┄┄┄┄┄┄┄┄┄┄┄┄┄┄┄┄┄┄┄┄┄┄┄┄┄┄┄┄┄┄┄┄┄┄┄┄┄┄┄┄┄┄┄┄┄┄┄┄┄┄┄┄┄┄┄┄┄┄┄┄┄┄┄┄┄┄┄┄┄┄┄┄┄┄┄┄┄┄┄┄┄┄[0m
[38;5;12m│ 2026-04-22 19:14:04.129[0m
[38;5;12m├┄┄┄┄┄┄┄┄┄┄┄┄┄┄┄┄┄┄┄┄┄┄┄┄┄┄┄┄┄┄┄┄┄┄┄┄┄┄┄┄┄┄┄┄┄┄┄┄┄┄┄┄┄┄┄┄┄┄┄┄┄┄┄┄┄┄┄┄┄┄┄┄┄┄┄┄┄┄┄┄┄┄┄┄┄┄┄┄┄┄┄┄┄┄┄┄┄┄┄┄┄┄┄┄┄┄┄┄┄┄┄┄┄┄┄┄┄┄┄[0m
[38;5;12m│ 💡 [BiometricService] Biometric PIN hashed and saved[0m
[38;5;12m└───────────────────────────────────────────────────────────────────────────────────────────────────────────────────────[0m
[38;5;12m┌───────────────────────────────────────────────────────────────────────────────────────────────────────────────────────[0m
[38;5;12m│ #0   AppLogger.info (package:servisio_core/core/utils/app_logger.dart:59:12)[0m
[38;5;12m│ #1   LoggerExtension.logInfo (package:servisio_core/core/utils/app_logger.dart:139:15)[0m
[38;5;12m├┄┄┄┄┄┄┄┄┄┄┄┄┄┄┄┄┄┄┄┄┄┄┄┄┄┄┄┄┄┄┄┄┄┄┄┄┄┄┄┄┄┄┄┄┄┄┄┄┄┄┄┄┄┄┄┄┄┄┄┄┄┄┄┄┄┄┄┄┄┄┄┄┄┄┄┄┄┄┄┄┄┄┄┄┄┄┄┄┄┄┄┄┄┄┄┄┄┄┄┄┄┄┄┄┄┄┄┄┄┄┄┄┄┄┄┄┄┄┄[0m
[38;5;12m│ 2026-04-22 19:14:04.129[0m
[38;5;12m├┄┄┄┄┄┄┄┄┄┄┄┄┄┄┄┄┄┄┄┄┄┄┄┄┄┄┄┄┄┄┄┄┄┄┄┄┄┄┄┄┄┄┄┄┄┄┄┄┄┄┄┄┄┄┄┄┄┄┄┄┄┄┄┄┄┄┄┄┄┄┄┄┄┄┄┄┄┄┄┄┄┄┄┄┄┄┄┄┄┄┄┄┄┄┄┄┄┄┄┄┄┄┄┄┄┄┄┄┄┄┄┄┄┄┄┄┄┄┄[0m
[38;5;12m│ 💡 [BiometricService] Biometric PIN hashed and saved[0m
[38;5;12m└───────────────────────────────────────────────────────────────────────────────────────────────────────────────────────[0m
00:14 +25 -1: C:/Users/fabian nuriel/ServisLog_core_1.2/test/core/services/biometric_service_test.dart: BiometricService Tests PlatformException handles fatal hardware errors correctly
[38;5;208m┌───────────────────────────────────────────────────────────────────────────────────────────────────────────────────────[0m
[38;5;208m│ LockedOut[0m
[38;5;208m├┄┄┄┄┄┄┄┄┄┄┄┄┄┄┄┄┄┄┄┄┄┄┄┄┄┄┄┄┄┄┄┄┄┄┄┄┄┄┄┄┄┄┄┄┄┄┄┄┄┄┄┄┄┄┄┄┄┄┄┄┄┄┄┄┄┄┄┄┄┄┄┄┄┄┄┄┄┄┄┄┄┄┄┄┄┄┄┄┄┄┄┄┄┄┄┄┄┄┄┄┄┄┄┄┄┄┄┄┄┄┄┄┄┄┄┄┄┄┄[0m
[38;5;208m│ #0   AppLogger.warning (package:servisio_core/core/utils/app_logger.dart:65:12)[0m
[38;5;208m│ #1   LoggerExtension.logWarning (package:servisio_core/core/utils/app_logger.dart:143:15)[0m
[38;5;208m│ #2   BiometricService.verifyWithRetry (package:servisio_core/core/services/biometric_service.dart:188:9)[0m
[38;5;208m│ #3   <asynchronous suspension>[0m
[38;5;208m│ #4   main.<anonymous closure>.<anonymous closure> (file:///C:/Users/fabian%20nuriel/ServisLog_core_1.2/test/core/services/biometric_service_test.dart:101:20)[0m
[38;5;208m│ #5   <asynchronous suspension>[0m
[38;5;208m│ #6   Declarer.test.<anonymous closure>.<anonymous closure> (package:test_api/src/backend/declarer.dart:253:15)[0m
[38;5;208m│ #7   <asynchronous suspension>[0m
[38;5;208m├┄┄┄┄┄┄┄┄┄┄┄┄┄┄┄┄┄┄┄┄┄┄┄┄┄┄┄┄┄┄┄┄┄┄┄┄┄┄┄┄┄┄┄┄┄┄┄┄┄┄┄┄┄┄┄┄┄┄┄┄┄┄┄┄┄┄┄┄┄┄┄┄┄┄┄┄┄┄┄┄┄┄┄┄┄┄┄┄┄┄┄┄┄┄┄┄┄┄┄┄┄┄┄┄┄┄┄┄┄┄┄┄┄┄┄┄┄┄┄[0m
[38;5;208m│ 2026-04-22 19:14:04.162[0m
[38;5;208m├┄┄┄┄┄┄┄┄┄┄┄┄┄┄┄┄┄┄┄┄┄┄┄┄┄┄┄┄┄┄┄┄┄┄┄┄┄┄┄┄┄┄┄┄┄┄┄┄┄┄┄┄┄┄┄┄┄┄┄┄┄┄┄┄┄┄┄┄┄┄┄┄┄┄┄┄┄┄┄┄┄┄┄┄┄┄┄┄┄┄┄┄┄┄┄┄┄┄┄┄┄┄┄┄┄┄┄┄┄┄┄┄┄┄┄┄┄┄┄[0m
[38;5;208m│ ⚠️ [attempt=1] Biometric PlatformException[0m
[38;5;208m└───────────────────────────────────────────────────────────────────────────────────────────────────────────────────────[0m
[38;5;208m┌───────────────────────────────────────────────────────────────────────────────────────────────────────────────────────[0m
[38;5;208m│ LockedOut[0m
[38;5;208m├┄┄┄┄┄┄┄┄┄┄┄┄┄┄┄┄┄┄┄┄┄┄┄┄┄┄┄┄┄┄┄┄┄┄┄┄┄┄┄┄┄┄┄┄┄┄┄┄┄┄┄┄┄┄┄┄┄┄┄┄┄┄┄┄┄┄┄┄┄┄┄┄┄┄┄┄┄┄┄┄┄┄┄┄┄┄┄┄┄┄┄┄┄┄┄┄┄┄┄┄┄┄┄┄┄┄┄┄┄┄┄┄┄┄┄┄┄┄┄[0m
[38;5;208m│ #0   AppLogger.warning (package:servisio_core/core/utils/app_logger.dart:65:12)[0m
[38;5;208m│ #1   LoggerExtension.logWarning (package:servisio_core/core/utils/app_logger.dart:143:15)[0m
[38;5;208m│ #2   BiometricService.verifyWithRetry (package:servisio_core/core/services/biometric_service.dart:188:9)[0m
[38;5;208m│ #3   <asynchronous suspension>[0m
[38;5;208m│ #4   main.<anonymous closure>.<anonymous closure> (file:///C:/Users/fabian%20nuriel/ServisLog_core_1.2/test/core/services/biometric_service_test.dart:101:20)[0m
[38;5;208m│ #5   <asynchronous suspension>[0m
[38;5;208m│ #6   Declarer.test.<anonymous closure>.<anonymous closure> (package:test_api/src/backend/declarer.dart:253:15)[0m
[38;5;208m│ #7   <asynchronous suspension>[0m
[38;5;208m├┄┄┄┄┄┄┄┄┄┄┄┄┄┄┄┄┄┄┄┄┄┄┄┄┄┄┄┄┄┄┄┄┄┄┄┄┄┄┄┄┄┄┄┄┄┄┄┄┄┄┄┄┄┄┄┄┄┄┄┄┄┄┄┄┄┄┄┄┄┄┄┄┄┄┄┄┄┄┄┄┄┄┄┄┄┄┄┄┄┄┄┄┄┄┄┄┄┄┄┄┄┄┄┄┄┄┄┄┄┄┄┄┄┄┄┄┄┄┄[0m
[38;5;208m│ 2026-04-22 19:14:04.162[0m
[38;5;208m├┄┄┄┄┄┄┄┄┄┄┄┄┄┄┄┄┄┄┄┄┄┄┄┄┄┄┄┄┄┄┄┄┄┄┄┄┄┄┄┄┄┄┄┄┄┄┄┄┄┄┄┄┄┄┄┄┄┄┄┄┄┄┄┄┄┄┄┄┄┄┄┄┄┄┄┄┄┄┄┄┄┄┄┄┄┄┄┄┄┄┄┄┄┄┄┄┄┄┄┄┄┄┄┄┄┄┄┄┄┄┄┄┄┄┄┄┄┄┄[0m
[38;5;208m│ ⚠️ [attempt=1] Biometric PlatformException[0m
[38;5;208m└───────────────────────────────────────────────────────────────────────────────────────────────────────────────────────[0m
[38;5;208m┌───────────────────────────────────────────────────────────────────────────────────────────────────────────────────────[0m
[38;5;208m│ NotAvailable[0m
[38;5;208m├┄┄┄┄┄┄┄┄┄┄┄┄┄┄┄┄┄┄┄┄┄┄┄┄┄┄┄┄┄┄┄┄┄┄┄┄┄┄┄┄┄┄┄┄┄┄┄┄┄┄┄┄┄┄┄┄┄┄┄┄┄┄┄┄┄┄┄┄┄┄┄┄┄┄┄┄┄┄┄┄┄┄┄┄┄┄┄┄┄┄┄┄┄┄┄┄┄┄┄┄┄┄┄┄┄┄┄┄┄┄┄┄┄┄┄┄┄┄┄[0m
[38;5;208m│ #0   AppLogger.warning (package:servisio_core/core/utils/app_logger.dart:65:12)[0m
[38;5;208m│ #1   LoggerExtension.logWarning (package:servisio_core/core/utils/app_logger.dart:143:15)[0m
[38;5;208m│ #2   BiometricService.verifyWithRetry (package:servisio_core/core/services/biometric_service.dart:188:9)[0m
[38;5;208m│ #3   <asynchronous suspension>[0m
[38;5;208m│ #4   main.<anonymous closure>.<anonymous closure> (file:///C:/Users/fabian%20nuriel/ServisLog_core_1.2/test/core/services/biometric_service_test.dart:108:20)[0m
[38;5;208m│ #5   <asynchronous suspension>[0m
[38;5;208m│ #6   Declarer.test.<anonymous closure>.<anonymous closure> (package:test_api/src/backend/declarer.dart:253:15)[0m
[38;5;208m│ #7   <asynchronous suspension>[0m
[38;5;208m├┄┄┄┄┄┄┄┄┄┄┄┄┄┄┄┄┄┄┄┄┄┄┄┄┄┄┄┄┄┄┄┄┄┄┄┄┄┄┄┄┄┄┄┄┄┄┄┄┄┄┄┄┄┄┄┄┄┄┄┄┄┄┄┄┄┄┄┄┄┄┄┄┄┄┄┄┄┄┄┄┄┄┄┄┄┄┄┄┄┄┄┄┄┄┄┄┄┄┄┄┄┄┄┄┄┄┄┄┄┄┄┄┄┄┄┄┄┄┄[0m
[38;5;208m│ 2026-04-22 19:14:04.164[0m
[38;5;208m├┄┄┄┄┄┄┄┄┄┄┄┄┄┄┄┄┄┄┄┄┄┄┄┄┄┄┄┄┄┄┄┄┄┄┄┄┄┄┄┄┄┄┄┄┄┄┄┄┄┄┄┄┄┄┄┄┄┄┄┄┄┄┄┄┄┄┄┄┄┄┄┄┄┄┄┄┄┄┄┄┄┄┄┄┄┄┄┄┄┄┄┄┄┄┄┄┄┄┄┄┄┄┄┄┄┄┄┄┄┄┄┄┄┄┄┄┄┄┄[0m
[38;5;208m│ ⚠️ [attempt=1] Biometric PlatformException[0m
[38;5;208m└───────────────────────────────────────────────────────────────────────────────────────────────────────────────────────[0m
[38;5;208m┌───────────────────────────────────────────────────────────────────────────────────────────────────────────────────────[0m
[38;5;208m│ NotAvailable[0m
[38;5;208m├┄┄┄┄┄┄┄┄┄┄┄┄┄┄┄┄┄┄┄┄┄┄┄┄┄┄┄┄┄┄┄┄┄┄┄┄┄┄┄┄┄┄┄┄┄┄┄┄┄┄┄┄┄┄┄┄┄┄┄┄┄┄┄┄┄┄┄┄┄┄┄┄┄┄┄┄┄┄┄┄┄┄┄┄┄┄┄┄┄┄┄┄┄┄┄┄┄┄┄┄┄┄┄┄┄┄┄┄┄┄┄┄┄┄┄┄┄┄┄[0m
[38;5;208m│ #0   AppLogger.warning (package:servisio_core/core/utils/app_logger.dart:65:12)[0m
[38;5;208m│ #1   LoggerExtension.logWarning (package:servisio_core/core/utils/app_logger.dart:143:15)[0m
[38;5;208m│ #2   BiometricService.verifyWithRetry (package:servisio_core/core/services/biometric_service.dart:188:9)[0m
[38;5;208m│ #3   <asynchronous suspension>[0m
[38;5;208m│ #4   main.<anonymous closure>.<anonymous closure> (file:///C:/Users/fabian%20nuriel/ServisLog_core_1.2/test/core/services/biometric_service_test.dart:108:20)[0m
[38;5;208m│ #5   <asynchronous suspension>[0m
[38;5;208m│ #6   Declarer.test.<anonymous closure>.<anonymous closure> (package:test_api/src/backend/declarer.dart:253:15)[0m
[38;5;208m│ #7   <asynchronous suspension>[0m
[38;5;208m├┄┄┄┄┄┄┄┄┄┄┄┄┄┄┄┄┄┄┄┄┄┄┄┄┄┄┄┄┄┄┄┄┄┄┄┄┄┄┄┄┄┄┄┄┄┄┄┄┄┄┄┄┄┄┄┄┄┄┄┄┄┄┄┄┄┄┄┄┄┄┄┄┄┄┄┄┄┄┄┄┄┄┄┄┄┄┄┄┄┄┄┄┄┄┄┄┄┄┄┄┄┄┄┄┄┄┄┄┄┄┄┄┄┄┄┄┄┄┄[0m
[38;5;208m│ 2026-04-22 19:14:04.164[0m
[38;5;208m├┄┄┄┄┄┄┄┄┄┄┄┄┄┄┄┄┄┄┄┄┄┄┄┄┄┄┄┄┄┄┄┄┄┄┄┄┄┄┄┄┄┄┄┄┄┄┄┄┄┄┄┄┄┄┄┄┄┄┄┄┄┄┄┄┄┄┄┄┄┄┄┄┄┄┄┄┄┄┄┄┄┄┄┄┄┄┄┄┄┄┄┄┄┄┄┄┄┄┄┄┄┄┄┄┄┄┄┄┄┄┄┄┄┄┄┄┄┄┄[0m
[38;5;208m│ ⚠️ [attempt=1] Biometric PlatformException[0m
[38;5;208m└───────────────────────────────────────────────────────────────────────────────────────────────────────────────────────[0m
00:15 +26 -1: C:/Users/fabian nuriel/ServisLog_core_1.2/test/core/services/device_session_service_test.dart: DeviceSessionService Tests getOrCreateDeviceId() should persist ID
00:16 +27 -1: C:/Users/fabian nuriel/ServisLog_core_1.2/test/core/services/device_session_service_test.dart: DeviceSessionService Tests registerDevice() should create user doc in Firestore
📱 Device registered: Unknown Device (80a838cc-393a-4c1b-8819-102a1d6fa002)
00:16 +28 -1: C:/Users/fabian nuriel/ServisLog_core_1.2/test/core/services/device_session_service_test.dart: DeviceSessionService Tests watchSessionValidity() should detect displaced session
📱 Device registered: Unknown Device (f9408ab6-403d-46a8-bcd2-0b0eeb936d5f)
00:16 +29 -1: C:/Users/fabian nuriel/ServisLog_core_1.2/test/core/services/device_session_service_test.dart: DeviceSessionService Tests requestRemoteWipe() should set flag
💣 Remote wipe requested for user: user-123
00:17 +30 -1: C:/Users/fabian nuriel/ServisLog_core_1.2/test/core/services/document_service_test.dart: DocumentService Tests shareWhatsApp should launch WhatsApp URL
00:17 +31 -1: C:/Users/fabian nuriel/ServisLog_core_1.2/test/core/services/document_service_test.dart: DocumentService Tests generateAndPrint should call printing layout
Helvetica-Bold has no Unicode support see https://github.com/DavBfr/dart_pdf/wiki/Fonts-Management
Helvetica has no Unicode support see https://github.com/DavBfr/dart_pdf/wiki/Fonts-Management
00:17 +32 -1: C:/Users/fabian nuriel/ServisLog_core_1.2/test/core/services/document_service_test.dart: DocumentService Tests shareWhatsApp for Sales should launch WhatsApp URL
00:19 +33 -1: C:/Users/fabian nuriel/ServisLog_core_1.2/test/core/services/encryption_service_pin_hash_test.dart: EncryptionService - PIN Hashing (SEC-FIX) hashPin should hash PIN with SHA-256 using bengkelId as salt
00:19 +34 -1: C:/Users/fabian nuriel/ServisLog_core_1.2/test/core/services/encryption_service_pin_hash_test.dart: EncryptionService - PIN Hashing (SEC-FIX) hashPin should produce different hashes for different PINs
00:19 +35 -1: C:/Users/fabian nuriel/ServisLog_core_1.2/test/core/services/encryption_service_pin_hash_test.dart: EncryptionService - PIN Hashing (SEC-FIX) hashPin should produce different hashes for same PIN with different bengkelId
00:19 +36 -1: C:/Users/fabian nuriel/ServisLog_core_1.2/test/core/services/encryption_service_pin_hash_test.dart: EncryptionService - PIN Hashing (SEC-FIX) hashPin should produce consistent hashes for same PIN and bengkelId
00:19 +37 -1: C:/Users/fabian nuriel/ServisLog_core_1.2/test/core/services/encryption_service_pin_hash_test.dart: EncryptionService - PIN Hashing (SEC-FIX) hashPin should handle empty PIN
00:19 +38 -1: C:/Users/fabian nuriel/ServisLog_core_1.2/test/core/services/encryption_service_pin_hash_test.dart: EncryptionService - PIN Hashing (SEC-FIX) hashPin should handle empty bengkelId
00:19 +39 -1: C:/Users/fabian nuriel/ServisLog_core_1.2/test/core/services/encryption_service_pin_hash_test.dart: EncryptionService - PIN Hashing (SEC-FIX) hashPin should handle special characters in bengkelId
00:19 +40 -1: C:/Users/fabian nuriel/ServisLog_core_1.2/test/core/services/encryption_service_pin_hash_test.dart: EncryptionService - PIN Hashing (SEC-FIX) deriveKey with PIN Hashing should derive key using hashed PIN
00:20 +41 -1: C:/Users/fabian nuriel/ServisLog_core_1.2/test/core/services/encryption_service_pin_hash_test.dart: EncryptionService - PIN Hashing (SEC-FIX) deriveKey with PIN Hashing should produce different keys for different PINs
00:20 +41 -1: C:/Users/fabian nuriel/ServisLog_core_1.2/test/core/services/encryption_service_test.dart: EncryptionService Security Hardening Tests generateNewMasterKey() should initialize service in memory only
[38;5;12m┌───────────────────────────────────────────────────────────────────────────────────────────────────────────────────────[0m
[38;5;12m│ #0   AppLogger.info (package:servisio_core/core/utils/app_logger.dart:59:12)[0m
[38;5;12m│ #1   AppLogger.init (package:servisio_core/core/utils/app_logger.dart:39:5)[0m
[38;5;12m├┄┄┄┄┄┄┄┄┄┄┄┄┄┄┄┄┄┄┄┄┄┄┄┄┄┄┄┄┄┄┄┄┄┄┄┄┄┄┄┄┄┄┄┄┄┄┄┄┄┄┄┄┄┄┄┄┄┄┄┄┄┄┄┄┄┄┄┄┄┄┄┄┄┄┄┄┄┄┄┄┄┄┄┄┄┄┄┄┄┄┄┄┄┄┄┄┄┄┄┄┄┄┄┄┄┄┄┄┄┄┄┄┄┄┄┄┄┄┄[0m
[38;5;12m│ 2026-04-22 19:14:10.845[0m
[38;5;12m├┄┄┄┄┄┄┄┄┄┄┄┄┄┄┄┄┄┄┄┄┄┄┄┄┄┄┄┄┄┄┄┄┄┄┄┄┄┄┄┄┄┄┄┄┄┄┄┄┄┄┄┄┄┄┄┄┄┄┄┄┄┄┄┄┄┄┄┄┄┄┄┄┄┄┄┄┄┄┄┄┄┄┄┄┄┄┄┄┄┄┄┄┄┄┄┄┄┄┄┄┄┄┄┄┄┄┄┄┄┄┄┄┄┄┄┄┄┄┄[0m
[38;5;12m│ 💡 [level=debug] AppLogger initialized[0m
[38;5;12m└───────────────────────────────────────────────────────────────────────────────────────────────────────────────────────[0m
[38;5;12m┌───────────────────────────────────────────────────────────────────────────────────────────────────────────────────────[0m
[38;5;12m│ #0   AppLogger.info (package:servisio_core/core/utils/app_logger.dart:59:12)[0m
[38;5;12m│ #1   AppLogger.init (package:servisio_core/core/utils/app_logger.dart:39:5)[0m
[38;5;12m├┄┄┄┄┄┄┄┄┄┄┄┄┄┄┄┄┄┄┄┄┄┄┄┄┄┄┄┄┄┄┄┄┄┄┄┄┄┄┄┄┄┄┄┄┄┄┄┄┄┄┄┄┄┄┄┄┄┄┄┄┄┄┄┄┄┄┄┄┄┄┄┄┄┄┄┄┄┄┄┄┄┄┄┄┄┄┄┄┄┄┄┄┄┄┄┄┄┄┄┄┄┄┄┄┄┄┄┄┄┄┄┄┄┄┄┄┄┄┄[0m
[38;5;12m│ 2026-04-22 19:14:10.845[0m
[38;5;12m├┄┄┄┄┄┄┄┄┄┄┄┄┄┄┄┄┄┄┄┄┄┄┄┄┄┄┄┄┄┄┄┄┄┄┄┄┄┄┄┄┄┄┄┄┄┄┄┄┄┄┄┄┄┄┄┄┄┄┄┄┄┄┄┄┄┄┄┄┄┄┄┄┄┄┄┄┄┄┄┄┄┄┄┄┄┄┄┄┄┄┄┄┄┄┄┄┄┄┄┄┄┄┄┄┄┄┄┄┄┄┄┄┄┄┄┄┄┄┄[0m
[38;5;12m│ 💡 [level=debug] AppLogger initialized[0m
[38;5;12m└───────────────────────────────────────────────────────────────────────────────────────────────────────────────────────[0m
[38;5;12m┌───────────────────────────────────────────────────────────────────────────────────────────────────────────────────────[0m
[38;5;12m│ #0   AppLogger.info (package:servisio_core/core/utils/app_logger.dart:59:12)[0m
[38;5;12m│ #1   EncryptionService.generateNewMasterKey (package:servisio_core/core/services/encryption_service.dart:87:15)[0m
[38;5;12m├┄┄┄┄┄┄┄┄┄┄┄┄┄┄┄┄┄┄┄┄┄┄┄┄┄┄┄┄┄┄┄┄┄┄┄┄┄┄┄┄┄┄┄┄┄┄┄┄┄┄┄┄┄┄┄┄┄┄┄┄┄┄┄┄┄┄┄┄┄┄┄┄┄┄┄┄┄┄┄┄┄┄┄┄┄┄┄┄┄┄┄┄┄┄┄┄┄┄┄┄┄┄┄┄┄┄┄┄┄┄┄┄┄┄┄┄┄┄┄[0m
[38;5;12m│ 2026-04-22 19:14:10.876[0m
[38;5;12m├┄┄┄┄┄┄┄┄┄┄┄┄┄┄┄┄┄┄┄┄┄┄┄┄┄┄┄┄┄┄┄┄┄┄┄┄┄┄┄┄┄┄┄┄┄┄┄┄┄┄┄┄┄┄┄┄┄┄┄┄┄┄┄┄┄┄┄┄┄┄┄┄┄┄┄┄┄┄┄┄┄┄┄┄┄┄┄┄┄┄┄┄┄┄┄┄┄┄┄┄┄┄┄┄┄┄┄┄┄┄┄┄┄┄┄┄┄┄┄[0m
[38;5;12m│ 💡 [EncryptionService] New master key generated (Memory-only)[0m
[38;5;12m└───────────────────────────────────────────────────────────────────────────────────────────────────────────────────────[0m
[38;5;12m┌───────────────────────────────────────────────────────────────────────────────────────────────────────────────────────[0m
[38;5;12m│ #0   AppLogger.info (package:servisio_core/core/utils/app_logger.dart:59:12)[0m
[38;5;12m│ #1   EncryptionService.generateNewMasterKey (package:servisio_core/core/services/encryption_service.dart:87:15)[0m
[38;5;12m├┄┄┄┄┄┄┄┄┄┄┄┄┄┄┄┄┄┄┄┄┄┄┄┄┄┄┄┄┄┄┄┄┄┄┄┄┄┄┄┄┄┄┄┄┄┄┄┄┄┄┄┄┄┄┄┄┄┄┄┄┄┄┄┄┄┄┄┄┄┄┄┄┄┄┄┄┄┄┄┄┄┄┄┄┄┄┄┄┄┄┄┄┄┄┄┄┄┄┄┄┄┄┄┄┄┄┄┄┄┄┄┄┄┄┄┄┄┄┄[0m
[38;5;12m│ 2026-04-22 19:14:10.876[0m
[38;5;12m├┄┄┄┄┄┄┄┄┄┄┄┄┄┄┄┄┄┄┄┄┄┄┄┄┄┄┄┄┄┄┄┄┄┄┄┄┄┄┄┄┄┄┄┄┄┄┄┄┄┄┄┄┄┄┄┄┄┄┄┄┄┄┄┄┄┄┄┄┄┄┄┄┄┄┄┄┄┄┄┄┄┄┄┄┄┄┄┄┄┄┄┄┄┄┄┄┄┄┄┄┄┄┄┄┄┄┄┄┄┄┄┄┄┄┄┄┄┄┄[0m
[38;5;12m│ 💡 [EncryptionService] New master key generated (Memory-only)[0m
[38;5;12m└───────────────────────────────────────────────────────────────────────────────────────────────────────────────────────[0m
00:20 +42 -1: C:/Users/fabian nuriel/ServisLog_core_1.2/test/core/services/encryption_service_pin_hash_test.dart: EncryptionService - PIN Hashing (SEC-FIX) deriveKey with PIN Hashing should produce different keys for different PINs
00:20 +43 -1: C:/Users/fabian nuriel/ServisLog_core_1.2/test/core/services/encryption_service_pin_hash_test.dart: EncryptionService - PIN Hashing (SEC-FIX) deriveKey with PIN Hashing should produce different keys for different PINs
00:20 +43 -1: C:/Users/fabian nuriel/ServisLog_core_1.2/test/core/services/encryption_service_test.dart: EncryptionService Security Hardening Tests decryptText should handle invalid formats gracefully
[38;5;12m┌───────────────────────────────────────────────────────────────────────────────────────────────────────────────────────[0m
[38;5;12m│ #0   AppLogger.info (package:servisio_core/core/utils/app_logger.dart:59:12)[0m
[38;5;12m│ #1   EncryptionService.generateNewMasterKey (package:servisio_core/core/services/encryption_service.dart:87:15)[0m
[38;5;12m├┄┄┄┄┄┄┄┄┄┄┄┄┄┄┄┄┄┄┄┄┄┄┄┄┄┄┄┄┄┄┄┄┄┄┄┄┄┄┄┄┄┄┄┄┄┄┄┄┄┄┄┄┄┄┄┄┄┄┄┄┄┄┄┄┄┄┄┄┄┄┄┄┄┄┄┄┄┄┄┄┄┄┄┄┄┄┄┄┄┄┄┄┄┄┄┄┄┄┄┄┄┄┄┄┄┄┄┄┄┄┄┄┄┄┄┄┄┄┄[0m
[38;5;12m│ 2026-04-22 19:14:10.946[0m
[38;5;12m├┄┄┄┄┄┄┄┄┄┄┄┄┄┄┄┄┄┄┄┄┄┄┄┄┄┄┄┄┄┄┄┄┄┄┄┄┄┄┄┄┄┄┄┄┄┄┄┄┄┄┄┄┄┄┄┄┄┄┄┄┄┄┄┄┄┄┄┄┄┄┄┄┄┄┄┄┄┄┄┄┄┄┄┄┄┄┄┄┄┄┄┄┄┄┄┄┄┄┄┄┄┄┄┄┄┄┄┄┄┄┄┄┄┄┄┄┄┄┄[0m
[38;5;12m│ 💡 [EncryptionService] New master key generated (Memory-only)[0m
[38;5;12m└───────────────────────────────────────────────────────────────────────────────────────────────────────────────────────[0m
[38;5;12m┌───────────────────────────────────────────────────────────────────────────────────────────────────────────────────────[0m
[38;5;12m│ #0   AppLogger.info (package:servisio_core/core/utils/app_logger.dart:59:12)[0m
[38;5;12m│ #1   EncryptionService.generateNewMasterKey (package:servisio_core/core/services/encryption_service.dart:87:15)[0m
[38;5;12m├┄┄┄┄┄┄┄┄┄┄┄┄┄┄┄┄┄┄┄┄┄┄┄┄┄┄┄┄┄┄┄┄┄┄┄┄┄┄┄┄┄┄┄┄┄┄┄┄┄┄┄┄┄┄┄┄┄┄┄┄┄┄┄┄┄┄┄┄┄┄┄┄┄┄┄┄┄┄┄┄┄┄┄┄┄┄┄┄┄┄┄┄┄┄┄┄┄┄┄┄┄┄┄┄┄┄┄┄┄┄┄┄┄┄┄┄┄┄┄[0m
[38;5;12m│ 2026-04-22 19:14:10.946[0m
[38;5;12m├┄┄┄┄┄┄┄┄┄┄┄┄┄┄┄┄┄┄┄┄┄┄┄┄┄┄┄┄┄┄┄┄┄┄┄┄┄┄┄┄┄┄┄┄┄┄┄┄┄┄┄┄┄┄┄┄┄┄┄┄┄┄┄┄┄┄┄┄┄┄┄┄┄┄┄┄┄┄┄┄┄┄┄┄┄┄┄┄┄┄┄┄┄┄┄┄┄┄┄┄┄┄┄┄┄┄┄┄┄┄┄┄┄┄┄┄┄┄┄[0m
[38;5;12m│ 💡 [EncryptionService] New master key generated (Memory-only)[0m
[38;5;12m└───────────────────────────────────────────────────────────────────────────────────────────────────────────────────────[0m
00:20 +44 -1: C:/Users/fabian nuriel/ServisLog_core_1.2/test/core/services/encryption_service_pin_hash_test.dart: EncryptionService - PIN Hashing (SEC-FIX) deriveKey with PIN Hashing should produce different keys for different PINs
00:21 +44 -1: C:/Users/fabian nuriel/ServisLog_core_1.2/test/core/services/encryption_service_test.dart: EncryptionService Security Hardening Tests init() should migrate legacy persistent key to memory and delete it
[38;5;208m┌───────────────────────────────────────────────────────────────────────────────────────────────────────────────────────[0m
[38;5;208m│ #0   AppLogger.warning (package:servisio_core/core/utils/app_logger.dart:65:12)[0m
[38;5;208m│ #1   EncryptionService.init (package:servisio_core/core/services/encryption_service.dart:61:19)[0m
[38;5;208m├┄┄┄┄┄┄┄┄┄┄┄┄┄┄┄┄┄┄┄┄┄┄┄┄┄┄┄┄┄┄┄┄┄┄┄┄┄┄┄┄┄┄┄┄┄┄┄┄┄┄┄┄┄┄┄┄┄┄┄┄┄┄┄┄┄┄┄┄┄┄┄┄┄┄┄┄┄┄┄┄┄┄┄┄┄┄┄┄┄┄┄┄┄┄┄┄┄┄┄┄┄┄┄┄┄┄┄┄┄┄┄┄┄┄┄┄┄┄┄[0m
[38;5;208m│ 2026-04-22 19:14:10.971[0m
[38;5;208m├┄┄┄┄┄┄┄┄┄┄┄┄┄┄┄┄┄┄┄┄┄┄┄┄┄┄┄┄┄┄┄┄┄┄┄┄┄┄┄┄┄┄┄┄┄┄┄┄┄┄┄┄┄┄┄┄┄┄┄┄┄┄┄┄┄┄┄┄┄┄┄┄┄┄┄┄┄┄┄┄┄┄┄┄┄┄┄┄┄┄┄┄┄┄┄┄┄┄┄┄┄┄┄┄┄┄┄┄┄┄┄┄┄┄┄┄┄┄┄[0m
[38;5;208m│ ⚠️ [EncryptionService] NOT initialized (Session key missing)[0m
[38;5;208m└───────────────────────────────────────────────────────────────────────────────────────────────────────────────────────[0m
[38;5;208m┌───────────────────────────────────────────────────────────────────────────────────────────────────────────────────────[0m
[38;5;208m│ #0   AppLogger.warning (package:servisio_core/core/utils/app_logger.dart:65:12)[0m
[38;5;208m│ #1   EncryptionService.init (package:servisio_core/core/services/encryption_service.dart:61:19)[0m
[38;5;208m├┄┄┄┄┄┄┄┄┄┄┄┄┄┄┄┄┄┄┄┄┄┄┄┄┄┄┄┄┄┄┄┄┄┄┄┄┄┄┄┄┄┄┄┄┄┄┄┄┄┄┄┄┄┄┄┄┄┄┄┄┄┄┄┄┄┄┄┄┄┄┄┄┄┄┄┄┄┄┄┄┄┄┄┄┄┄┄┄┄┄┄┄┄┄┄┄┄┄┄┄┄┄┄┄┄┄┄┄┄┄┄┄┄┄┄┄┄┄┄[0m
[38;5;208m│ 2026-04-22 19:14:10.971[0m
[38;5;208m├┄┄┄┄┄┄┄┄┄┄┄┄┄┄┄┄┄┄┄┄┄┄┄┄┄┄┄┄┄┄┄┄┄┄┄┄┄┄┄┄┄┄┄┄┄┄┄┄┄┄┄┄┄┄┄┄┄┄┄┄┄┄┄┄┄┄┄┄┄┄┄┄┄┄┄┄┄┄┄┄┄┄┄┄┄┄┄┄┄┄┄┄┄┄┄┄┄┄┄┄┄┄┄┄┄┄┄┄┄┄┄┄┄┄┄┄┄┄┄[0m
[38;5;208m│ ⚠️ [EncryptionService] NOT initialized (Session key missing)[0m
[38;5;208m└───────────────────────────────────────────────────────────────────────────────────────────────────────────────────────[0m
00:21 +44 -2: C:/Users/fabian nuriel/ServisLog_core_1.2/test/core/services/encryption_service_pin_hash_test.dart: EncryptionService - PIN Hashing (SEC-FIX) deriveKey with PIN Hashing should produce different keys for different PINs
00:21 +44 -2: C:/Users/fabian nuriel/ServisLog_core_1.2/test/core/services/encryption_service_test.dart: EncryptionService Security Hardening Tests init() should migrate legacy persistent key to memory and delete it [E]
  Expected: true
    Actual: <false>
  
  package:matcher                                       expect
  package:flutter_test/src/widget_tester.dart 473:18    expect
  test\core\services\encryption_service_test.dart 59:7  main.<fn>.<fn>
  
00:23 +45 -2: C:/Users/fabian nuriel/ServisLog_core_1.2/test/core/services/encryption_service_test.dart: EncryptionService Security Hardening Tests wrap and unwrap with WRONG PIN should fail
00:24 +46 -2: C:/Users/fabian nuriel/ServisLog_core_1.2/test/core/services/encryption_service_test.dart: EncryptionService Security Hardening Tests wrap and unwrap with WRONG PIN should fail
00:24 +47 -2: C:/Users/fabian nuriel/ServisLog_core_1.2/test/core/services/encryption_service_test.dart: EncryptionService Security Hardening Tests wrap and unwrap with WRONG PIN should fail
00:24 +48 -2: C:/Users/fabian nuriel/ServisLog_core_1.2/test/core/services/encryption_service_test.dart: EncryptionService Security Hardening Tests wrap and unwrap with WRONG PIN should fail
00:24 +49 -2: C:/Users/fabian nuriel/ServisLog_core_1.2/test/core/services/encryption_service_test.dart: EncryptionService Security Hardening Tests wrap and unwrap with WRONG PIN should fail
[38;5;12m┌───────────────────────────────────────────────────────────────────────────────────────────────────────────────────────[0m
[38;5;12m│ #0   AppLogger.info (package:servisio_core/core/utils/app_logger.dart:59:12)[0m
[38;5;12m│ #1   EncryptionService.generateNewMasterKey (package:servisio_core/core/services/encryption_service.dart:87:15)[0m
[38;5;12m├┄┄┄┄┄┄┄┄┄┄┄┄┄┄┄┄┄┄┄┄┄┄┄┄┄┄┄┄┄┄┄┄┄┄┄┄┄┄┄┄┄┄┄┄┄┄┄┄┄┄┄┄┄┄┄┄┄┄┄┄┄┄┄┄┄┄┄┄┄┄┄┄┄┄┄┄┄┄┄┄┄┄┄┄┄┄┄┄┄┄┄┄┄┄┄┄┄┄┄┄┄┄┄┄┄┄┄┄┄┄┄┄┄┄┄┄┄┄┄[0m
[38;5;12m│ 2026-04-22 19:14:11.104[0m
[38;5;12m├┄┄┄┄┄┄┄┄┄┄┄┄┄┄┄┄┄┄┄┄┄┄┄┄┄┄┄┄┄┄┄┄┄┄┄┄┄┄┄┄┄┄┄┄┄┄┄┄┄┄┄┄┄┄┄┄┄┄┄┄┄┄┄┄┄┄┄┄┄┄┄┄┄┄┄┄┄┄┄┄┄┄┄┄┄┄┄┄┄┄┄┄┄┄┄┄┄┄┄┄┄┄┄┄┄┄┄┄┄┄┄┄┄┄┄┄┄┄┄[0m
[38;5;12m│ 💡 [EncryptionService] New master key generated (Memory-only)[0m
[38;5;12m└───────────────────────────────────────────────────────────────────────────────────────────────────────────────────────[0m
[38;5;12m┌───────────────────────────────────────────────────────────────────────────────────────────────────────────────────────[0m
[38;5;12m│ #0   AppLogger.info (package:servisio_core/core/utils/app_logger.dart:59:12)[0m
[38;5;12m│ #1   EncryptionService.generateNewMasterKey (package:servisio_core/core/services/encryption_service.dart:87:15)[0m
[38;5;12m├┄┄┄┄┄┄┄┄┄┄┄┄┄┄┄┄┄┄┄┄┄┄┄┄┄┄┄┄┄┄┄┄┄┄┄┄┄┄┄┄┄┄┄┄┄┄┄┄┄┄┄┄┄┄┄┄┄┄┄┄┄┄┄┄┄┄┄┄┄┄┄┄┄┄┄┄┄┄┄┄┄┄┄┄┄┄┄┄┄┄┄┄┄┄┄┄┄┄┄┄┄┄┄┄┄┄┄┄┄┄┄┄┄┄┄┄┄┄┄[0m
[38;5;12m│ 2026-04-22 19:14:11.104[0m
[38;5;12m├┄┄┄┄┄┄┄┄┄┄┄┄┄┄┄┄┄┄┄┄┄┄┄┄┄┄┄┄┄┄┄┄┄┄┄┄┄┄┄┄┄┄┄┄┄┄┄┄┄┄┄┄┄┄┄┄┄┄┄┄┄┄┄┄┄┄┄┄┄┄┄┄┄┄┄┄┄┄┄┄┄┄┄┄┄┄┄┄┄┄┄┄┄┄┄┄┄┄┄┄┄┄┄┄┄┄┄┄┄┄┄┄┄┄┄┄┄┄┄[0m
[38;5;12m│ 💡 [EncryptionService] New master key generated (Memory-only)[0m
[38;5;12m└───────────────────────────────────────────────────────────────────────────────────────────────────────────────────────[0m
[38;5;12m┌───────────────────────────────────────────────────────────────────────────────────────────────────────────────────────[0m
[38;5;12m│ #0   AppLogger.info (package:servisio_core/core/utils/app_logger.dart:59:12)[0m
[38;5;12m│ #1   EncryptionService.lock (package:servisio_core/core/services/encryption_service.dart:148:15)[0m
[38;5;12m├┄┄┄┄┄┄┄┄┄┄┄┄┄┄┄┄┄┄┄┄┄┄┄┄┄┄┄┄┄┄┄┄┄┄┄┄┄┄┄┄┄┄┄┄┄┄┄┄┄┄┄┄┄┄┄┄┄┄┄┄┄┄┄┄┄┄┄┄┄┄┄┄┄┄┄┄┄┄┄┄┄┄┄┄┄┄┄┄┄┄┄┄┄┄┄┄┄┄┄┄┄┄┄┄┄┄┄┄┄┄┄┄┄┄┄┄┄┄┄[0m
[38;5;12m│ 2026-04-22 19:14:12.662[0m
[38;5;12m├┄┄┄┄┄┄┄┄┄┄┄┄┄┄┄┄┄┄┄┄┄┄┄┄┄┄┄┄┄┄┄┄┄┄┄┄┄┄┄┄┄┄┄┄┄┄┄┄┄┄┄┄┄┄┄┄┄┄┄┄┄┄┄┄┄┄┄┄┄┄┄┄┄┄┄┄┄┄┄┄┄┄┄┄┄┄┄┄┄┄┄┄┄┄┄┄┄┄┄┄┄┄┄┄┄┄┄┄┄┄┄┄┄┄┄┄┄┄┄[0m
[38;5;12m│ 💡 [EncryptionService] Locked[0m
[38;5;12m└───────────────────────────────────────────────────────────────────────────────────────────────────────────────────────[0m
[38;5;12m┌───────────────────────────────────────────────────────────────────────────────────────────────────────────────────────[0m
[38;5;12m│ #0   AppLogger.info (package:servisio_core/core/utils/app_logger.dart:59:12)[0m
[38;5;12m│ #1   EncryptionService.lock (package:servisio_core/core/services/encryption_service.dart:148:15)[0m
[38;5;12m├┄┄┄┄┄┄┄┄┄┄┄┄┄┄┄┄┄┄┄┄┄┄┄┄┄┄┄┄┄┄┄┄┄┄┄┄┄┄┄┄┄┄┄┄┄┄┄┄┄┄┄┄┄┄┄┄┄┄┄┄┄┄┄┄┄┄┄┄┄┄┄┄┄┄┄┄┄┄┄┄┄┄┄┄┄┄┄┄┄┄┄┄┄┄┄┄┄┄┄┄┄┄┄┄┄┄┄┄┄┄┄┄┄┄┄┄┄┄┄[0m
[38;5;12m│ 2026-04-22 19:14:12.662[0m
[38;5;12m├┄┄┄┄┄┄┄┄┄┄┄┄┄┄┄┄┄┄┄┄┄┄┄┄┄┄┄┄┄┄┄┄┄┄┄┄┄┄┄┄┄┄┄┄┄┄┄┄┄┄┄┄┄┄┄┄┄┄┄┄┄┄┄┄┄┄┄┄┄┄┄┄┄┄┄┄┄┄┄┄┄┄┄┄┄┄┄┄┄┄┄┄┄┄┄┄┄┄┄┄┄┄┄┄┄┄┄┄┄┄┄┄┄┄┄┄┄┄┄[0m
[38;5;12m│ 💡 [EncryptionService] Locked[0m
[38;5;12m└───────────────────────────────────────────────────────────────────────────────────────────────────────────────────────[0m
┌───────────────────────────────────────────────────────────────────────────────────────────────────────────────────────
│ #0   AppLogger.debug (package:servisio_core/core/utils/app_logger.dart:53:12)
│ #1   EncryptionService._unwrapWithKey (package:servisio_core/core/services/encryption_service.dart:330:17)
├┄┄┄┄┄┄┄┄┄┄┄┄┄┄┄┄┄┄┄┄┄┄┄┄┄┄┄┄┄┄┄┄┄┄┄┄┄┄┄┄┄┄┄┄┄┄┄┄┄┄┄┄┄┄┄┄┄┄┄┄┄┄┄┄┄┄┄┄┄┄┄┄┄┄┄┄┄┄┄┄┄┄┄┄┄┄┄┄┄┄┄┄┄┄┄┄┄┄┄┄┄┄┄┄┄┄┄┄┄┄┄┄┄┄┄┄┄┄┄
│ 2026-04-22 19:14:14.274
├┄┄┄┄┄┄┄┄┄┄┄┄┄┄┄┄┄┄┄┄┄┄┄┄┄┄┄┄┄┄┄┄┄┄┄┄┄┄┄┄┄┄┄┄┄┄┄┄┄┄┄┄┄┄┄┄┄┄┄┄┄┄┄┄┄┄┄┄┄┄┄┄┄┄┄┄┄┄┄┄┄┄┄┄┄┄┄┄┄┄┄┄┄┄┄┄┄┄┄┄┄┄┄┄┄┄┄┄┄┄┄┄┄┄┄┄┄┄┄
│ 🐛 [EncryptionService] Unwrap with key failed (fallback)
└───────────────────────────────────────────────────────────────────────────────────────────────────────────────────────
┌───────────────────────────────────────────────────────────────────────────────────────────────────────────────────────
│ #0   AppLogger.debug (package:servisio_core/core/utils/app_logger.dart:53:12)
│ #1   EncryptionService._unwrapWithKey (package:servisio_core/core/services/encryption_service.dart:330:17)
├┄┄┄┄┄┄┄┄┄┄┄┄┄┄┄┄┄┄┄┄┄┄┄┄┄┄┄┄┄┄┄┄┄┄┄┄┄┄┄┄┄┄┄┄┄┄┄┄┄┄┄┄┄┄┄┄┄┄┄┄┄┄┄┄┄┄┄┄┄┄┄┄┄┄┄┄┄┄┄┄┄┄┄┄┄┄┄┄┄┄┄┄┄┄┄┄┄┄┄┄┄┄┄┄┄┄┄┄┄┄┄┄┄┄┄┄┄┄┄
│ 2026-04-22 19:14:14.274
├┄┄┄┄┄┄┄┄┄┄┄┄┄┄┄┄┄┄┄┄┄┄┄┄┄┄┄┄┄┄┄┄┄┄┄┄┄┄┄┄┄┄┄┄┄┄┄┄┄┄┄┄┄┄┄┄┄┄┄┄┄┄┄┄┄┄┄┄┄┄┄┄┄┄┄┄┄┄┄┄┄┄┄┄┄┄┄┄┄┄┄┄┄┄┄┄┄┄┄┄┄┄┄┄┄┄┄┄┄┄┄┄┄┄┄┄┄┄┄
│ 🐛 [EncryptionService] Unwrap with key failed (fallback)
└───────────────────────────────────────────────────────────────────────────────────────────────────────────────────────
00:24 +50 -2: C:/Users/fabian nuriel/ServisLog_core_1.2/test/core/services/encryption_service_pin_hash_test.dart: EncryptionService - PIN Hashing (SEC-FIX) deriveKey with PIN Hashing should produce different keys for same PIN with different bengkelId
00:24 +50 -2: C:/Users/fabian nuriel/ServisLog_core_1.2/test/core/services/encryption_service_test.dart: EncryptionService Security Hardening Tests clearSessionDataOnly should wipe memory keys
[38;5;12m┌───────────────────────────────────────────────────────────────────────────────────────────────────────────────────────[0m
[38;5;12m│ #0   AppLogger.info (package:servisio_core/core/utils/app_logger.dart:59:12)[0m
[38;5;12m│ #1   EncryptionService.generateNewMasterKey (package:servisio_core/core/services/encryption_service.dart:87:15)[0m
[38;5;12m├┄┄┄┄┄┄┄┄┄┄┄┄┄┄┄┄┄┄┄┄┄┄┄┄┄┄┄┄┄┄┄┄┄┄┄┄┄┄┄┄┄┄┄┄┄┄┄┄┄┄┄┄┄┄┄┄┄┄┄┄┄┄┄┄┄┄┄┄┄┄┄┄┄┄┄┄┄┄┄┄┄┄┄┄┄┄┄┄┄┄┄┄┄┄┄┄┄┄┄┄┄┄┄┄┄┄┄┄┄┄┄┄┄┄┄┄┄┄┄[0m
[38;5;12m│ 2026-04-22 19:14:14.317[0m
[38;5;12m├┄┄┄┄┄┄┄┄┄┄┄┄┄┄┄┄┄┄┄┄┄┄┄┄┄┄┄┄┄┄┄┄┄┄┄┄┄┄┄┄┄┄┄┄┄┄┄┄┄┄┄┄┄┄┄┄┄┄┄┄┄┄┄┄┄┄┄┄┄┄┄┄┄┄┄┄┄┄┄┄┄┄┄┄┄┄┄┄┄┄┄┄┄┄┄┄┄┄┄┄┄┄┄┄┄┄┄┄┄┄┄┄┄┄┄┄┄┄┄[0m
[38;5;12m│ 💡 [EncryptionService] New master key generated (Memory-only)[0m
[38;5;12m└───────────────────────────────────────────────────────────────────────────────────────────────────────────────────────[0m
[38;5;12m┌───────────────────────────────────────────────────────────────────────────────────────────────────────────────────────[0m
[38;5;12m│ #0   AppLogger.info (package:servisio_core/core/utils/app_logger.dart:59:12)[0m
[38;5;12m│ #1   EncryptionService.generateNewMasterKey (package:servisio_core/core/services/encryption_service.dart:87:15)[0m
[38;5;12m├┄┄┄┄┄┄┄┄┄┄┄┄┄┄┄┄┄┄┄┄┄┄┄┄┄┄┄┄┄┄┄┄┄┄┄┄┄┄┄┄┄┄┄┄┄┄┄┄┄┄┄┄┄┄┄┄┄┄┄┄┄┄┄┄┄┄┄┄┄┄┄┄┄┄┄┄┄┄┄┄┄┄┄┄┄┄┄┄┄┄┄┄┄┄┄┄┄┄┄┄┄┄┄┄┄┄┄┄┄┄┄┄┄┄┄┄┄┄┄[0m
[38;5;12m│ 2026-04-22 19:14:14.317[0m
[38;5;12m├┄┄┄┄┄┄┄┄┄┄┄┄┄┄┄┄┄┄┄┄┄┄┄┄┄┄┄┄┄┄┄┄┄┄┄┄┄┄┄┄┄┄┄┄┄┄┄┄┄┄┄┄┄┄┄┄┄┄┄┄┄┄┄┄┄┄┄┄┄┄┄┄┄┄┄┄┄┄┄┄┄┄┄┄┄┄┄┄┄┄┄┄┄┄┄┄┄┄┄┄┄┄┄┄┄┄┄┄┄┄┄┄┄┄┄┄┄┄┄[0m
[38;5;12m│ 💡 [EncryptionService] New master key generated (Memory-only)[0m
[38;5;12m└───────────────────────────────────────────────────────────────────────────────────────────────────────────────────────[0m
[38;5;12m┌───────────────────────────────────────────────────────────────────────────────────────────────────────────────────────[0m
[38;5;12m│ #0   AppLogger.info (package:servisio_core/core/utils/app_logger.dart:59:12)[0m
[38;5;12m│ #1   EncryptionService.clearSessionDataOnly (package:servisio_core/core/services/encryption_service.dart:162:15)[0m
[38;5;12m├┄┄┄┄┄┄┄┄┄┄┄┄┄┄┄┄┄┄┄┄┄┄┄┄┄┄┄┄┄┄┄┄┄┄┄┄┄┄┄┄┄┄┄┄┄┄┄┄┄┄┄┄┄┄┄┄┄┄┄┄┄┄┄┄┄┄┄┄┄┄┄┄┄┄┄┄┄┄┄┄┄┄┄┄┄┄┄┄┄┄┄┄┄┄┄┄┄┄┄┄┄┄┄┄┄┄┄┄┄┄┄┄┄┄┄┄┄┄┄[0m
[38;5;12m│ 2026-04-22 19:14:14.320[0m
[38;5;12m├┄┄┄┄┄┄┄┄┄┄┄┄┄┄┄┄┄┄┄┄┄┄┄┄┄┄┄┄┄┄┄┄┄┄┄┄┄┄┄┄┄┄┄┄┄┄┄┄┄┄┄┄┄┄┄┄┄┄┄┄┄┄┄┄┄┄┄┄┄┄┄┄┄┄┄┄┄┄┄┄┄┄┄┄┄┄┄┄┄┄┄┄┄┄┄┄┄┄┄┄┄┄┄┄┄┄┄┄┄┄┄┄┄┄┄┄┄┄┄[0m
[38;5;12m│ 💡 [EncryptionService] Session data cleared & Locked (Memory wiped)[0m
[38;5;12m└───────────────────────────────────────────────────────────────────────────────────────────────────────────────────────[0m
[38;5;12m┌───────────────────────────────────────────────────────────────────────────────────────────────────────────────────────[0m
[38;5;12m│ #0   AppLogger.info (package:servisio_core/core/utils/app_logger.dart:59:12)[0m
[38;5;12m│ #1   EncryptionService.clearSessionDataOnly (package:servisio_core/core/services/encryption_service.dart:162:15)[0m
[38;5;12m├┄┄┄┄┄┄┄┄┄┄┄┄┄┄┄┄┄┄┄┄┄┄┄┄┄┄┄┄┄┄┄┄┄┄┄┄┄┄┄┄┄┄┄┄┄┄┄┄┄┄┄┄┄┄┄┄┄┄┄┄┄┄┄┄┄┄┄┄┄┄┄┄┄┄┄┄┄┄┄┄┄┄┄┄┄┄┄┄┄┄┄┄┄┄┄┄┄┄┄┄┄┄┄┄┄┄┄┄┄┄┄┄┄┄┄┄┄┄┄[0m
[38;5;12m│ 2026-04-22 19:14:14.320[0m
[38;5;12m├┄┄┄┄┄┄┄┄┄┄┄┄┄┄┄┄┄┄┄┄┄┄┄┄┄┄┄┄┄┄┄┄┄┄┄┄┄┄┄┄┄┄┄┄┄┄┄┄┄┄┄┄┄┄┄┄┄┄┄┄┄┄┄┄┄┄┄┄┄┄┄┄┄┄┄┄┄┄┄┄┄┄┄┄┄┄┄┄┄┄┄┄┄┄┄┄┄┄┄┄┄┄┄┄┄┄┄┄┄┄┄┄┄┄┄┄┄┄┄[0m
[38;5;12m│ 💡 [EncryptionService] Session data cleared & Locked (Memory wiped)[0m
[38;5;12m└───────────────────────────────────────────────────────────────────────────────────────────────────────────────────────[0m
00:24 +51 -2: C:/Users/fabian nuriel/ServisLog_core_1.2/test/core/services/encryption_service_pin_hash_test.dart: EncryptionService - PIN Hashing (SEC-FIX) deriveKey with PIN Hashing should produce different keys for same PIN with different bengkelId
00:25 +51 -3: C:/Users/fabian nuriel/ServisLog_core_1.2/test/core/services/encryption_service_pin_hash_test.dart: EncryptionService - PIN Hashing (SEC-FIX) deriveKey with PIN Hashing should produce different keys for same PIN with different bengkelId
00:25 +51 -3: C:/Users/fabian nuriel/ServisLog_core_1.2/test/core/services/history_provider_test.dart: HistoryList Provider Tests HistoryList should merge Transactions and Sales correctly [E]
  UnimplementedError: limit=
  package:test_api                                                           Fake.noSuchMethod
  test\mocks\manual_mocks.dart 413:7                                         FakeQuery.limit=
  package:servisio_core/data/repositories/transaction_repository.dart 22:13  TransactionRepository.getAll
  package:servisio_core/core/providers/history_provider.dart 143:45          HistoryListNotifier._fetchItems
  package:servisio_core/core/providers/history_provider.dart 209:13          HistoryListNotifier.loadInitial
  package:servisio_core/core/providers/history_provider.dart 240:12          historyListProvider.<fn>
  package:riverpod/src/state_notifier_provider/base.dart 115:21              StateNotifierProvider._create
  package:riverpod/src/state_notifier_provider/base.dart 164:64              StateNotifierProviderElement.create.<fn>
  package:riverpod/src/result.dart 21:28                                     Result.guard
  package:riverpod/src/state_notifier_provider/base.dart 164:43              StateNotifierProviderElement.create
  package:riverpod/src/framework/element.dart 409:7                          ProviderElementBase.buildState
  package:riverpod/src/framework/element.dart 226:5                          ProviderElementBase.mount
  package:riverpod/src/framework/container.dart 47:11                        _StateReader._create
  package:riverpod/src/framework/container.dart 35:52                        _StateReader.getElement
  package:riverpod/src/framework/container.dart 440:40                       ProviderContainer.readProviderElement.<fn>
  package:riverpod/src/framework/container.dart 475:8                        ProviderContainer.readProviderElement
  package:riverpod/src/framework/provider_base.dart 105:26                   ProviderBase.read
  package:riverpod/src/framework/container.dart 241:21                       ProviderContainer.read
  test\core\services\history_provider_test.dart 69:31                        main.<fn>.<fn>
  ===== asynchronous gap ===========================
  dart:async                                                                 Future._asyncCompleteError
  package:servisio_core/core/providers/history_provider.dart 240:12          historyListProvider.<fn>
  package:riverpod/src/state_notifier_provider/base.dart 115:21              StateNotifierProvider._create
  package:riverpod/src/state_notifier_provider/base.dart 164:64              StateNotifierProviderElement.create.<fn>
  package:riverpod/src/result.dart 21:28                                     Result.guard
  package:riverpod/src/state_notifier_provider/base.dart 164:43              StateNotifierProviderElement.create
  package:riverpod/src/framework/element.dart 409:7                          ProviderElementBase.buildState
  package:riverpod/src/framework/element.dart 226:5                          ProviderElementBase.mount
  package:riverpod/src/framework/container.dart 47:11                        _StateReader._create
  package:riverpod/src/framework/container.dart 35:52                        _StateReader.getElement
  package:riverpod/src/framework/container.dart 440:40                       ProviderContainer.readProviderElement.<fn>
  package:riverpod/src/framework/container.dart 475:8                        ProviderContainer.readProviderElement
  package:riverpod/src/framework/provider_base.dart 105:26                   ProviderBase.read
  package:riverpod/src/framework/container.dart 241:21                       ProviderContainer.read
  test\core\services\history_provider_test.dart 69:31                        main.<fn>.<fn>
  
  Expected: <2>
    Actual: <0>
  
  package:matcher                                     expect
  package:flutter_test/src/widget_tester.dart 473:18  expect
  test\core\services\history_provider_test.dart 72:7  main.<fn>.<fn>
  
00:25 +51 -4: C:/Users/fabian nuriel/ServisLog_core_1.2/test/core/services/encryption_service_pin_hash_test.dart: EncryptionService - PIN Hashing (SEC-FIX) deriveKey with PIN Hashing should produce different keys for same PIN with different bengkelId
00:25 +51 -4: C:/Users/fabian nuriel/ServisLog_core_1.2/test/core/services/history_provider_test.dart: HistoryList Provider Tests HistoryFilter should correctly filter by type [E]
  UnimplementedError: limit=
  package:test_api                                                           Fake.noSuchMethod
  test\mocks\manual_mocks.dart 413:7                                         FakeQuery.limit=
  package:servisio_core/data/repositories/transaction_repository.dart 22:13  TransactionRepository.getAll
  package:servisio_core/core/providers/history_provider.dart 143:45          HistoryListNotifier._fetchItems
  package:servisio_core/core/providers/history_provider.dart 209:13          HistoryListNotifier.loadInitial
  package:servisio_core/core/providers/history_provider.dart 240:12          historyListProvider.<fn>
  package:riverpod/src/state_notifier_provider/base.dart 115:21              StateNotifierProvider._create
  package:riverpod/src/state_notifier_provider/base.dart 164:64              StateNotifierProviderElement.create.<fn>
  package:riverpod/src/result.dart 21:28                                     Result.guard
  package:riverpod/src/state_notifier_provider/base.dart 164:43              StateNotifierProviderElement.create
  package:riverpod/src/framework/element.dart 409:7                          ProviderElementBase.buildState
  package:riverpod/src/framework/element.dart 226:5                          ProviderElementBase.mount
  package:riverpod/src/framework/container.dart 47:11                        _StateReader._create
  package:riverpod/src/framework/container.dart 35:52                        _StateReader.getElement
  package:riverpod/src/framework/container.dart 440:40                       ProviderContainer.readProviderElement.<fn>
  package:riverpod/src/framework/container.dart 475:8                        ProviderContainer.readProviderElement
  package:riverpod/src/framework/provider_base.dart 105:26                   ProviderBase.read
  package:riverpod/src/framework/container.dart 241:21                       ProviderContainer.read
  test\core\services\history_provider_test.dart 108:29                       main.<fn>.<fn>
  ===== asynchronous gap ===========================
  dart:async                                                                 Future._asyncCompleteError
  package:servisio_core/core/providers/history_provider.dart 240:12          historyListProvider.<fn>
  package:riverpod/src/state_notifier_provider/base.dart 115:21              StateNotifierProvider._create
  package:riverpod/src/state_notifier_provider/base.dart 164:64              StateNotifierProviderElement.create.<fn>
  package:riverpod/src/result.dart 21:28                                     Result.guard
  package:riverpod/src/state_notifier_provider/base.dart 164:43              StateNotifierProviderElement.create
  package:riverpod/src/framework/element.dart 409:7                          ProviderElementBase.buildState
  package:riverpod/src/framework/element.dart 226:5                          ProviderElementBase.mount
  package:riverpod/src/framework/container.dart 47:11                        _StateReader._create
  package:riverpod/src/framework/container.dart 35:52                        _StateReader.getElement
  package:riverpod/src/framework/container.dart 440:40                       ProviderContainer.readProviderElement.<fn>
  package:riverpod/src/framework/container.dart 475:8                        ProviderContainer.readProviderElement
  package:riverpod/src/framework/provider_base.dart 105:26                   ProviderBase.read
  package:riverpod/src/framework/container.dart 241:21                       ProviderContainer.read
  test\core\services\history_provider_test.dart 108:29                       main.<fn>.<fn>
  
  Expected: <1>
    Actual: <0>
  
  package:matcher                                      expect
  package:flutter_test/src/widget_tester.dart 473:18   expect
  test\core\services\history_provider_test.dart 110:7  main.<fn>.<fn>
  
00:26 +52 -4: C:/Users/fabian nuriel/ServisLog_core_1.2/test/core/services/encryption_service_test.dart: EncryptionService Security Hardening Tests decryptTextWithKey should return error placeholder on failure
00:27 +53 -4: C:/Users/fabian nuriel/ServisLog_core_1.2/test/core/services/encryption_service_pin_hash_test.dart: EncryptionService - PIN Hashing (SEC-FIX) deriveKey with PIN Hashing should produce consistent keys for same PIN and bengkelId
00:28 +54 -4: C:/Users/fabian nuriel/ServisLog_core_1.2/test/core/services/migration_service_test.dart: MigrationService Tests migrateToEncryption() should encrypt unencrypted docs
00:28 +55 -4: C:/Users/fabian nuriel/ServisLog_core_1.2/test/core/services/migration_service_test.dart: MigrationService Tests migrateToEncryption() should encrypt unencrypted docs
00:28 +56 -4: C:/Users/fabian nuriel/ServisLog_core_1.2/test/core/services/migration_service_test.dart: MigrationService Tests migrateToEncryption() should encrypt unencrypted docs
00:28 +57 -4: C:/Users/fabian nuriel/ServisLog_core_1.2/test/core/services/migration_service_test.dart: MigrationService Tests migrateToEncryption() should encrypt unencrypted docs
🛡️ Starting Atomic Migration for Bengkel: b-1
🛡️ Migrating Customer...
🛡️ Processing 1 Customer docs...
🛡️ Migrating Customer...
✅ Customer migration complete (no unencrypted docs remaining)
🛡️ Migrating Transaction...
✅ Transaction migration complete (no unencrypted docs remaining)
🛡️ Migrating Staff...
✅ Staff migration complete (no unencrypted docs remaining)
✅ Migration Completed Successfully for b-1
00:28 +58 -4: C:/Users/fabian nuriel/ServisLog_core_1.2/test/core/services/migration_service_test.dart: MigrationService Tests migration checkpoint prevents redundant work
🛡️ Starting Atomic Migration for Bengkel: b-1
🛡️ Skipping Customer (already completed in checkpoint)
🛡️ Migrating Transaction...
✅ Transaction migration complete (no unencrypted docs remaining)
🛡️ Migrating Staff...
✅ Staff migration complete (no unencrypted docs remaining)
✅ Migration Completed Successfully for b-1
00:29 +59 -4: C:/Users/fabian nuriel/ServisLog_core_1.2/test/core/services/pelanggan_service_test.dart: PelangganList Provider Tests Initial state should load all customers from repository
00:29 +60 -4: C:/Users/fabian nuriel/ServisLog_core_1.2/test/core/services/pelanggan_service_test.dart: PelangganList Provider Tests add() should save customer to repository and reload state
00:29 +61 -4: C:/Users/fabian nuriel/ServisLog_core_1.2/test/core/services/pelanggan_service_test.dart: PelangganList Provider Tests remove() should soft delete and enqueue sync
00:29 +62 -4: C:/Users/fabian nuriel/ServisLog_core_1.2/test/core/services/pelanggan_service_test.dart: PelangganList Provider Tests updateSearch() should filter state via repository search
00:31 +63 -4: C:/Users/fabian nuriel/ServisLog_core_1.2/test/core/services/permission_service_simple_test.dart: PermissionService Simple Tests hasPermission - Basic Logic should return false when user is not logged in
00:31 +63 -5: C:/Users/fabian nuriel/ServisLog_core_1.2/test/core/services/permission_service_simple_test.dart: PermissionService Simple Tests hasPermission - Basic Logic should return false when user is not logged in [E]
  type 'Null' is not a subtype of type 'String'
  test\core\services\permission_service_simple_test.dart 12:7   MockUser.uid
  test\core\services\permission_service_simple_test.dart 31:21  main.<fn>.<fn>
  
00:31 +63 -5: C:/Users/fabian nuriel/ServisLog_core_1.2/test/core/services/permission_service_simple_test.dart: PermissionService Simple Tests hasPermission - Basic Logic owner should have all permissions automatically
00:31 +63 -6: C:/Users/fabian nuriel/ServisLog_core_1.2/test/core/services/permission_service_simple_test.dart: PermissionService Simple Tests hasPermission - Basic Logic owner should have all permissions automatically [E]
  Bad state: Cannot call `when` within a stub response
  package:mockito/src/mock.dart 1207:5                         when
  test\core\services\permission_service_simple_test.dart 31:7  main.<fn>.<fn>
  
00:31 +63 -6: C:/Users/fabian nuriel/ServisLog_core_1.2/test/core/services/permission_service_simple_test.dart: PermissionService Simple Tests hasPermission - Basic Logic should return false when token claims are null
00:31 +63 -7: C:/Users/fabian nuriel/ServisLog_core_1.2/test/core/services/permission_service_simple_test.dart: PermissionService Simple Tests hasPermission - Basic Logic should return false when token claims are null [E]
  Bad state: Cannot call `when` within a stub response
  package:mockito/src/mock.dart 1207:5                         when
  test\core\services\permission_service_simple_test.dart 31:7  main.<fn>.<fn>
  
00:31 +63 -7: C:/Users/fabian nuriel/ServisLog_core_1.2/test/core/services/permission_service_simple_test.dart: PermissionService Simple Tests hasPermission - Basic Logic should return false when bengkelId is null
00:31 +63 -8: C:/Users/fabian nuriel/ServisLog_core_1.2/test/core/services/permission_service_simple_test.dart: PermissionService Simple Tests hasPermission - Basic Logic should return false when bengkelId is null [E]
  Bad state: Cannot call `when` within a stub response
  package:mockito/src/mock.dart 1207:5                         when
  test\core\services\permission_service_simple_test.dart 31:7  main.<fn>.<fn>
  
00:31 +63 -8: C:/Users/fabian nuriel/ServisLog_core_1.2/test/core/services/permission_service_simple_test.dart: PermissionService Simple Tests hasAllPermissions should return true when all permissions are granted for owner
00:31 +63 -9: C:/Users/fabian nuriel/ServisLog_core_1.2/test/core/services/permission_service_simple_test.dart: PermissionService Simple Tests hasAllPermissions should return true when all permissions are granted for owner [E]
  Bad state: Cannot call `when` within a stub response
  package:mockito/src/mock.dart 1207:5                         when
  test\core\services\permission_service_simple_test.dart 31:7  main.<fn>.<fn>
  
00:31 +63 -9: C:/Users/fabian nuriel/ServisLog_core_1.2/test/core/services/permission_service_simple_test.dart: PermissionService Simple Tests hasAnyPermission should return true when at least one permission is granted for owner
00:31 +63 -10: C:/Users/fabian nuriel/ServisLog_core_1.2/test/core/services/permission_service_simple_test.dart: PermissionService Simple Tests hasAnyPermission should return true when at least one permission is granted for owner [E]
  Bad state: Cannot call `when` within a stub response
  package:mockito/src/mock.dart 1207:5                         when
  test\core\services\permission_service_simple_test.dart 31:7  main.<fn>.<fn>
  
00:31 +63 -10: C:/Users/fabian nuriel/ServisLog_core_1.2/test/core/services/permission_service_simple_test.dart: PermissionService Simple Tests can - Backward Compatibility should map Permission enum correctly for owner
00:31 +63 -11: C:/Users/fabian nuriel/ServisLog_core_1.2/test/core/services/permission_service_simple_test.dart: PermissionService Simple Tests can - Backward Compatibility should map Permission enum correctly for owner [E]
  Bad state: Cannot call `when` within a stub response
  package:mockito/src/mock.dart 1207:5                         when
  test\core\services\permission_service_simple_test.dart 31:7  main.<fn>.<fn>
  
00:31 +63 -11: C:/Users/fabian nuriel/ServisLog_core_1.2/test/core/services/permission_service_simple_test.dart: PermissionService Simple Tests Cache Management clearCache should not throw
00:32 +63 -12: C:/Users/fabian nuriel/ServisLog_core_1.2/test/core/services/permission_service_simple_test.dart: PermissionService Simple Tests Cache Management clearCache should not throw [E]
  Bad state: Cannot call `when` within a stub response
  package:mockito/src/mock.dart 1207:5                         when
  test\core\services\permission_service_simple_test.dart 31:7  main.<fn>.<fn>
  
00:32 +63 -12: C:/Users/fabian nuriel/ServisLog_core_1.2/test/core/services/permission_service_stub_test.dart: PermissionService with Mocks hasPermission - Basic Logic should return false when user is not logged in
00:32 +63 -13: C:/Users/fabian nuriel/ServisLog_core_1.2/test/core/services/permission_service_stub_test.dart: PermissionService with Mocks hasPermission - Basic Logic should return false when user is not logged in [E]
  type 'Null' is not a subtype of type 'FirebaseFirestore'
  test\core\services\permission_service_stub_test.dart 29:27  main.<fn>.<fn>.<fn>
  
00:33 +63 -13: C:/Users/fabian nuriel/ServisLog_core_1.2/test/core/services/permission_service_stub_test.dart: PermissionService with Mocks hasPermission - Basic Logic owner should have all permissions automatically
00:33 +63 -14: C:/Users/fabian nuriel/ServisLog_core_1.2/test/core/services/permission_service_stub_test.dart: PermissionService with Mocks hasPermission - Basic Logic owner should have all permissions automatically [E]
  type 'Null' is not a subtype of type 'String'
  test\core\services\permission_service_stub_test.dart 13:7   MockUser.uid
  test\core\services\permission_service_stub_test.dart 42:23  main.<fn>.<fn>.<fn>
  
00:33 +63 -14: C:/Users/fabian nuriel/ServisLog_core_1.2/test/core/services/permission_service_stub_test.dart: PermissionService with Mocks hasPermission - Basic Logic should return false when token claims are null
00:33 +63 -15: C:/Users/fabian nuriel/ServisLog_core_1.2/test/core/services/permission_service_stub_test.dart: PermissionService with Mocks hasPermission - Basic Logic should return false when token claims are null [E]
  Bad state: Cannot call `when` within a stub response
  package:mockito/src/mock.dart 1207:5                       when
  test\core\services\permission_service_stub_test.dart 62:9  main.<fn>.<fn>.<fn>
  
00:33 +63 -15: C:/Users/fabian nuriel/ServisLog_core_1.2/test/core/services/permission_service_stub_test.dart: PermissionService with Mocks hasPermission - Basic Logic should return false when bengkelId is null
00:33 +63 -16: C:/Users/fabian nuriel/ServisLog_core_1.2/test/core/services/permission_service_stub_test.dart: PermissionService with Mocks hasPermission - Basic Logic should return false when bengkelId is null [E]
  Bad state: Cannot call `when` within a stub response
  package:mockito/src/mock.dart 1207:5                       when
  test\core\services\permission_service_stub_test.dart 81:9  main.<fn>.<fn>.<fn>
  
00:33 +63 -16: C:/Users/fabian nuriel/ServisLog_core_1.2/test/core/services/permission_service_stub_test.dart: PermissionService with Mocks hasAllPermissions should return true for owner
00:33 +63 -17: C:/Users/fabian nuriel/ServisLog_core_1.2/test/core/services/permission_service_stub_test.dart: PermissionService with Mocks hasAllPermissions should return true for owner [E]
  Bad state: Cannot call `when` within a stub response
  package:mockito/src/mock.dart 1207:5                        when
  test\core\services\permission_service_stub_test.dart 102:9  main.<fn>.<fn>.<fn>
  
00:33 +63 -17: C:/Users/fabian nuriel/ServisLog_core_1.2/test/core/services/permission_service_stub_test.dart: PermissionService with Mocks hasAnyPermission should return true for owner
00:33 +63 -18: C:/Users/fabian nuriel/ServisLog_core_1.2/test/core/services/permission_service_stub_test.dart: PermissionService with Mocks hasAnyPermission should return true for owner [E]
  Bad state: Cannot call `when` within a stub response
  package:mockito/src/mock.dart 1207:5                        when
  test\core\services\permission_service_stub_test.dart 127:9  main.<fn>.<fn>.<fn>
  
00:33 +63 -18: C:/Users/fabian nuriel/ServisLog_core_1.2/test/core/services/permission_service_stub_test.dart: PermissionService with Mocks can - Backward Compatibility should map Permission enum correctly for owner
00:33 +63 -19: C:/Users/fabian nuriel/ServisLog_core_1.2/test/core/services/permission_service_stub_test.dart: PermissionService with Mocks can - Backward Compatibility should map Permission enum correctly for owner [E]
  Bad state: Cannot call `when` within a stub response
  package:mockito/src/mock.dart 1207:5                        when
  test\core\services\permission_service_stub_test.dart 151:9  main.<fn>.<fn>.<fn>
  
00:33 +63 -19: C:/Users/fabian nuriel/ServisLog_core_1.2/test/core/services/permission_service_stub_test.dart: PermissionService with Mocks Cache Management clearCache should not throw
00:33 +63 -20: C:/Users/fabian nuriel/ServisLog_core_1.2/test/core/services/permission_service_stub_test.dart: PermissionService with Mocks Cache Management clearCache should not throw [E]
  type 'Null' is not a subtype of type 'FirebaseFirestore'
  test\core\services\permission_service_stub_test.dart 174:27  main.<fn>.<fn>.<fn>
  
00:34 +63 -20: C:/Users/fabian nuriel/ServisLog_core_1.2/test/core/services/permission_service_test.dart: PermissionService hasPermission - Owner Access owner should have all permissions automatically
00:34 +63 -21: C:/Users/fabian nuriel/ServisLog_core_1.2/test/core/services/permission_service_test.dart: PermissionService hasPermission - Owner Access owner should have all permissions automatically [E]
  type 'Null' is not a subtype of type 'String'
  test\core\services\permission_service_test.mocks.dart 27:7  MockUser.uid
  test\core\services\permission_service_test.dart 42:21       main.<fn>.<fn>
  
00:34 +63 -21: C:/Users/fabian nuriel/ServisLog_core_1.2/test/core/services/permission_service_test.dart: PermissionService hasPermission - Unauthenticated should return false when user is not logged in
00:34 +63 -22: C:/Users/fabian nuriel/ServisLog_core_1.2/test/core/services/permission_service_test.dart: PermissionService hasPermission - Unauthenticated should return false when user is not logged in [E]
  Bad state: Cannot call `when` within a stub response
  package:mockito/src/mock.dart 1207:5                  when
  test\core\services\permission_service_test.dart 42:7  main.<fn>.<fn>
  
00:34 +63 -22: C:/Users/fabian nuriel/ServisLog_core_1.2/test/core/services/permission_service_test.dart: PermissionService hasPermission - Unauthenticated should return false when token claims are null
00:34 +63 -23: C:/Users/fabian nuriel/ServisLog_core_1.2/test/core/services/permission_service_test.dart: PermissionService hasPermission - Unauthenticated should return false when token claims are null [E]
  Bad state: Cannot call `when` within a stub response
  package:mockito/src/mock.dart 1207:5                  when
  test\core\services\permission_service_test.dart 42:7  main.<fn>.<fn>
  
00:34 +63 -23: C:/Users/fabian nuriel/ServisLog_core_1.2/test/core/services/permission_service_test.dart: PermissionService hasPermission - Unauthenticated should return false when bengkelId is null
00:34 +63 -24: C:/Users/fabian nuriel/ServisLog_core_1.2/test/core/services/permission_service_test.dart: PermissionService hasPermission - Unauthenticated should return false when bengkelId is null [E]
  Bad state: Cannot call `when` within a stub response
  package:mockito/src/mock.dart 1207:5                  when
  test\core\services\permission_service_test.dart 42:7  main.<fn>.<fn>
  
00:34 +63 -24: C:/Users/fabian nuriel/ServisLog_core_1.2/test/core/services/permission_service_test.dart: PermissionService hasAllPermissions should return true when all permissions are granted
00:34 +63 -25: C:/Users/fabian nuriel/ServisLog_core_1.2/test/core/services/permission_service_test.dart: PermissionService hasAllPermissions should return true when all permissions are granted [E]
  Bad state: Cannot call `when` within a stub response
  package:mockito/src/mock.dart 1207:5                  when
  test\core\services\permission_service_test.dart 42:7  main.<fn>.<fn>
  
00:34 +63 -25: C:/Users/fabian nuriel/ServisLog_core_1.2/test/core/services/permission_service_test.dart: PermissionService hasAnyPermission should return true when at least one permission is granted
00:34 +63 -26: C:/Users/fabian nuriel/ServisLog_core_1.2/test/core/services/permission_service_test.dart: PermissionService hasAnyPermission should return true when at least one permission is granted [E]
  Bad state: Cannot call `when` within a stub response
  package:mockito/src/mock.dart 1207:5                  when
  test\core\services\permission_service_test.dart 42:7  main.<fn>.<fn>
  
00:34 +63 -26: C:/Users/fabian nuriel/ServisLog_core_1.2/test/core/services/permission_service_test.dart: PermissionService can - Backward Compatibility should map Permission enum correctly for owner
00:34 +63 -27: C:/Users/fabian nuriel/ServisLog_core_1.2/test/core/services/permission_service_test.dart: PermissionService can - Backward Compatibility should map Permission enum correctly for owner [E]
  Bad state: Cannot call `when` within a stub response
  package:mockito/src/mock.dart 1207:5                  when
  test\core\services\permission_service_test.dart 42:7  main.<fn>.<fn>
  
00:34 +63 -27: C:/Users/fabian nuriel/ServisLog_core_1.2/test/core/services/permission_service_test.dart: PermissionService Cache Management clearCache should clear both caches
00:34 +63 -28: C:/Users/fabian nuriel/ServisLog_core_1.2/test/core/services/permission_service_test.dart: PermissionService Cache Management clearCache should clear both caches [E]
  Bad state: Cannot call `when` within a stub response
  package:mockito/src/mock.dart 1207:5                  when
  test\core\services\permission_service_test.dart 42:7  main.<fn>.<fn>
  
00:34 +63 -28: C:/Users/fabian nuriel/ServisLog_core_1.2/test/core/services/permission_service_test.dart: PermissionService isOwner Check should correctly identify owner role
00:34 +63 -29: C:/Users/fabian nuriel/ServisLog_core_1.2/test/core/services/permission_service_test.dart: PermissionService isOwner Check should correctly identify owner role [E]
  Bad state: Cannot call `when` within a stub response
  package:mockito/src/mock.dart 1207:5                  when
  test\core\services\permission_service_test.dart 42:7  main.<fn>.<fn>
  
00:37 +63 -29: C:/Users/fabian nuriel/ServisLog_core_1.2/test/core/services/reminder_service_test.dart: ReminderProvider Tests reminderTransactions should return only due soon and lunas transactions
00:37 +64 -29: C:/Users/fabian nuriel/ServisLog_core_1.2/test/core/services/reminder_service_test.dart: ReminderProvider Tests reminderTransactions should take only the newest transaction per vehicle
00:38 +65 -29: C:/Users/fabian nuriel/ServisLog_core_1.2/test/core/services/sale_service_test.dart: SaleList Provider Tests addSale() should save sale and refresh state
00:38 +66 -29: C:/Users/fabian nuriel/ServisLog_core_1.2/test/core/services/sale_service_test.dart: SaleList Provider Tests addSaleWithFinalization() should update stock and save sale
00:38 +67 -29: C:/Users/fabian nuriel/ServisLog_core_1.2/test/core/services/sale_service_test.dart: SaleList Provider Tests addSaleWithFinalization() should throw if stock insufficient
00:38 +68 -29: C:/Users/fabian nuriel/ServisLog_core_1.2/test/core/services/sale_service_test.dart: SaleList Provider Tests deleteSale() should soft delete and enqueue sync
00:40 +69 -29: C:/Users/fabian nuriel/ServisLog_core_1.2/test/core/services/service_records_service_test.dart: ServiceMasterList Provider Tests addItem() should save to database
00:41 +70 -29: C:/Users/fabian nuriel/ServisLog_core_1.2/test/core/services/service_records_service_test.dart: ServiceMasterList Provider Tests updateItem() should update existing item
00:41 +71 -29: C:/Users/fabian nuriel/ServisLog_core_1.2/test/core/services/service_records_service_test.dart: ServiceMasterList Provider Tests deleteItem() should soft delete
00:41 +72 -29: C:/Users/fabian nuriel/ServisLog_core_1.2/test/core/services/service_records_service_test.dart: ServiceMasterList Provider Tests filteredServiceMaster should filter items by name
01:05 +73 -29: C:/Users/fabian nuriel/ServisLog_core_1.2/test/core/services/session_manager_test.dart: SessionManager Tests Master Password Verification verifyMasterPassword returns false when no password saved
01:07 +74 -29: C:/Users/fabian nuriel/ServisLog_core_1.2/test/core/services/session_manager_test.dart: SessionManager Tests Master Password Verification verifyMasterPassword returns true for correct unsalted password (legacy)
01:07 +75 -29: C:/Users/fabian nuriel/ServisLog_core_1.2/test/core/services/session_manager_test.dart: SessionManager Tests Master Password Verification verifyMasterPassword returns true for correct salted password
01:07 +76 -29: C:/Users/fabian nuriel/ServisLog_core_1.2/test/core/services/session_manager_test.dart: SessionManager Tests Session Management saveSession correctly writes metadata to secure storage
[38;5;12m┌───────────────────────────────────────────────────────────────────────────────────────────────────────────────────────[0m
[38;5;12m│ #0   AppLogger.info (package:servisio_core/core/utils/app_logger.dart:59:12)[0m
[38;5;12m│ #1   AppLogger.init (package:servisio_core/core/utils/app_logger.dart:39:5)[0m
[38;5;12m├┄┄┄┄┄┄┄┄┄┄┄┄┄┄┄┄┄┄┄┄┄┄┄┄┄┄┄┄┄┄┄┄┄┄┄┄┄┄┄┄┄┄┄┄┄┄┄┄┄┄┄┄┄┄┄┄┄┄┄┄┄┄┄┄┄┄┄┄┄┄┄┄┄┄┄┄┄┄┄┄┄┄┄┄┄┄┄┄┄┄┄┄┄┄┄┄┄┄┄┄┄┄┄┄┄┄┄┄┄┄┄┄┄┄┄┄┄┄┄[0m
[38;5;12m│ 2026-04-22 19:14:57.095[0m
[38;5;12m├┄┄┄┄┄┄┄┄┄┄┄┄┄┄┄┄┄┄┄┄┄┄┄┄┄┄┄┄┄┄┄┄┄┄┄┄┄┄┄┄┄┄┄┄┄┄┄┄┄┄┄┄┄┄┄┄┄┄┄┄┄┄┄┄┄┄┄┄┄┄┄┄┄┄┄┄┄┄┄┄┄┄┄┄┄┄┄┄┄┄┄┄┄┄┄┄┄┄┄┄┄┄┄┄┄┄┄┄┄┄┄┄┄┄┄┄┄┄┄[0m
[38;5;12m│ 💡 [level=debug] AppLogger initialized[0m
[38;5;12m└───────────────────────────────────────────────────────────────────────────────────────────────────────────────────────[0m
[38;5;12m┌───────────────────────────────────────────────────────────────────────────────────────────────────────────────────────[0m
[38;5;12m│ #0   AppLogger.info (package:servisio_core/core/utils/app_logger.dart:59:12)[0m
[38;5;12m│ #1   AppLogger.init (package:servisio_core/core/utils/app_logger.dart:39:5)[0m
[38;5;12m├┄┄┄┄┄┄┄┄┄┄┄┄┄┄┄┄┄┄┄┄┄┄┄┄┄┄┄┄┄┄┄┄┄┄┄┄┄┄┄┄┄┄┄┄┄┄┄┄┄┄┄┄┄┄┄┄┄┄┄┄┄┄┄┄┄┄┄┄┄┄┄┄┄┄┄┄┄┄┄┄┄┄┄┄┄┄┄┄┄┄┄┄┄┄┄┄┄┄┄┄┄┄┄┄┄┄┄┄┄┄┄┄┄┄┄┄┄┄┄[0m
[38;5;12m│ 2026-04-22 19:14:57.095[0m
[38;5;12m├┄┄┄┄┄┄┄┄┄┄┄┄┄┄┄┄┄┄┄┄┄┄┄┄┄┄┄┄┄┄┄┄┄┄┄┄┄┄┄┄┄┄┄┄┄┄┄┄┄┄┄┄┄┄┄┄┄┄┄┄┄┄┄┄┄┄┄┄┄┄┄┄┄┄┄┄┄┄┄┄┄┄┄┄┄┄┄┄┄┄┄┄┄┄┄┄┄┄┄┄┄┄┄┄┄┄┄┄┄┄┄┄┄┄┄┄┄┄┄[0m
[38;5;12m│ 💡 [level=debug] AppLogger initialized[0m
[38;5;12m└───────────────────────────────────────────────────────────────────────────────────────────────────────────────────────[0m
[38;5;12m┌───────────────────────────────────────────────────────────────────────────────────────────────────────────────────────[0m
[38;5;12m│ #0   AppLogger.info (package:servisio_core/core/utils/app_logger.dart:59:12)[0m
[38;5;12m│ #1   SessionManager.saveSession (package:servisio_core/core/services/session_manager.dart:256:17)[0m
[38;5;12m├┄┄┄┄┄┄┄┄┄┄┄┄┄┄┄┄┄┄┄┄┄┄┄┄┄┄┄┄┄┄┄┄┄┄┄┄┄┄┄┄┄┄┄┄┄┄┄┄┄┄┄┄┄┄┄┄┄┄┄┄┄┄┄┄┄┄┄┄┄┄┄┄┄┄┄┄┄┄┄┄┄┄┄┄┄┄┄┄┄┄┄┄┄┄┄┄┄┄┄┄┄┄┄┄┄┄┄┄┄┄┄┄┄┄┄┄┄┄┄[0m
[38;5;12m│ 2026-04-22 19:14:57.132[0m
[38;5;12m├┄┄┄┄┄┄┄┄┄┄┄┄┄┄┄┄┄┄┄┄┄┄┄┄┄┄┄┄┄┄┄┄┄┄┄┄┄┄┄┄┄┄┄┄┄┄┄┄┄┄┄┄┄┄┄┄┄┄┄┄┄┄┄┄┄┄┄┄┄┄┄┄┄┄┄┄┄┄┄┄┄┄┄┄┄┄┄┄┄┄┄┄┄┄┄┄┄┄┄┄┄┄┄┄┄┄┄┄┄┄┄┄┄┄┄┄┄┄┄[0m
[38;5;12m│ 💡 [SessionManager] Session saved for user: user_123 (role: owner)[0m
[38;5;12m└───────────────────────────────────────────────────────────────────────────────────────────────────────────────────────[0m
[38;5;12m┌───────────────────────────────────────────────────────────────────────────────────────────────────────────────────────[0m
[38;5;12m│ #0   AppLogger.info (package:servisio_core/core/utils/app_logger.dart:59:12)[0m
[38;5;12m│ #1   SessionManager.saveSession (package:servisio_core/core/services/session_manager.dart:256:17)[0m
[38;5;12m├┄┄┄┄┄┄┄┄┄┄┄┄┄┄┄┄┄┄┄┄┄┄┄┄┄┄┄┄┄┄┄┄┄┄┄┄┄┄┄┄┄┄┄┄┄┄┄┄┄┄┄┄┄┄┄┄┄┄┄┄┄┄┄┄┄┄┄┄┄┄┄┄┄┄┄┄┄┄┄┄┄┄┄┄┄┄┄┄┄┄┄┄┄┄┄┄┄┄┄┄┄┄┄┄┄┄┄┄┄┄┄┄┄┄┄┄┄┄┄[0m
[38;5;12m│ 2026-04-22 19:14:57.132[0m
[38;5;12m├┄┄┄┄┄┄┄┄┄┄┄┄┄┄┄┄┄┄┄┄┄┄┄┄┄┄┄┄┄┄┄┄┄┄┄┄┄┄┄┄┄┄┄┄┄┄┄┄┄┄┄┄┄┄┄┄┄┄┄┄┄┄┄┄┄┄┄┄┄┄┄┄┄┄┄┄┄┄┄┄┄┄┄┄┄┄┄┄┄┄┄┄┄┄┄┄┄┄┄┄┄┄┄┄┄┄┄┄┄┄┄┄┄┄┄┄┄┄┄[0m
[38;5;12m│ 💡 [SessionManager] Session saved for user: user_123 (role: owner)[0m
[38;5;12m└───────────────────────────────────────────────────────────────────────────────────────────────────────────────────────[0m
01:07 +77 -29: C:/Users/fabian nuriel/ServisLog_core_1.2/test/core/services/session_manager_test.dart: SessionManager Tests Session Management clearSession removes all metadata and signs out
[38;5;12m┌───────────────────────────────────────────────────────────────────────────────────────────────────────────────────────[0m
[38;5;12m│ #0   AppLogger.info (package:servisio_core/core/utils/app_logger.dart:59:12)[0m
[38;5;12m│ #1   EncryptionService.clearSessionDataOnly (package:servisio_core/core/services/encryption_service.dart:162:15)[0m
[38;5;12m├┄┄┄┄┄┄┄┄┄┄┄┄┄┄┄┄┄┄┄┄┄┄┄┄┄┄┄┄┄┄┄┄┄┄┄┄┄┄┄┄┄┄┄┄┄┄┄┄┄┄┄┄┄┄┄┄┄┄┄┄┄┄┄┄┄┄┄┄┄┄┄┄┄┄┄┄┄┄┄┄┄┄┄┄┄┄┄┄┄┄┄┄┄┄┄┄┄┄┄┄┄┄┄┄┄┄┄┄┄┄┄┄┄┄┄┄┄┄┄[0m
[38;5;12m│ 2026-04-22 19:14:57.209[0m
[38;5;12m├┄┄┄┄┄┄┄┄┄┄┄┄┄┄┄┄┄┄┄┄┄┄┄┄┄┄┄┄┄┄┄┄┄┄┄┄┄┄┄┄┄┄┄┄┄┄┄┄┄┄┄┄┄┄┄┄┄┄┄┄┄┄┄┄┄┄┄┄┄┄┄┄┄┄┄┄┄┄┄┄┄┄┄┄┄┄┄┄┄┄┄┄┄┄┄┄┄┄┄┄┄┄┄┄┄┄┄┄┄┄┄┄┄┄┄┄┄┄┄[0m
[38;5;12m│ 💡 [EncryptionService] Session data cleared & Locked (Memory wiped)[0m
[38;5;12m└───────────────────────────────────────────────────────────────────────────────────────────────────────────────────────[0m
[38;5;12m┌───────────────────────────────────────────────────────────────────────────────────────────────────────────────────────[0m
[38;5;12m│ #0   AppLogger.info (package:servisio_core/core/utils/app_logger.dart:59:12)[0m
[38;5;12m│ #1   EncryptionService.clearSessionDataOnly (package:servisio_core/core/services/encryption_service.dart:162:15)[0m
[38;5;12m├┄┄┄┄┄┄┄┄┄┄┄┄┄┄┄┄┄┄┄┄┄┄┄┄┄┄┄┄┄┄┄┄┄┄┄┄┄┄┄┄┄┄┄┄┄┄┄┄┄┄┄┄┄┄┄┄┄┄┄┄┄┄┄┄┄┄┄┄┄┄┄┄┄┄┄┄┄┄┄┄┄┄┄┄┄┄┄┄┄┄┄┄┄┄┄┄┄┄┄┄┄┄┄┄┄┄┄┄┄┄┄┄┄┄┄┄┄┄┄[0m
[38;5;12m│ 2026-04-22 19:14:57.209[0m
[38;5;12m├┄┄┄┄┄┄┄┄┄┄┄┄┄┄┄┄┄┄┄┄┄┄┄┄┄┄┄┄┄┄┄┄┄┄┄┄┄┄┄┄┄┄┄┄┄┄┄┄┄┄┄┄┄┄┄┄┄┄┄┄┄┄┄┄┄┄┄┄┄┄┄┄┄┄┄┄┄┄┄┄┄┄┄┄┄┄┄┄┄┄┄┄┄┄┄┄┄┄┄┄┄┄┄┄┄┄┄┄┄┄┄┄┄┄┄┄┄┄┄[0m
[38;5;12m│ 💡 [EncryptionService] Session data cleared & Locked (Memory wiped)[0m
[38;5;12m└───────────────────────────────────────────────────────────────────────────────────────────────────────────────────────[0m
[38;5;12m┌───────────────────────────────────────────────────────────────────────────────────────────────────────────────────────[0m
[38;5;12m│ #0   AppLogger.info (package:servisio_core/core/utils/app_logger.dart:59:12)[0m
[38;5;12m│ #1   SessionManager.clearSession (package:servisio_core/core/services/session_manager.dart:277:15)[0m
[38;5;12m├┄┄┄┄┄┄┄┄┄┄┄┄┄┄┄┄┄┄┄┄┄┄┄┄┄┄┄┄┄┄┄┄┄┄┄┄┄┄┄┄┄┄┄┄┄┄┄┄┄┄┄┄┄┄┄┄┄┄┄┄┄┄┄┄┄┄┄┄┄┄┄┄┄┄┄┄┄┄┄┄┄┄┄┄┄┄┄┄┄┄┄┄┄┄┄┄┄┄┄┄┄┄┄┄┄┄┄┄┄┄┄┄┄┄┄┄┄┄┄[0m
[38;5;12m│ 2026-04-22 19:14:57.211[0m
[38;5;12m├┄┄┄┄┄┄┄┄┄┄┄┄┄┄┄┄┄┄┄┄┄┄┄┄┄┄┄┄┄┄┄┄┄┄┄┄┄┄┄┄┄┄┄┄┄┄┄┄┄┄┄┄┄┄┄┄┄┄┄┄┄┄┄┄┄┄┄┄┄┄┄┄┄┄┄┄┄┄┄┄┄┄┄┄┄┄┄┄┄┄┄┄┄┄┄┄┄┄┄┄┄┄┄┄┄┄┄┄┄┄┄┄┄┄┄┄┄┄┄[0m
[38;5;12m│ 💡 [SessionManager] Session cleared & Signed out[0m
[38;5;12m└───────────────────────────────────────────────────────────────────────────────────────────────────────────────────────[0m
[38;5;12m┌───────────────────────────────────────────────────────────────────────────────────────────────────────────────────────[0m
[38;5;12m│ #0   AppLogger.info (package:servisio_core/core/utils/app_logger.dart:59:12)[0m
[38;5;12m│ #1   SessionManager.clearSession (package:servisio_core/core/services/session_manager.dart:277:15)[0m
[38;5;12m├┄┄┄┄┄┄┄┄┄┄┄┄┄┄┄┄┄┄┄┄┄┄┄┄┄┄┄┄┄┄┄┄┄┄┄┄┄┄┄┄┄┄┄┄┄┄┄┄┄┄┄┄┄┄┄┄┄┄┄┄┄┄┄┄┄┄┄┄┄┄┄┄┄┄┄┄┄┄┄┄┄┄┄┄┄┄┄┄┄┄┄┄┄┄┄┄┄┄┄┄┄┄┄┄┄┄┄┄┄┄┄┄┄┄┄┄┄┄┄[0m
[38;5;12m│ 2026-04-22 19:14:57.211[0m
[38;5;12m├┄┄┄┄┄┄┄┄┄┄┄┄┄┄┄┄┄┄┄┄┄┄┄┄┄┄┄┄┄┄┄┄┄┄┄┄┄┄┄┄┄┄┄┄┄┄┄┄┄┄┄┄┄┄┄┄┄┄┄┄┄┄┄┄┄┄┄┄┄┄┄┄┄┄┄┄┄┄┄┄┄┄┄┄┄┄┄┄┄┄┄┄┄┄┄┄┄┄┄┄┄┄┄┄┄┄┄┄┄┄┄┄┄┄┄┄┄┄┄[0m
[38;5;12m│ 💡 [SessionManager] Session cleared & Signed out[0m
[38;5;12m└───────────────────────────────────────────────────────────────────────────────────────────────────────────────────────[0m
01:07 +78 -29: C:/Users/fabian nuriel/ServisLog_core_1.2/test/core/services/session_manager_test.dart: SessionManager Tests Device Fingerprint & Handshake _handshakeOnline sends correct device fingerprint
[38;5;12m┌───────────────────────────────────────────────────────────────────────────────────────────────────────────────────────[0m
[38;5;12m│ #0   AppLogger.info (package:servisio_core/core/utils/app_logger.dart:59:12)[0m
[38;5;12m│ #1   SessionManager._validateFirebaseToken (package:servisio_core/core/services/session_manager.dart:309:17)[0m
[38;5;12m├┄┄┄┄┄┄┄┄┄┄┄┄┄┄┄┄┄┄┄┄┄┄┄┄┄┄┄┄┄┄┄┄┄┄┄┄┄┄┄┄┄┄┄┄┄┄┄┄┄┄┄┄┄┄┄┄┄┄┄┄┄┄┄┄┄┄┄┄┄┄┄┄┄┄┄┄┄┄┄┄┄┄┄┄┄┄┄┄┄┄┄┄┄┄┄┄┄┄┄┄┄┄┄┄┄┄┄┄┄┄┄┄┄┄┄┄┄┄┄[0m
[38;5;12m│ 2026-04-22 19:14:57.267[0m
[38;5;12m├┄┄┄┄┄┄┄┄┄┄┄┄┄┄┄┄┄┄┄┄┄┄┄┄┄┄┄┄┄┄┄┄┄┄┄┄┄┄┄┄┄┄┄┄┄┄┄┄┄┄┄┄┄┄┄┄┄┄┄┄┄┄┄┄┄┄┄┄┄┄┄┄┄┄┄┄┄┄┄┄┄┄┄┄┄┄┄┄┄┄┄┄┄┄┄┄┄┄┄┄┄┄┄┄┄┄┄┄┄┄┄┄┄┄┄┄┄┄┄[0m
[38;5;12m│ 💡 [SessionManager] Token validated & updated: Expiry 1970-01-20T11:05:05.736[0m
[38;5;12m└───────────────────────────────────────────────────────────────────────────────────────────────────────────────────────[0m
[38;5;12m┌───────────────────────────────────────────────────────────────────────────────────────────────────────────────────────[0m
[38;5;12m│ #0   AppLogger.info (package:servisio_core/core/utils/app_logger.dart:59:12)[0m
[38;5;12m│ #1   SessionManager._validateFirebaseToken (package:servisio_core/core/services/session_manager.dart:309:17)[0m
[38;5;12m├┄┄┄┄┄┄┄┄┄┄┄┄┄┄┄┄┄┄┄┄┄┄┄┄┄┄┄┄┄┄┄┄┄┄┄┄┄┄┄┄┄┄┄┄┄┄┄┄┄┄┄┄┄┄┄┄┄┄┄┄┄┄┄┄┄┄┄┄┄┄┄┄┄┄┄┄┄┄┄┄┄┄┄┄┄┄┄┄┄┄┄┄┄┄┄┄┄┄┄┄┄┄┄┄┄┄┄┄┄┄┄┄┄┄┄┄┄┄┄[0m
[38;5;12m│ 2026-04-22 19:14:57.267[0m
[38;5;12m├┄┄┄┄┄┄┄┄┄┄┄┄┄┄┄┄┄┄┄┄┄┄┄┄┄┄┄┄┄┄┄┄┄┄┄┄┄┄┄┄┄┄┄┄┄┄┄┄┄┄┄┄┄┄┄┄┄┄┄┄┄┄┄┄┄┄┄┄┄┄┄┄┄┄┄┄┄┄┄┄┄┄┄┄┄┄┄┄┄┄┄┄┄┄┄┄┄┄┄┄┄┄┄┄┄┄┄┄┄┄┄┄┄┄┄┄┄┄┄[0m
[38;5;12m│ 💡 [SessionManager] Token validated & updated: Expiry 1970-01-20T11:05:05.736[0m
[38;5;12m└───────────────────────────────────────────────────────────────────────────────────────────────────────────────────────[0m
01:07 +79 -29: C:/Users/fabian nuriel/ServisLog_core_1.2/test/core/services/settings_provider_test.dart: Settings Provider Tests Initial state should load from SharedPreferences
01:08 +80 -29: C:/Users/fabian nuriel/ServisLog_core_1.2/test/core/services/settings_provider_test.dart: Settings Provider Tests updateWorkshopInfo should update state and SharedPreferences
01:08 +81 -29: C:/Users/fabian nuriel/ServisLog_core_1.2/test/core/services/settings_provider_test.dart: Settings Provider Tests setMonthlyTarget should clamp value
01:08 +82 -29: C:/Users/fabian nuriel/ServisLog_core_1.2/test/core/services/settings_provider_test.dart: Settings Provider Tests setThemeMode should persist value
01:09 +83 -29: C:/Users/fabian nuriel/ServisLog_core_1.2/test/core/services/stats_provider_test.dart: StatsProvider Tests calculateStats should correctly aggregate data
01:09 +84 -29: C:/Users/fabian nuriel/ServisLog_core_1.2/test/core/services/stats_provider_test.dart: StatsProvider Tests StatsProvider handles weekly and monthly ranges
01:09 +85 -29: C:/Users/fabian nuriel/ServisLog_core_1.2/test/core/services/stats_provider_test.dart: StatsProvider Tests StatsProvider Offline/Edge Cases StatsProvider returns zero for empty state
01:10 +86 -29: C:/Users/fabian nuriel/ServisLog_core_1.2/test/core/services/stok_provider_test.dart: StokListNotifier Tests Initial state loads stok
01:10 +87 -29: C:/Users/fabian nuriel/ServisLog_core_1.2/test/core/services/stok_provider_test.dart: StokListNotifier Tests addItem creates stok and initial history
01:10 +88 -29: C:/Users/fabian nuriel/ServisLog_core_1.2/test/core/services/stok_provider_test.dart: StokListNotifier Tests restock increases quantity and records history
01:10 +89 -29: C:/Users/fabian nuriel/ServisLog_core_1.2/test/core/services/stok_provider_test.dart: StokListNotifier Tests deleteStok soft deletes item
01:12 +90 -29: C:/Users/fabian nuriel/ServisLog_core_1.2/test/core/services/stok_service_test.dart: StokList Provider Tests addItem() should save stok and initial history
01:13 +91 -29: C:/Users/fabian nuriel/ServisLog_core_1.2/test/core/services/stok_service_test.dart: StokList Provider Tests addItem() should throw if jumlah is negative
01:13 +92 -29: C:/Users/fabian nuriel/ServisLog_core_1.2/test/core/services/stok_service_test.dart: StokList Provider Tests addItem() should throw if hargaJual < hargaBeli
01:13 +93 -29: C:/Users/fabian nuriel/ServisLog_core_1.2/test/core/services/stok_service_test.dart: StokList Provider Tests restock() should increment amount and add history
01:13 +94 -29: C:/Users/fabian nuriel/ServisLog_core_1.2/test/core/services/stok_service_test.dart: StokList Provider Tests updateItem() should record history if quantity changes
01:13 +95 -29: C:/Users/fabian nuriel/ServisLog_core_1.2/test/core/services/stok_service_test.dart: StokList Provider Tests Sorting should work correctly
01:18 +96 -29: C:/Users/fabian nuriel/ServisLog_core_1.2/test/core/services/sync_worker_test.dart: SyncWorker Tests enqueue() should save item to ObjectBox
📊 SyncTelemetry: Initialized with session=1776860108809_1332
📊 SyncTelemetry: Initialized with session=1776860108816_1484
[SYNC:INFO] [2026-04-22T19:15:08.896494] worker_stopped | entity: null | {}
01:18 +97 -29: C:/Users/fabian nuriel/ServisLog_core_1.2/test/core/services/sync_worker_test.dart: SyncWorker Tests processQueue should sync pending items when connectivity is available
📊 SyncTelemetry: Initialized with session=1776860108908_1929
[SYNC:INFO] [2026-04-22T19:15:08.923046] worker_started | entity: null | {bengkelId: test-bengkel, syncWifiOnly: false}
[SYNC:DEBUG] [2026-04-22T19:15:08.924179] lock_acquired | entity: null | {}
[SYNC:INFO] [2026-04-22T19:15:08.948407] sync_start | entity: tx-123 | {entity_type: transaction}
[SYNC:INFO] [2026-04-22T19:15:08.952902] sync_success | entity: tx-123 | {duration_ms: 4}
[SYNC:DEBUG] [2026-04-22T19:15:09.720546] lock_released | entity: null | {}
[SYNC:INFO] [2026-04-22T19:15:09.722226] worker_stopped | entity: null | {}
01:19 +98 -29: C:/Users/fabian nuriel/ServisLog_core_1.2/test/core/services/sync_worker_test.dart: SyncWorker Tests should NOT sync if connectivity is none
📊 SyncTelemetry: Initialized with session=1776860109736_1189
[SYNC:INFO] [2026-04-22T19:15:09.737187] worker_started | entity: null | {bengkelId: test-bengkel, syncWifiOnly: false}
[SYNC:DEBUG] [2026-04-22T19:15:09.737187] lock_acquired | entity: null | {}
[SYNC:DEBUG] [2026-04-22T19:15:09.738350] lock_released | entity: null | {}
[SYNC:INFO] [2026-04-22T19:15:09.790020] worker_stopped | entity: null | {}
01:19 +99 -29: C:/Users/fabian nuriel/ServisLog_core_1.2/test/core/services/sync_worker_test.dart: SyncWorker Tests should respect syncWifiOnly setting
📊 SyncTelemetry: Initialized with session=1776860109798_1299
[SYNC:INFO] [2026-04-22T19:15:09.799389] worker_started | entity: null | {bengkelId: test-bengkel, syncWifiOnly: true}
[SYNC:DEBUG] [2026-04-22T19:15:09.800436] lock_acquired | entity: null | {}
[38;5;12m┌───────────────────────────────────────────────────────────────────────────────────────────────────────────────────────[0m
[38;5;12m│ #0   AppLogger.info (package:servisio_core/core/utils/app_logger.dart:59:12)[0m
[38;5;12m│ #1   AppLogger.init (package:servisio_core/core/utils/app_logger.dart:39:5)[0m
[38;5;12m├┄┄┄┄┄┄┄┄┄┄┄┄┄┄┄┄┄┄┄┄┄┄┄┄┄┄┄┄┄┄┄┄┄┄┄┄┄┄┄┄┄┄┄┄┄┄┄┄┄┄┄┄┄┄┄┄┄┄┄┄┄┄┄┄┄┄┄┄┄┄┄┄┄┄┄┄┄┄┄┄┄┄┄┄┄┄┄┄┄┄┄┄┄┄┄┄┄┄┄┄┄┄┄┄┄┄┄┄┄┄┄┄┄┄┄┄┄┄┄[0m
[38;5;12m│ 2026-04-22 19:15:09.813[0m
[38;5;12m├┄┄┄┄┄┄┄┄┄┄┄┄┄┄┄┄┄┄┄┄┄┄┄┄┄┄┄┄┄┄┄┄┄┄┄┄┄┄┄┄┄┄┄┄┄┄┄┄┄┄┄┄┄┄┄┄┄┄┄┄┄┄┄┄┄┄┄┄┄┄┄┄┄┄┄┄┄┄┄┄┄┄┄┄┄┄┄┄┄┄┄┄┄┄┄┄┄┄┄┄┄┄┄┄┄┄┄┄┄┄┄┄┄┄┄┄┄┄┄[0m
[38;5;12m│ 💡 [level=debug] AppLogger initialized[0m
[38;5;12m└───────────────────────────────────────────────────────────────────────────────────────────────────────────────────────[0m
[38;5;12m┌───────────────────────────────────────────────────────────────────────────────────────────────────────────────────────[0m
[38;5;12m│ #0   AppLogger.info (package:servisio_core/core/utils/app_logger.dart:59:12)[0m
[38;5;12m│ #1   AppLogger.init (package:servisio_core/core/utils/app_logger.dart:39:5)[0m
[38;5;12m├┄┄┄┄┄┄┄┄┄┄┄┄┄┄┄┄┄┄┄┄┄┄┄┄┄┄┄┄┄┄┄┄┄┄┄┄┄┄┄┄┄┄┄┄┄┄┄┄┄┄┄┄┄┄┄┄┄┄┄┄┄┄┄┄┄┄┄┄┄┄┄┄┄┄┄┄┄┄┄┄┄┄┄┄┄┄┄┄┄┄┄┄┄┄┄┄┄┄┄┄┄┄┄┄┄┄┄┄┄┄┄┄┄┄┄┄┄┄┄[0m
[38;5;12m│ 2026-04-22 19:15:09.813[0m
[38;5;12m├┄┄┄┄┄┄┄┄┄┄┄┄┄┄┄┄┄┄┄┄┄┄┄┄┄┄┄┄┄┄┄┄┄┄┄┄┄┄┄┄┄┄┄┄┄┄┄┄┄┄┄┄┄┄┄┄┄┄┄┄┄┄┄┄┄┄┄┄┄┄┄┄┄┄┄┄┄┄┄┄┄┄┄┄┄┄┄┄┄┄┄┄┄┄┄┄┄┄┄┄┄┄┄┄┄┄┄┄┄┄┄┄┄┄┄┄┄┄┄[0m
[38;5;12m│ 💡 [level=debug] AppLogger initialized[0m
[38;5;12m└───────────────────────────────────────────────────────────────────────────────────────────────────────────────────────[0m
[38;5;12m┌───────────────────────────────────────────────────────────────────────────────────────────────────────────────────────[0m
[38;5;12m│ #0   AppLogger.info (package:servisio_core/core/utils/app_logger.dart:59:12)[0m
[38;5;12m│ #1   SyncWorker._processQueue (package:servisio_core/core/services/sync_worker.dart:182:19)[0m
[38;5;12m├┄┄┄┄┄┄┄┄┄┄┄┄┄┄┄┄┄┄┄┄┄┄┄┄┄┄┄┄┄┄┄┄┄┄┄┄┄┄┄┄┄┄┄┄┄┄┄┄┄┄┄┄┄┄┄┄┄┄┄┄┄┄┄┄┄┄┄┄┄┄┄┄┄┄┄┄┄┄┄┄┄┄┄┄┄┄┄┄┄┄┄┄┄┄┄┄┄┄┄┄┄┄┄┄┄┄┄┄┄┄┄┄┄┄┄┄┄┄┄[0m
[38;5;12m│ 2026-04-22 19:15:09.837[0m
[38;5;12m├┄┄┄┄┄┄┄┄┄┄┄┄┄┄┄┄┄┄┄┄┄┄┄┄┄┄┄┄┄┄┄┄┄┄┄┄┄┄┄┄┄┄┄┄┄┄┄┄┄┄┄┄┄┄┄┄┄┄┄┄┄┄┄┄┄┄┄┄┄┄┄┄┄┄┄┄┄┄┄┄┄┄┄┄┄┄┄┄┄┄┄┄┄┄┄┄┄┄┄┄┄┄┄┄┄┄┄┄┄┄┄┄┄┄┄┄┄┄┄[0m
[38;5;12m│ 💡 [SyncWorker] Sinkronisasi tertunda (Hanya WiFi aktif)[0m
[38;5;12m└───────────────────────────────────────────────────────────────────────────────────────────────────────────────────────[0m
[38;5;12m┌───────────────────────────────────────────────────────────────────────────────────────────────────────────────────────[0m
[38;5;12m│ #0   AppLogger.info (package:servisio_core/core/utils/app_logger.dart:59:12)[0m
[38;5;12m│ #1   SyncWorker._processQueue (package:servisio_core/core/services/sync_worker.dart:182:19)[0m
[38;5;12m├┄┄┄┄┄┄┄┄┄┄┄┄┄┄┄┄┄┄┄┄┄┄┄┄┄┄┄┄┄┄┄┄┄┄┄┄┄┄┄┄┄┄┄┄┄┄┄┄┄┄┄┄┄┄┄┄┄┄┄┄┄┄┄┄┄┄┄┄┄┄┄┄┄┄┄┄┄┄┄┄┄┄┄┄┄┄┄┄┄┄┄┄┄┄┄┄┄┄┄┄┄┄┄┄┄┄┄┄┄┄┄┄┄┄┄┄┄┄┄[0m
[38;5;12m│ 2026-04-22 19:15:09.837[0m
[38;5;12m├┄┄┄┄┄┄┄┄┄┄┄┄┄┄┄┄┄┄┄┄┄┄┄┄┄┄┄┄┄┄┄┄┄┄┄┄┄┄┄┄┄┄┄┄┄┄┄┄┄┄┄┄┄┄┄┄┄┄┄┄┄┄┄┄┄┄┄┄┄┄┄┄┄┄┄┄┄┄┄┄┄┄┄┄┄┄┄┄┄┄┄┄┄┄┄┄┄┄┄┄┄┄┄┄┄┄┄┄┄┄┄┄┄┄┄┄┄┄┄[0m
[38;5;12m│ 💡 [SyncWorker] Sinkronisasi tertunda (Hanya WiFi aktif)[0m
[38;5;12m└───────────────────────────────────────────────────────────────────────────────────────────────────────────────────────[0m
[SYNC:INFO] [2026-04-22T19:15:09.839092] sync_skipped_wifi_only | entity: null | {connectivity: ConnectivityResult.mobile}
[SYNC:DEBUG] [2026-04-22T19:15:09.839092] lock_released | entity: null | {}
[SYNC:INFO] [2026-04-22T19:15:09.851824] worker_stopped | entity: null | {}
[SYNC:INFO] [2026-04-22T19:15:09.852841] worker_stopped | entity: null | {}
01:19 +100 -29: C:/Users/fabian nuriel/ServisLog_core_1.2/test/core/services/sync_worker_test.dart: SyncWorker Tests should increment retryCount and eventually fail after limit
📊 SyncTelemetry: Initialized with session=1776860109889_1869
[SYNC:INFO] [2026-04-22T19:15:09.892049] worker_started | entity: null | {bengkelId: test-bengkel, syncWifiOnly: false}
[SYNC:DEBUG] [2026-04-22T19:15:09.893626] lock_acquired | entity: null | {}
[SYNC:INFO] [2026-04-22T19:15:09.894146] sync_start | entity: tx-failure | {entity_type: transaction}
🟡 Item-level failure recorded: tx-failure - unknown
[SYNC:ERROR] [2026-04-22T19:15:09.902894] sync_failed | entity: tx-failure | {error: Exception: Sync failed, error_type: unknown, retry_count: 1}
[SYNC:DEBUG] [2026-04-22T19:15:09.904419] lock_released | entity: null | {}
[SYNC:INFO] [2026-04-22T19:15:09.904419] worker_stopped | entity: null | {}
01:23 +101 -29: C:/Users/fabian nuriel/ServisLog_core_1.2/test/core/services/technician_service_test.dart: StaffList Provider Tests Initial state should load staff from repository
01:23 +102 -29: C:/Users/fabian nuriel/ServisLog_core_1.2/test/core/services/technician_service_test.dart: StaffList Provider Tests add() should update state and enqueue sync
01:23 +103 -29: C:/Users/fabian nuriel/ServisLog_core_1.2/test/core/services/technician_service_test.dart: StaffList Provider Tests delete() should soft delete and update state
01:27 +104 -29: C:/Users/fabian nuriel/ServisLog_core_1.2/test/core/services/transaction_number_service_test.dart: TrxNumberService Tests generateTrxNumber() should increment and format correctly
01:27 +105 -29: C:/Users/fabian nuriel/ServisLog_core_1.2/test/core/services/transaction_number_service_test.dart: TrxNumberService Tests getCurrentCount() should return correct count without updating
01:27 +106 -29: C:/Users/fabian nuriel/ServisLog_core_1.2/test/core/services/transaction_number_service_test.dart: TrxNumberService Tests resetCounter() should clear counter for a key
01:32 +107 -29: C:/Users/fabian nuriel/ServisLog_core_1.2/test/core/services/transaction_providers_test.dart: TransactionListNotifier Tests Initial loading fetches all transactions
01:32 +108 -29: C:/Users/fabian nuriel/ServisLog_core_1.2/test/core/services/transaction_providers_test.dart: TransactionListNotifier Tests addTransaction saves to repo and enqueues sync
01:32 +109 -29: C:/Users/fabian nuriel/ServisLog_core_1.2/test/core/services/transaction_providers_test.dart: TransactionListNotifier Tests deleteTransaction performs soft delete
01:35 +110 -29: C:/Users/fabian nuriel/ServisLog_core_1.2/test/core/services/transaksi_service_test.dart: TransactionList Provider Tests Initial state should load transactions from repository
01:35 +111 -29: C:/Users/fabian nuriel/ServisLog_core_1.2/test/core/services/transaksi_service_test.dart: TransactionList Provider Tests addTransaction() should update state and enqueue sync
01:39 +112 -29: C:/Users/fabian nuriel/ServisLog_core_1.2/test/core/services/vehicle_service_test.dart: VehicleList Provider Tests Initial state should load vehicles from repository
01:39 +113 -29: C:/Users/fabian nuriel/ServisLog_core_1.2/test/core/services/vehicle_service_test.dart: VehicleList Provider Tests addVehicle() should update state and enqueue sync
01:39 +114 -29: C:/Users/fabian nuriel/ServisLog_core_1.2/test/core/services/vehicle_service_test.dart: VehicleList Provider Tests customerVehicles provider should filter correctly
01:39 +114 -30: C:/Users/fabian nuriel/ServisLog_core_1.2/test/core/services/vehicle_service_test.dart: VehicleList Provider Tests customerVehicles provider should filter correctly [E]
  Expected: <2>
    Actual: <3>
  
  package:matcher                                     expect
  package:flutter_test/src/widget_tester.dart 473:18  expect
  test\core\services\vehicle_service_test.dart 70:7   main.<fn>.<fn>
  
01:42 +114 -30: C:/Users/fabian nuriel/ServisLog_core_1.2/test/core/services/zip_utility_test.dart: ZipUtility Tests createBackupZip should create a valid ZIP with settings and directories
01:42 +115 -30: C:/Users/fabian nuriel/ServisLog_core_1.2/test/core/services/zip_utility_test.dart: ZipUtility Tests extractRestoreZip should restore files and settings correctly
✅ ZIP archive validation passed
✅ Backup restore completed successfully
01:42 +116 -30: C:/Users/fabian nuriel/ServisLog_core_1.2/test/core/services/zip_utility_test.dart: ZipUtility Tests extractRestoreZip should throw if ZIP is corrupt/missing items
01:45 +117 -30: C:/Users/fabian nuriel/ServisLog_core_1.2/test/core/utils/app_logger_test.dart: AppLogger should initialize correctly
[38;5;12m┌───────────────────────────────────────────────────────────────────────────────────────────────────────────────────────[0m
[38;5;12m│ #0   AppLogger.info (package:servisio_core/core/utils/app_logger.dart:59:12)[0m
[38;5;12m│ #1   AppLogger.init (package:servisio_core/core/utils/app_logger.dart:39:5)[0m
[38;5;12m├┄┄┄┄┄┄┄┄┄┄┄┄┄┄┄┄┄┄┄┄┄┄┄┄┄┄┄┄┄┄┄┄┄┄┄┄┄┄┄┄┄┄┄┄┄┄┄┄┄┄┄┄┄┄┄┄┄┄┄┄┄┄┄┄┄┄┄┄┄┄┄┄┄┄┄┄┄┄┄┄┄┄┄┄┄┄┄┄┄┄┄┄┄┄┄┄┄┄┄┄┄┄┄┄┄┄┄┄┄┄┄┄┄┄┄┄┄┄┄[0m
[38;5;12m│ 2026-04-22 19:15:35.038[0m
[38;5;12m├┄┄┄┄┄┄┄┄┄┄┄┄┄┄┄┄┄┄┄┄┄┄┄┄┄┄┄┄┄┄┄┄┄┄┄┄┄┄┄┄┄┄┄┄┄┄┄┄┄┄┄┄┄┄┄┄┄┄┄┄┄┄┄┄┄┄┄┄┄┄┄┄┄┄┄┄┄┄┄┄┄┄┄┄┄┄┄┄┄┄┄┄┄┄┄┄┄┄┄┄┄┄┄┄┄┄┄┄┄┄┄┄┄┄┄┄┄┄┄[0m
[38;5;12m│ 💡 [level=debug] AppLogger initialized[0m
[38;5;12m└───────────────────────────────────────────────────────────────────────────────────────────────────────────────────────[0m
[38;5;12m┌───────────────────────────────────────────────────────────────────────────────────────────────────────────────────────[0m
[38;5;12m│ #0   AppLogger.info (package:servisio_core/core/utils/app_logger.dart:59:12)[0m
[38;5;12m│ #1   AppLogger.init (package:servisio_core/core/utils/app_logger.dart:39:5)[0m
[38;5;12m├┄┄┄┄┄┄┄┄┄┄┄┄┄┄┄┄┄┄┄┄┄┄┄┄┄┄┄┄┄┄┄┄┄┄┄┄┄┄┄┄┄┄┄┄┄┄┄┄┄┄┄┄┄┄┄┄┄┄┄┄┄┄┄┄┄┄┄┄┄┄┄┄┄┄┄┄┄┄┄┄┄┄┄┄┄┄┄┄┄┄┄┄┄┄┄┄┄┄┄┄┄┄┄┄┄┄┄┄┄┄┄┄┄┄┄┄┄┄┄[0m
[38;5;12m│ 2026-04-22 19:15:35.038[0m
[38;5;12m├┄┄┄┄┄┄┄┄┄┄┄┄┄┄┄┄┄┄┄┄┄┄┄┄┄┄┄┄┄┄┄┄┄┄┄┄┄┄┄┄┄┄┄┄┄┄┄┄┄┄┄┄┄┄┄┄┄┄┄┄┄┄┄┄┄┄┄┄┄┄┄┄┄┄┄┄┄┄┄┄┄┄┄┄┄┄┄┄┄┄┄┄┄┄┄┄┄┄┄┄┄┄┄┄┄┄┄┄┄┄┄┄┄┄┄┄┄┄┄[0m
[38;5;12m│ 💡 [level=debug] AppLogger initialized[0m
[38;5;12m└───────────────────────────────────────────────────────────────────────────────────────────────────────────────────────[0m
01:45 +118 -30: C:/Users/fabian nuriel/ServisLog_core_1.2/test/core/utils/app_logger_test.dart: AppLogger should have logger instance after init
01:45 +119 -30: C:/Users/fabian nuriel/ServisLog_core_1.2/test/core/utils/app_logger_test.dart: AppLogger Log Methods debug should not throw
┌───────────────────────────────────────────────────────────────────────────────────────────────────────────────────────
│ #0   AppLogger.debug (package:servisio_core/core/utils/app_logger.dart:53:12)
│ #1   main.<anonymous closure>.<anonymous closure>.<anonymous closure>.<anonymous closure> (file:///C:/Users/fabian%20nuriel/ServisLog_core_1.2/test/core/utils/app_logger_test.dart:24:24)
├┄┄┄┄┄┄┄┄┄┄┄┄┄┄┄┄┄┄┄┄┄┄┄┄┄┄┄┄┄┄┄┄┄┄┄┄┄┄┄┄┄┄┄┄┄┄┄┄┄┄┄┄┄┄┄┄┄┄┄┄┄┄┄┄┄┄┄┄┄┄┄┄┄┄┄┄┄┄┄┄┄┄┄┄┄┄┄┄┄┄┄┄┄┄┄┄┄┄┄┄┄┄┄┄┄┄┄┄┄┄┄┄┄┄┄┄┄┄┄
│ 2026-04-22 19:15:35.111
├┄┄┄┄┄┄┄┄┄┄┄┄┄┄┄┄┄┄┄┄┄┄┄┄┄┄┄┄┄┄┄┄┄┄┄┄┄┄┄┄┄┄┄┄┄┄┄┄┄┄┄┄┄┄┄┄┄┄┄┄┄┄┄┄┄┄┄┄┄┄┄┄┄┄┄┄┄┄┄┄┄┄┄┄┄┄┄┄┄┄┄┄┄┄┄┄┄┄┄┄┄┄┄┄┄┄┄┄┄┄┄┄┄┄┄┄┄┄┄
│ 🐛 [Test] Test debug message
└───────────────────────────────────────────────────────────────────────────────────────────────────────────────────────
┌───────────────────────────────────────────────────────────────────────────────────────────────────────────────────────
│ #0   AppLogger.debug (package:servisio_core/core/utils/app_logger.dart:53:12)
│ #1   main.<anonymous closure>.<anonymous closure>.<anonymous closure>.<anonymous closure> (file:///C:/Users/fabian%20nuriel/ServisLog_core_1.2/test/core/utils/app_logger_test.dart:24:24)
├┄┄┄┄┄┄┄┄┄┄┄┄┄┄┄┄┄┄┄┄┄┄┄┄┄┄┄┄┄┄┄┄┄┄┄┄┄┄┄┄┄┄┄┄┄┄┄┄┄┄┄┄┄┄┄┄┄┄┄┄┄┄┄┄┄┄┄┄┄┄┄┄┄┄┄┄┄┄┄┄┄┄┄┄┄┄┄┄┄┄┄┄┄┄┄┄┄┄┄┄┄┄┄┄┄┄┄┄┄┄┄┄┄┄┄┄┄┄┄
│ 2026-04-22 19:15:35.111
├┄┄┄┄┄┄┄┄┄┄┄┄┄┄┄┄┄┄┄┄┄┄┄┄┄┄┄┄┄┄┄┄┄┄┄┄┄┄┄┄┄┄┄┄┄┄┄┄┄┄┄┄┄┄┄┄┄┄┄┄┄┄┄┄┄┄┄┄┄┄┄┄┄┄┄┄┄┄┄┄┄┄┄┄┄┄┄┄┄┄┄┄┄┄┄┄┄┄┄┄┄┄┄┄┄┄┄┄┄┄┄┄┄┄┄┄┄┄┄
│ 🐛 [Test] Test debug message
└───────────────────────────────────────────────────────────────────────────────────────────────────────────────────────
01:45 +120 -30: C:/Users/fabian nuriel/ServisLog_core_1.2/test/core/utils/app_logger_test.dart: AppLogger Log Methods info should not throw
[38;5;12m┌───────────────────────────────────────────────────────────────────────────────────────────────────────────────────────[0m
[38;5;12m│ #0   AppLogger.info (package:servisio_core/core/utils/app_logger.dart:59:12)[0m
[38;5;12m│ #1   main.<anonymous closure>.<anonymous closure>.<anonymous closure>.<anonymous closure> (file:///C:/Users/fabian%20nuriel/ServisLog_core_1.2/test/core/utils/app_logger_test.dart:31:24)[0m
[38;5;12m├┄┄┄┄┄┄┄┄┄┄┄┄┄┄┄┄┄┄┄┄┄┄┄┄┄┄┄┄┄┄┄┄┄┄┄┄┄┄┄┄┄┄┄┄┄┄┄┄┄┄┄┄┄┄┄┄┄┄┄┄┄┄┄┄┄┄┄┄┄┄┄┄┄┄┄┄┄┄┄┄┄┄┄┄┄┄┄┄┄┄┄┄┄┄┄┄┄┄┄┄┄┄┄┄┄┄┄┄┄┄┄┄┄┄┄┄┄┄┄[0m
[38;5;12m│ 2026-04-22 19:15:35.130[0m
[38;5;12m├┄┄┄┄┄┄┄┄┄┄┄┄┄┄┄┄┄┄┄┄┄┄┄┄┄┄┄┄┄┄┄┄┄┄┄┄┄┄┄┄┄┄┄┄┄┄┄┄┄┄┄┄┄┄┄┄┄┄┄┄┄┄┄┄┄┄┄┄┄┄┄┄┄┄┄┄┄┄┄┄┄┄┄┄┄┄┄┄┄┄┄┄┄┄┄┄┄┄┄┄┄┄┄┄┄┄┄┄┄┄┄┄┄┄┄┄┄┄┄[0m
[38;5;12m│ 💡 [Test] Test info message[0m
[38;5;12m└───────────────────────────────────────────────────────────────────────────────────────────────────────────────────────[0m
[38;5;12m┌───────────────────────────────────────────────────────────────────────────────────────────────────────────────────────[0m
[38;5;12m│ #0   AppLogger.info (package:servisio_core/core/utils/app_logger.dart:59:12)[0m
[38;5;12m│ #1   main.<anonymous closure>.<anonymous closure>.<anonymous closure>.<anonymous closure> (file:///C:/Users/fabian%20nuriel/ServisLog_core_1.2/test/core/utils/app_logger_test.dart:31:24)[0m
[38;5;12m├┄┄┄┄┄┄┄┄┄┄┄┄┄┄┄┄┄┄┄┄┄┄┄┄┄┄┄┄┄┄┄┄┄┄┄┄┄┄┄┄┄┄┄┄┄┄┄┄┄┄┄┄┄┄┄┄┄┄┄┄┄┄┄┄┄┄┄┄┄┄┄┄┄┄┄┄┄┄┄┄┄┄┄┄┄┄┄┄┄┄┄┄┄┄┄┄┄┄┄┄┄┄┄┄┄┄┄┄┄┄┄┄┄┄┄┄┄┄┄[0m
[38;5;12m│ 2026-04-22 19:15:35.130[0m
[38;5;12m├┄┄┄┄┄┄┄┄┄┄┄┄┄┄┄┄┄┄┄┄┄┄┄┄┄┄┄┄┄┄┄┄┄┄┄┄┄┄┄┄┄┄┄┄┄┄┄┄┄┄┄┄┄┄┄┄┄┄┄┄┄┄┄┄┄┄┄┄┄┄┄┄┄┄┄┄┄┄┄┄┄┄┄┄┄┄┄┄┄┄┄┄┄┄┄┄┄┄┄┄┄┄┄┄┄┄┄┄┄┄┄┄┄┄┄┄┄┄┄[0m
[38;5;12m│ 💡 [Test] Test info message[0m
[38;5;12m└───────────────────────────────────────────────────────────────────────────────────────────────────────────────────────[0m
01:45 +121 -30: C:/Users/fabian nuriel/ServisLog_core_1.2/test/core/utils/app_logger_test.dart: AppLogger Log Methods warning should not throw
[38;5;208m┌───────────────────────────────────────────────────────────────────────────────────────────────────────────────────────[0m
[38;5;208m│ #0   AppLogger.warning (package:servisio_core/core/utils/app_logger.dart:65:12)[0m
[38;5;208m│ #1   main.<anonymous closure>.<anonymous closure>.<anonymous closure>.<anonymous closure> (file:///C:/Users/fabian%20nuriel/ServisLog_core_1.2/test/core/utils/app_logger_test.dart:38:24)[0m
[38;5;208m├┄┄┄┄┄┄┄┄┄┄┄┄┄┄┄┄┄┄┄┄┄┄┄┄┄┄┄┄┄┄┄┄┄┄┄┄┄┄┄┄┄┄┄┄┄┄┄┄┄┄┄┄┄┄┄┄┄┄┄┄┄┄┄┄┄┄┄┄┄┄┄┄┄┄┄┄┄┄┄┄┄┄┄┄┄┄┄┄┄┄┄┄┄┄┄┄┄┄┄┄┄┄┄┄┄┄┄┄┄┄┄┄┄┄┄┄┄┄┄[0m
[38;5;208m│ 2026-04-22 19:15:35.154[0m
[38;5;208m├┄┄┄┄┄┄┄┄┄┄┄┄┄┄┄┄┄┄┄┄┄┄┄┄┄┄┄┄┄┄┄┄┄┄┄┄┄┄┄┄┄┄┄┄┄┄┄┄┄┄┄┄┄┄┄┄┄┄┄┄┄┄┄┄┄┄┄┄┄┄┄┄┄┄┄┄┄┄┄┄┄┄┄┄┄┄┄┄┄┄┄┄┄┄┄┄┄┄┄┄┄┄┄┄┄┄┄┄┄┄┄┄┄┄┄┄┄┄┄[0m
[38;5;208m│ ⚠️ [Test] Test warning message[0m
[38;5;208m└───────────────────────────────────────────────────────────────────────────────────────────────────────────────────────[0m
[38;5;208m┌───────────────────────────────────────────────────────────────────────────────────────────────────────────────────────[0m
[38;5;208m│ #0   AppLogger.warning (package:servisio_core/core/utils/app_logger.dart:65:12)[0m
[38;5;208m│ #1   main.<anonymous closure>.<anonymous closure>.<anonymous closure>.<anonymous closure> (file:///C:/Users/fabian%20nuriel/ServisLog_core_1.2/test/core/utils/app_logger_test.dart:38:24)[0m
[38;5;208m├┄┄┄┄┄┄┄┄┄┄┄┄┄┄┄┄┄┄┄┄┄┄┄┄┄┄┄┄┄┄┄┄┄┄┄┄┄┄┄┄┄┄┄┄┄┄┄┄┄┄┄┄┄┄┄┄┄┄┄┄┄┄┄┄┄┄┄┄┄┄┄┄┄┄┄┄┄┄┄┄┄┄┄┄┄┄┄┄┄┄┄┄┄┄┄┄┄┄┄┄┄┄┄┄┄┄┄┄┄┄┄┄┄┄┄┄┄┄┄[0m
[38;5;208m│ 2026-04-22 19:15:35.154[0m
[38;5;208m├┄┄┄┄┄┄┄┄┄┄┄┄┄┄┄┄┄┄┄┄┄┄┄┄┄┄┄┄┄┄┄┄┄┄┄┄┄┄┄┄┄┄┄┄┄┄┄┄┄┄┄┄┄┄┄┄┄┄┄┄┄┄┄┄┄┄┄┄┄┄┄┄┄┄┄┄┄┄┄┄┄┄┄┄┄┄┄┄┄┄┄┄┄┄┄┄┄┄┄┄┄┄┄┄┄┄┄┄┄┄┄┄┄┄┄┄┄┄┄[0m
[38;5;208m│ ⚠️ [Test] Test warning message[0m
[38;5;208m└───────────────────────────────────────────────────────────────────────────────────────────────────────────────────────[0m
01:45 +122 -30: C:/Users/fabian nuriel/ServisLog_core_1.2/test/core/utils/app_logger_test.dart: AppLogger Log Methods error should not throw
[38;5;196m┌───────────────────────────────────────────────────────────────────────────────────────────────────────────────────────[0m
[38;5;196m│ #0   AppLogger.error (package:servisio_core/core/utils/app_logger.dart:71:12)[0m
[38;5;196m│ #1   main.<anonymous closure>.<anonymous closure>.<anonymous closure>.<anonymous closure> (file:///C:/Users/fabian%20nuriel/ServisLog_core_1.2/test/core/utils/app_logger_test.dart:45:24)[0m
[38;5;196m├┄┄┄┄┄┄┄┄┄┄┄┄┄┄┄┄┄┄┄┄┄┄┄┄┄┄┄┄┄┄┄┄┄┄┄┄┄┄┄┄┄┄┄┄┄┄┄┄┄┄┄┄┄┄┄┄┄┄┄┄┄┄┄┄┄┄┄┄┄┄┄┄┄┄┄┄┄┄┄┄┄┄┄┄┄┄┄┄┄┄┄┄┄┄┄┄┄┄┄┄┄┄┄┄┄┄┄┄┄┄┄┄┄┄┄┄┄┄┄[0m
[38;5;196m│ 2026-04-22 19:15:35.175[0m
[38;5;196m├┄┄┄┄┄┄┄┄┄┄┄┄┄┄┄┄┄┄┄┄┄┄┄┄┄┄┄┄┄┄┄┄┄┄┄┄┄┄┄┄┄┄┄┄┄┄┄┄┄┄┄┄┄┄┄┄┄┄┄┄┄┄┄┄┄┄┄┄┄┄┄┄┄┄┄┄┄┄┄┄┄┄┄┄┄┄┄┄┄┄┄┄┄┄┄┄┄┄┄┄┄┄┄┄┄┄┄┄┄┄┄┄┄┄┄┄┄┄┄[0m
[38;5;196m│ ⛔ [Test] Test error message[0m
[38;5;196m└───────────────────────────────────────────────────────────────────────────────────────────────────────────────────────[0m
[38;5;196m┌───────────────────────────────────────────────────────────────────────────────────────────────────────────────────────[0m
[38;5;196m│ #0   AppLogger.error (package:servisio_core/core/utils/app_logger.dart:71:12)[0m
[38;5;196m│ #1   main.<anonymous closure>.<anonymous closure>.<anonymous closure>.<anonymous closure> (file:///C:/Users/fabian%20nuriel/ServisLog_core_1.2/test/core/utils/app_logger_test.dart:45:24)[0m
[38;5;196m├┄┄┄┄┄┄┄┄┄┄┄┄┄┄┄┄┄┄┄┄┄┄┄┄┄┄┄┄┄┄┄┄┄┄┄┄┄┄┄┄┄┄┄┄┄┄┄┄┄┄┄┄┄┄┄┄┄┄┄┄┄┄┄┄┄┄┄┄┄┄┄┄┄┄┄┄┄┄┄┄┄┄┄┄┄┄┄┄┄┄┄┄┄┄┄┄┄┄┄┄┄┄┄┄┄┄┄┄┄┄┄┄┄┄┄┄┄┄┄[0m
[38;5;196m│ 2026-04-22 19:15:35.175[0m
[38;5;196m├┄┄┄┄┄┄┄┄┄┄┄┄┄┄┄┄┄┄┄┄┄┄┄┄┄┄┄┄┄┄┄┄┄┄┄┄┄┄┄┄┄┄┄┄┄┄┄┄┄┄┄┄┄┄┄┄┄┄┄┄┄┄┄┄┄┄┄┄┄┄┄┄┄┄┄┄┄┄┄┄┄┄┄┄┄┄┄┄┄┄┄┄┄┄┄┄┄┄┄┄┄┄┄┄┄┄┄┄┄┄┄┄┄┄┄┄┄┄┄[0m
[38;5;196m│ ⛔ [Test] Test error message[0m
[38;5;196m└───────────────────────────────────────────────────────────────────────────────────────────────────────────────────────[0m
01:45 +123 -30: C:/Users/fabian nuriel/ServisLog_core_1.2/test/core/utils/app_logger_test.dart: AppLogger Log Methods critical should not throw
[38;5;199m┌───────────────────────────────────────────────────────────────────────────────────────────────────────────────────────[0m
[38;5;199m│ #0   AppLogger.critical (package:servisio_core/core/utils/app_logger.dart:87:12)[0m
[38;5;199m│ #1   main.<anonymous closure>.<anonymous closure>.<anonymous closure>.<anonymous closure> (file:///C:/Users/fabian%20nuriel/ServisLog_core_1.2/test/core/utils/app_logger_test.dart:52:24)[0m
[38;5;199m├┄┄┄┄┄┄┄┄┄┄┄┄┄┄┄┄┄┄┄┄┄┄┄┄┄┄┄┄┄┄┄┄┄┄┄┄┄┄┄┄┄┄┄┄┄┄┄┄┄┄┄┄┄┄┄┄┄┄┄┄┄┄┄┄┄┄┄┄┄┄┄┄┄┄┄┄┄┄┄┄┄┄┄┄┄┄┄┄┄┄┄┄┄┄┄┄┄┄┄┄┄┄┄┄┄┄┄┄┄┄┄┄┄┄┄┄┄┄┄[0m
[38;5;199m│ 2026-04-22 19:15:35.200[0m
[38;5;199m├┄┄┄┄┄┄┄┄┄┄┄┄┄┄┄┄┄┄┄┄┄┄┄┄┄┄┄┄┄┄┄┄┄┄┄┄┄┄┄┄┄┄┄┄┄┄┄┄┄┄┄┄┄┄┄┄┄┄┄┄┄┄┄┄┄┄┄┄┄┄┄┄┄┄┄┄┄┄┄┄┄┄┄┄┄┄┄┄┄┄┄┄┄┄┄┄┄┄┄┄┄┄┄┄┄┄┄┄┄┄┄┄┄┄┄┄┄┄┄[0m
[38;5;199m│ 👾 [Test] Test critical message[0m
[38;5;199m└───────────────────────────────────────────────────────────────────────────────────────────────────────────────────────[0m
[38;5;199m┌───────────────────────────────────────────────────────────────────────────────────────────────────────────────────────[0m
[38;5;199m│ #0   AppLogger.critical (package:servisio_core/core/utils/app_logger.dart:87:12)[0m
[38;5;199m│ #1   main.<anonymous closure>.<anonymous closure>.<anonymous closure>.<anonymous closure> (file:///C:/Users/fabian%20nuriel/ServisLog_core_1.2/test/core/utils/app_logger_test.dart:52:24)[0m
[38;5;199m├┄┄┄┄┄┄┄┄┄┄┄┄┄┄┄┄┄┄┄┄┄┄┄┄┄┄┄┄┄┄┄┄┄┄┄┄┄┄┄┄┄┄┄┄┄┄┄┄┄┄┄┄┄┄┄┄┄┄┄┄┄┄┄┄┄┄┄┄┄┄┄┄┄┄┄┄┄┄┄┄┄┄┄┄┄┄┄┄┄┄┄┄┄┄┄┄┄┄┄┄┄┄┄┄┄┄┄┄┄┄┄┄┄┄┄┄┄┄┄[0m
[38;5;199m│ 2026-04-22 19:15:35.200[0m
[38;5;199m├┄┄┄┄┄┄┄┄┄┄┄┄┄┄┄┄┄┄┄┄┄┄┄┄┄┄┄┄┄┄┄┄┄┄┄┄┄┄┄┄┄┄┄┄┄┄┄┄┄┄┄┄┄┄┄┄┄┄┄┄┄┄┄┄┄┄┄┄┄┄┄┄┄┄┄┄┄┄┄┄┄┄┄┄┄┄┄┄┄┄┄┄┄┄┄┄┄┄┄┄┄┄┄┄┄┄┄┄┄┄┄┄┄┄┄┄┄┄┄[0m
[38;5;199m│ 👾 [Test] Test critical message[0m
[38;5;199m└───────────────────────────────────────────────────────────────────────────────────────────────────────────────────────[0m
01:45 +124 -30: C:/Users/fabian nuriel/ServisLog_core_1.2/test/core/utils/app_logger_test.dart: AppLogger Audit Logging audit should not throw with metadata
[38;5;12m┌───────────────────────────────────────────────────────────────────────────────────────────────────────────────────────[0m
[38;5;12m│ {userId: 123, ip: 192.168.1.1}[0m
[38;5;12m├┄┄┄┄┄┄┄┄┄┄┄┄┄┄┄┄┄┄┄┄┄┄┄┄┄┄┄┄┄┄┄┄┄┄┄┄┄┄┄┄┄┄┄┄┄┄┄┄┄┄┄┄┄┄┄┄┄┄┄┄┄┄┄┄┄┄┄┄┄┄┄┄┄┄┄┄┄┄┄┄┄┄┄┄┄┄┄┄┄┄┄┄┄┄┄┄┄┄┄┄┄┄┄┄┄┄┄┄┄┄┄┄┄┄┄┄┄┄┄[0m
[38;5;12m│ #0   AppLogger.audit (package:servisio_core/core/utils/app_logger.dart:95:12)[0m
[38;5;12m│ #1   main.<anonymous closure>.<anonymous closure>.<anonymous closure>.<anonymous closure> (file:///C:/Users/fabian%20nuriel/ServisLog_core_1.2/test/core/utils/app_logger_test.dart:61:24)[0m
[38;5;12m│ #2   _ReturnsNormally.typedMatches (package:matcher/src/core_matchers.dart:156:22)[0m
[38;5;12m│ #3   FeatureMatcher.matches (package:matcher/src/feature_matcher.dart:16:42)[0m
[38;5;12m│ #4   _expect (package:matcher/src/expect/expect.dart:176:30)[0m
[38;5;12m│ #5   expect (package:matcher/src/expect/expect.dart:65:3)[0m
[38;5;12m│ #6   expect (package:flutter_test/src/widget_tester.dart:473:18)[0m
[38;5;12m│ #7   main.<anonymous closure>.<anonymous closure>.<anonymous closure> (file:///C:/Users/fabian%20nuriel/ServisLog_core_1.2/test/core/utils/app_logger_test.dart:60:9)[0m
[38;5;12m├┄┄┄┄┄┄┄┄┄┄┄┄┄┄┄┄┄┄┄┄┄┄┄┄┄┄┄┄┄┄┄┄┄┄┄┄┄┄┄┄┄┄┄┄┄┄┄┄┄┄┄┄┄┄┄┄┄┄┄┄┄┄┄┄┄┄┄┄┄┄┄┄┄┄┄┄┄┄┄┄┄┄┄┄┄┄┄┄┄┄┄┄┄┄┄┄┄┄┄┄┄┄┄┄┄┄┄┄┄┄┄┄┄┄┄┄┄┄┄[0m
[38;5;12m│ 2026-04-22 19:15:35.222[0m
[38;5;12m├┄┄┄┄┄┄┄┄┄┄┄┄┄┄┄┄┄┄┄┄┄┄┄┄┄┄┄┄┄┄┄┄┄┄┄┄┄┄┄┄┄┄┄┄┄┄┄┄┄┄┄┄┄┄┄┄┄┄┄┄┄┄┄┄┄┄┄┄┄┄┄┄┄┄┄┄┄┄┄┄┄┄┄┄┄┄┄┄┄┄┄┄┄┄┄┄┄┄┄┄┄┄┄┄┄┄┄┄┄┄┄┄┄┄┄┄┄┄┄[0m
[38;5;12m│ 💡 [AUDIT] [Auth] User login[0m
[38;5;12m└───────────────────────────────────────────────────────────────────────────────────────────────────────────────────────[0m
[38;5;12m┌───────────────────────────────────────────────────────────────────────────────────────────────────────────────────────[0m
[38;5;12m│ {userId: 123, ip: 192.168.1.1}[0m
[38;5;12m├┄┄┄┄┄┄┄┄┄┄┄┄┄┄┄┄┄┄┄┄┄┄┄┄┄┄┄┄┄┄┄┄┄┄┄┄┄┄┄┄┄┄┄┄┄┄┄┄┄┄┄┄┄┄┄┄┄┄┄┄┄┄┄┄┄┄┄┄┄┄┄┄┄┄┄┄┄┄┄┄┄┄┄┄┄┄┄┄┄┄┄┄┄┄┄┄┄┄┄┄┄┄┄┄┄┄┄┄┄┄┄┄┄┄┄┄┄┄┄[0m
[38;5;12m│ #0   AppLogger.audit (package:servisio_core/core/utils/app_logger.dart:95:12)[0m
[38;5;12m│ #1   main.<anonymous closure>.<anonymous closure>.<anonymous closure>.<anonymous closure> (file:///C:/Users/fabian%20nuriel/ServisLog_core_1.2/test/core/utils/app_logger_test.dart:61:24)[0m
[38;5;12m│ #2   _ReturnsNormally.typedMatches (package:matcher/src/core_matchers.dart:156:22)[0m
[38;5;12m│ #3   FeatureMatcher.matches (package:matcher/src/feature_matcher.dart:16:42)[0m
[38;5;12m│ #4   _expect (package:matcher/src/expect/expect.dart:176:30)[0m
[38;5;12m│ #5   expect (package:matcher/src/expect/expect.dart:65:3)[0m
[38;5;12m│ #6   expect (package:flutter_test/src/widget_tester.dart:473:18)[0m
[38;5;12m│ #7   main.<anonymous closure>.<anonymous closure>.<anonymous closure> (file:///C:/Users/fabian%20nuriel/ServisLog_core_1.2/test/core/utils/app_logger_test.dart:60:9)[0m
[38;5;12m├┄┄┄┄┄┄┄┄┄┄┄┄┄┄┄┄┄┄┄┄┄┄┄┄┄┄┄┄┄┄┄┄┄┄┄┄┄┄┄┄┄┄┄┄┄┄┄┄┄┄┄┄┄┄┄┄┄┄┄┄┄┄┄┄┄┄┄┄┄┄┄┄┄┄┄┄┄┄┄┄┄┄┄┄┄┄┄┄┄┄┄┄┄┄┄┄┄┄┄┄┄┄┄┄┄┄┄┄┄┄┄┄┄┄┄┄┄┄┄[0m
[38;5;12m│ 2026-04-22 19:15:35.222[0m
[38;5;12m├┄┄┄┄┄┄┄┄┄┄┄┄┄┄┄┄┄┄┄┄┄┄┄┄┄┄┄┄┄┄┄┄┄┄┄┄┄┄┄┄┄┄┄┄┄┄┄┄┄┄┄┄┄┄┄┄┄┄┄┄┄┄┄┄┄┄┄┄┄┄┄┄┄┄┄┄┄┄┄┄┄┄┄┄┄┄┄┄┄┄┄┄┄┄┄┄┄┄┄┄┄┄┄┄┄┄┄┄┄┄┄┄┄┄┄┄┄┄┄[0m
[38;5;12m│ 💡 [AUDIT] [Auth] User login[0m
[38;5;12m└───────────────────────────────────────────────────────────────────────────────────────────────────────────────────────[0m
01:45 +125 -30: C:/Users/fabian nuriel/ServisLog_core_1.2/test/core/utils/app_logger_test.dart: AppLogger Audit Logging audit should sanitize sensitive data
[38;5;12m┌───────────────────────────────────────────────────────────────────────────────────────────────────────────────────────[0m
[38;5;12m│ {userId: 123, password: [REDACTED], token: [REDACTED], email: [REDACTED]}[0m
[38;5;12m├┄┄┄┄┄┄┄┄┄┄┄┄┄┄┄┄┄┄┄┄┄┄┄┄┄┄┄┄┄┄┄┄┄┄┄┄┄┄┄┄┄┄┄┄┄┄┄┄┄┄┄┄┄┄┄┄┄┄┄┄┄┄┄┄┄┄┄┄┄┄┄┄┄┄┄┄┄┄┄┄┄┄┄┄┄┄┄┄┄┄┄┄┄┄┄┄┄┄┄┄┄┄┄┄┄┄┄┄┄┄┄┄┄┄┄┄┄┄┄[0m
[38;5;12m│ #0   AppLogger.audit (package:servisio_core/core/utils/app_logger.dart:95:12)[0m
[38;5;12m│ #1   main.<anonymous closure>.<anonymous closure>.<anonymous closure>.<anonymous closure> (file:///C:/Users/fabian%20nuriel/ServisLog_core_1.2/test/core/utils/app_logger_test.dart:72:24)[0m
[38;5;12m│ #2   _ReturnsNormally.typedMatches (package:matcher/src/core_matchers.dart:156:22)[0m
[38;5;12m│ #3   FeatureMatcher.matches (package:matcher/src/feature_matcher.dart:16:42)[0m
[38;5;12m│ #4   _expect (package:matcher/src/expect/expect.dart:176:30)[0m
[38;5;12m│ #5   expect (package:matcher/src/expect/expect.dart:65:3)[0m
[38;5;12m│ #6   expect (package:flutter_test/src/widget_tester.dart:473:18)[0m
[38;5;12m│ #7   main.<anonymous closure>.<anonymous closure>.<anonymous closure> (file:///C:/Users/fabian%20nuriel/ServisLog_core_1.2/test/core/utils/app_logger_test.dart:71:9)[0m
[38;5;12m├┄┄┄┄┄┄┄┄┄┄┄┄┄┄┄┄┄┄┄┄┄┄┄┄┄┄┄┄┄┄┄┄┄┄┄┄┄┄┄┄┄┄┄┄┄┄┄┄┄┄┄┄┄┄┄┄┄┄┄┄┄┄┄┄┄┄┄┄┄┄┄┄┄┄┄┄┄┄┄┄┄┄┄┄┄┄┄┄┄┄┄┄┄┄┄┄┄┄┄┄┄┄┄┄┄┄┄┄┄┄┄┄┄┄┄┄┄┄┄[0m
[38;5;12m│ 2026-04-22 19:15:35.262[0m
[38;5;12m├┄┄┄┄┄┄┄┄┄┄┄┄┄┄┄┄┄┄┄┄┄┄┄┄┄┄┄┄┄┄┄┄┄┄┄┄┄┄┄┄┄┄┄┄┄┄┄┄┄┄┄┄┄┄┄┄┄┄┄┄┄┄┄┄┄┄┄┄┄┄┄┄┄┄┄┄┄┄┄┄┄┄┄┄┄┄┄┄┄┄┄┄┄┄┄┄┄┄┄┄┄┄┄┄┄┄┄┄┄┄┄┄┄┄┄┄┄┄┄[0m
[38;5;12m│ 💡 [AUDIT] User action[0m
[38;5;12m└───────────────────────────────────────────────────────────────────────────────────────────────────────────────────────[0m
[38;5;12m┌───────────────────────────────────────────────────────────────────────────────────────────────────────────────────────[0m
[38;5;12m│ {userId: 123, password: [REDACTED], token: [REDACTED], email: [REDACTED]}[0m
[38;5;12m├┄┄┄┄┄┄┄┄┄┄┄┄┄┄┄┄┄┄┄┄┄┄┄┄┄┄┄┄┄┄┄┄┄┄┄┄┄┄┄┄┄┄┄┄┄┄┄┄┄┄┄┄┄┄┄┄┄┄┄┄┄┄┄┄┄┄┄┄┄┄┄┄┄┄┄┄┄┄┄┄┄┄┄┄┄┄┄┄┄┄┄┄┄┄┄┄┄┄┄┄┄┄┄┄┄┄┄┄┄┄┄┄┄┄┄┄┄┄┄[0m
[38;5;12m│ #0   AppLogger.audit (package:servisio_core/core/utils/app_logger.dart:95:12)[0m
[38;5;12m│ #1   main.<anonymous closure>.<anonymous closure>.<anonymous closure>.<anonymous closure> (file:///C:/Users/fabian%20nuriel/ServisLog_core_1.2/test/core/utils/app_logger_test.dart:72:24)[0m
[38;5;12m│ #2   _ReturnsNormally.typedMatches (package:matcher/src/core_matchers.dart:156:22)[0m
[38;5;12m│ #3   FeatureMatcher.matches (package:matcher/src/feature_matcher.dart:16:42)[0m
[38;5;12m│ #4   _expect (package:matcher/src/expect/expect.dart:176:30)[0m
[38;5;12m│ #5   expect (package:matcher/src/expect/expect.dart:65:3)[0m
[38;5;12m│ #6   expect (package:flutter_test/src/widget_tester.dart:473:18)[0m
[38;5;12m│ #7   main.<anonymous closure>.<anonymous closure>.<anonymous closure> (file:///C:/Users/fabian%20nuriel/ServisLog_core_1.2/test/core/utils/app_logger_test.dart:71:9)[0m
[38;5;12m├┄┄┄┄┄┄┄┄┄┄┄┄┄┄┄┄┄┄┄┄┄┄┄┄┄┄┄┄┄┄┄┄┄┄┄┄┄┄┄┄┄┄┄┄┄┄┄┄┄┄┄┄┄┄┄┄┄┄┄┄┄┄┄┄┄┄┄┄┄┄┄┄┄┄┄┄┄┄┄┄┄┄┄┄┄┄┄┄┄┄┄┄┄┄┄┄┄┄┄┄┄┄┄┄┄┄┄┄┄┄┄┄┄┄┄┄┄┄┄[0m
[38;5;12m│ 2026-04-22 19:15:35.262[0m
[38;5;12m├┄┄┄┄┄┄┄┄┄┄┄┄┄┄┄┄┄┄┄┄┄┄┄┄┄┄┄┄┄┄┄┄┄┄┄┄┄┄┄┄┄┄┄┄┄┄┄┄┄┄┄┄┄┄┄┄┄┄┄┄┄┄┄┄┄┄┄┄┄┄┄┄┄┄┄┄┄┄┄┄┄┄┄┄┄┄┄┄┄┄┄┄┄┄┄┄┄┄┄┄┄┄┄┄┄┄┄┄┄┄┄┄┄┄┄┄┄┄┄[0m
[38;5;12m│ 💡 [AUDIT] User action[0m
[38;5;12m└───────────────────────────────────────────────────────────────────────────────────────────────────────────────────────[0m
01:45 +126 -30: C:/Users/fabian nuriel/ServisLog_core_1.2/test/core/utils/app_logger_test.dart: AppLogger LoggerExtension logDebug extension should work
┌───────────────────────────────────────────────────────────────────────────────────────────────────────────────────────
│ #0   AppLogger.debug (package:servisio_core/core/utils/app_logger.dart:53:12)
│ #1   LoggerExtension.logDebug (package:servisio_core/core/utils/app_logger.dart:135:15)
├┄┄┄┄┄┄┄┄┄┄┄┄┄┄┄┄┄┄┄┄┄┄┄┄┄┄┄┄┄┄┄┄┄┄┄┄┄┄┄┄┄┄┄┄┄┄┄┄┄┄┄┄┄┄┄┄┄┄┄┄┄┄┄┄┄┄┄┄┄┄┄┄┄┄┄┄┄┄┄┄┄┄┄┄┄┄┄┄┄┄┄┄┄┄┄┄┄┄┄┄┄┄┄┄┄┄┄┄┄┄┄┄┄┄┄┄┄┄┄
│ 2026-04-22 19:15:35.292
├┄┄┄┄┄┄┄┄┄┄┄┄┄┄┄┄┄┄┄┄┄┄┄┄┄┄┄┄┄┄┄┄┄┄┄┄┄┄┄┄┄┄┄┄┄┄┄┄┄┄┄┄┄┄┄┄┄┄┄┄┄┄┄┄┄┄┄┄┄┄┄┄┄┄┄┄┄┄┄┄┄┄┄┄┄┄┄┄┄┄┄┄┄┄┄┄┄┄┄┄┄┄┄┄┄┄┄┄┄┄┄┄┄┄┄┄┄┄┄
│ 🐛 [AppLogger] Extension debug
└───────────────────────────────────────────────────────────────────────────────────────────────────────────────────────
┌───────────────────────────────────────────────────────────────────────────────────────────────────────────────────────
│ #0   AppLogger.debug (package:servisio_core/core/utils/app_logger.dart:53:12)
│ #1   LoggerExtension.logDebug (package:servisio_core/core/utils/app_logger.dart:135:15)
├┄┄┄┄┄┄┄┄┄┄┄┄┄┄┄┄┄┄┄┄┄┄┄┄┄┄┄┄┄┄┄┄┄┄┄┄┄┄┄┄┄┄┄┄┄┄┄┄┄┄┄┄┄┄┄┄┄┄┄┄┄┄┄┄┄┄┄┄┄┄┄┄┄┄┄┄┄┄┄┄┄┄┄┄┄┄┄┄┄┄┄┄┄┄┄┄┄┄┄┄┄┄┄┄┄┄┄┄┄┄┄┄┄┄┄┄┄┄┄
│ 2026-04-22 19:15:35.292
├┄┄┄┄┄┄┄┄┄┄┄┄┄┄┄┄┄┄┄┄┄┄┄┄┄┄┄┄┄┄┄┄┄┄┄┄┄┄┄┄┄┄┄┄┄┄┄┄┄┄┄┄┄┄┄┄┄┄┄┄┄┄┄┄┄┄┄┄┄┄┄┄┄┄┄┄┄┄┄┄┄┄┄┄┄┄┄┄┄┄┄┄┄┄┄┄┄┄┄┄┄┄┄┄┄┄┄┄┄┄┄┄┄┄┄┄┄┄┄
│ 🐛 [AppLogger] Extension debug
└───────────────────────────────────────────────────────────────────────────────────────────────────────────────────────
01:45 +127 -30: C:/Users/fabian nuriel/ServisLog_core_1.2/test/core/utils/app_logger_test.dart: AppLogger LoggerExtension logInfo extension should work
[38;5;12m┌───────────────────────────────────────────────────────────────────────────────────────────────────────────────────────[0m
[38;5;12m│ #0   AppLogger.info (package:servisio_core/core/utils/app_logger.dart:59:12)[0m
[38;5;12m│ #1   LoggerExtension.logInfo (package:servisio_core/core/utils/app_logger.dart:139:15)[0m
[38;5;12m├┄┄┄┄┄┄┄┄┄┄┄┄┄┄┄┄┄┄┄┄┄┄┄┄┄┄┄┄┄┄┄┄┄┄┄┄┄┄┄┄┄┄┄┄┄┄┄┄┄┄┄┄┄┄┄┄┄┄┄┄┄┄┄┄┄┄┄┄┄┄┄┄┄┄┄┄┄┄┄┄┄┄┄┄┄┄┄┄┄┄┄┄┄┄┄┄┄┄┄┄┄┄┄┄┄┄┄┄┄┄┄┄┄┄┄┄┄┄┄[0m
[38;5;12m│ 2026-04-22 19:15:35.316[0m
[38;5;12m├┄┄┄┄┄┄┄┄┄┄┄┄┄┄┄┄┄┄┄┄┄┄┄┄┄┄┄┄┄┄┄┄┄┄┄┄┄┄┄┄┄┄┄┄┄┄┄┄┄┄┄┄┄┄┄┄┄┄┄┄┄┄┄┄┄┄┄┄┄┄┄┄┄┄┄┄┄┄┄┄┄┄┄┄┄┄┄┄┄┄┄┄┄┄┄┄┄┄┄┄┄┄┄┄┄┄┄┄┄┄┄┄┄┄┄┄┄┄┄[0m
[38;5;12m│ 💡 [AppLogger] Extension info[0m
[38;5;12m└───────────────────────────────────────────────────────────────────────────────────────────────────────────────────────[0m
[38;5;12m┌───────────────────────────────────────────────────────────────────────────────────────────────────────────────────────[0m
[38;5;12m│ #0   AppLogger.info (package:servisio_core/core/utils/app_logger.dart:59:12)[0m
[38;5;12m│ #1   LoggerExtension.logInfo (package:servisio_core/core/utils/app_logger.dart:139:15)[0m
[38;5;12m├┄┄┄┄┄┄┄┄┄┄┄┄┄┄┄┄┄┄┄┄┄┄┄┄┄┄┄┄┄┄┄┄┄┄┄┄┄┄┄┄┄┄┄┄┄┄┄┄┄┄┄┄┄┄┄┄┄┄┄┄┄┄┄┄┄┄┄┄┄┄┄┄┄┄┄┄┄┄┄┄┄┄┄┄┄┄┄┄┄┄┄┄┄┄┄┄┄┄┄┄┄┄┄┄┄┄┄┄┄┄┄┄┄┄┄┄┄┄┄[0m
[38;5;12m│ 2026-04-22 19:15:35.316[0m
[38;5;12m├┄┄┄┄┄┄┄┄┄┄┄┄┄┄┄┄┄┄┄┄┄┄┄┄┄┄┄┄┄┄┄┄┄┄┄┄┄┄┄┄┄┄┄┄┄┄┄┄┄┄┄┄┄┄┄┄┄┄┄┄┄┄┄┄┄┄┄┄┄┄┄┄┄┄┄┄┄┄┄┄┄┄┄┄┄┄┄┄┄┄┄┄┄┄┄┄┄┄┄┄┄┄┄┄┄┄┄┄┄┄┄┄┄┄┄┄┄┄┄[0m
[38;5;12m│ 💡 [AppLogger] Extension info[0m
[38;5;12m└───────────────────────────────────────────────────────────────────────────────────────────────────────────────────────[0m
01:45 +128 -30: C:/Users/fabian nuriel/ServisLog_core_1.2/test/core/utils/app_logger_test.dart: AppLogger LoggerExtension logWarning extension should work
[38;5;208m┌───────────────────────────────────────────────────────────────────────────────────────────────────────────────────────[0m
[38;5;208m│ #0   AppLogger.warning (package:servisio_core/core/utils/app_logger.dart:65:12)[0m
[38;5;208m│ #1   LoggerExtension.logWarning (package:servisio_core/core/utils/app_logger.dart:143:15)[0m
[38;5;208m├┄┄┄┄┄┄┄┄┄┄┄┄┄┄┄┄┄┄┄┄┄┄┄┄┄┄┄┄┄┄┄┄┄┄┄┄┄┄┄┄┄┄┄┄┄┄┄┄┄┄┄┄┄┄┄┄┄┄┄┄┄┄┄┄┄┄┄┄┄┄┄┄┄┄┄┄┄┄┄┄┄┄┄┄┄┄┄┄┄┄┄┄┄┄┄┄┄┄┄┄┄┄┄┄┄┄┄┄┄┄┄┄┄┄┄┄┄┄┄[0m
[38;5;208m│ 2026-04-22 19:15:35.340[0m
[38;5;208m├┄┄┄┄┄┄┄┄┄┄┄┄┄┄┄┄┄┄┄┄┄┄┄┄┄┄┄┄┄┄┄┄┄┄┄┄┄┄┄┄┄┄┄┄┄┄┄┄┄┄┄┄┄┄┄┄┄┄┄┄┄┄┄┄┄┄┄┄┄┄┄┄┄┄┄┄┄┄┄┄┄┄┄┄┄┄┄┄┄┄┄┄┄┄┄┄┄┄┄┄┄┄┄┄┄┄┄┄┄┄┄┄┄┄┄┄┄┄┄[0m
[38;5;208m│ ⚠️ [AppLogger] Extension warning[0m
[38;5;208m└───────────────────────────────────────────────────────────────────────────────────────────────────────────────────────[0m
[38;5;208m┌───────────────────────────────────────────────────────────────────────────────────────────────────────────────────────[0m
[38;5;208m│ #0   AppLogger.warning (package:servisio_core/core/utils/app_logger.dart:65:12)[0m
[38;5;208m│ #1   LoggerExtension.logWarning (package:servisio_core/core/utils/app_logger.dart:143:15)[0m
[38;5;208m├┄┄┄┄┄┄┄┄┄┄┄┄┄┄┄┄┄┄┄┄┄┄┄┄┄┄┄┄┄┄┄┄┄┄┄┄┄┄┄┄┄┄┄┄┄┄┄┄┄┄┄┄┄┄┄┄┄┄┄┄┄┄┄┄┄┄┄┄┄┄┄┄┄┄┄┄┄┄┄┄┄┄┄┄┄┄┄┄┄┄┄┄┄┄┄┄┄┄┄┄┄┄┄┄┄┄┄┄┄┄┄┄┄┄┄┄┄┄┄[0m
[38;5;208m│ 2026-04-22 19:15:35.340[0m
[38;5;208m├┄┄┄┄┄┄┄┄┄┄┄┄┄┄┄┄┄┄┄┄┄┄┄┄┄┄┄┄┄┄┄┄┄┄┄┄┄┄┄┄┄┄┄┄┄┄┄┄┄┄┄┄┄┄┄┄┄┄┄┄┄┄┄┄┄┄┄┄┄┄┄┄┄┄┄┄┄┄┄┄┄┄┄┄┄┄┄┄┄┄┄┄┄┄┄┄┄┄┄┄┄┄┄┄┄┄┄┄┄┄┄┄┄┄┄┄┄┄┄[0m
[38;5;208m│ ⚠️ [AppLogger] Extension warning[0m
[38;5;208m└───────────────────────────────────────────────────────────────────────────────────────────────────────────────────────[0m
01:45 +129 -30: C:/Users/fabian nuriel/ServisLog_core_1.2/test/core/utils/app_logger_test.dart: AppLogger LoggerExtension logError extension should work with error and stack trace
[38;5;196m┌───────────────────────────────────────────────────────────────────────────────────────────────────────────────────────[0m
[38;5;196m│ Exception: Test error[0m
[38;5;196m├┄┄┄┄┄┄┄┄┄┄┄┄┄┄┄┄┄┄┄┄┄┄┄┄┄┄┄┄┄┄┄┄┄┄┄┄┄┄┄┄┄┄┄┄┄┄┄┄┄┄┄┄┄┄┄┄┄┄┄┄┄┄┄┄┄┄┄┄┄┄┄┄┄┄┄┄┄┄┄┄┄┄┄┄┄┄┄┄┄┄┄┄┄┄┄┄┄┄┄┄┄┄┄┄┄┄┄┄┄┄┄┄┄┄┄┄┄┄┄[0m
[38;5;196m│ #0   main.<anonymous closure>.<anonymous closure>.<anonymous closure> (file:///C:/Users/fabian%20nuriel/ServisLog_core_1.2/test/core/utils/app_logger_test.dart:110:39)[0m
[38;5;196m│ #1   Declarer.test.<anonymous closure>.<anonymous closure> (package:test_api/src/backend/declarer.dart:253:25)[0m
[38;5;196m│ #2   <asynchronous suspension>[0m
[38;5;196m│ #3   Declarer.test.<anonymous closure> (package:test_api/src/backend/declarer.dart:250:11)[0m
[38;5;196m│ #4   <asynchronous suspension>[0m
[38;5;196m│ #5   Invoker._waitForOutstandingCallbacks.<anonymous closure> (package:test_api/src/backend/invoker.dart:318:9)[0m
[38;5;196m│ #6   <asynchronous suspension>[0m
[38;5;196m├┄┄┄┄┄┄┄┄┄┄┄┄┄┄┄┄┄┄┄┄┄┄┄┄┄┄┄┄┄┄┄┄┄┄┄┄┄┄┄┄┄┄┄┄┄┄┄┄┄┄┄┄┄┄┄┄┄┄┄┄┄┄┄┄┄┄┄┄┄┄┄┄┄┄┄┄┄┄┄┄┄┄┄┄┄┄┄┄┄┄┄┄┄┄┄┄┄┄┄┄┄┄┄┄┄┄┄┄┄┄┄┄┄┄┄┄┄┄┄[0m
[38;5;196m│ 2026-04-22 19:15:35.358[0m
[38;5;196m├┄┄┄┄┄┄┄┄┄┄┄┄┄┄┄┄┄┄┄┄┄┄┄┄┄┄┄┄┄┄┄┄┄┄┄┄┄┄┄┄┄┄┄┄┄┄┄┄┄┄┄┄┄┄┄┄┄┄┄┄┄┄┄┄┄┄┄┄┄┄┄┄┄┄┄┄┄┄┄┄┄┄┄┄┄┄┄┄┄┄┄┄┄┄┄┄┄┄┄┄┄┄┄┄┄┄┄┄┄┄┄┄┄┄┄┄┄┄┄[0m
[38;5;196m│ ⛔ [AppLogger] Extension error[0m
[38;5;196m└───────────────────────────────────────────────────────────────────────────────────────────────────────────────────────[0m
[38;5;196m┌───────────────────────────────────────────────────────────────────────────────────────────────────────────────────────[0m
[38;5;196m│ Exception: Test error[0m
[38;5;196m├┄┄┄┄┄┄┄┄┄┄┄┄┄┄┄┄┄┄┄┄┄┄┄┄┄┄┄┄┄┄┄┄┄┄┄┄┄┄┄┄┄┄┄┄┄┄┄┄┄┄┄┄┄┄┄┄┄┄┄┄┄┄┄┄┄┄┄┄┄┄┄┄┄┄┄┄┄┄┄┄┄┄┄┄┄┄┄┄┄┄┄┄┄┄┄┄┄┄┄┄┄┄┄┄┄┄┄┄┄┄┄┄┄┄┄┄┄┄┄[0m
[38;5;196m│ #0   main.<anonymous closure>.<anonymous closure>.<anonymous closure> (file:///C:/Users/fabian%20nuriel/ServisLog_core_1.2/test/core/utils/app_logger_test.dart:110:39)[0m
[38;5;196m│ #1   Declarer.test.<anonymous closure>.<anonymous closure> (package:test_api/src/backend/declarer.dart:253:25)[0m
[38;5;196m│ #2   <asynchronous suspension>[0m
[38;5;196m│ #3   Declarer.test.<anonymous closure> (package:test_api/src/backend/declarer.dart:250:11)[0m
[38;5;196m│ #4   <asynchronous suspension>[0m
[38;5;196m│ #5   Invoker._waitForOutstandingCallbacks.<anonymous closure> (package:test_api/src/backend/invoker.dart:318:9)[0m
[38;5;196m│ #6   <asynchronous suspension>[0m
[38;5;196m├┄┄┄┄┄┄┄┄┄┄┄┄┄┄┄┄┄┄┄┄┄┄┄┄┄┄┄┄┄┄┄┄┄┄┄┄┄┄┄┄┄┄┄┄┄┄┄┄┄┄┄┄┄┄┄┄┄┄┄┄┄┄┄┄┄┄┄┄┄┄┄┄┄┄┄┄┄┄┄┄┄┄┄┄┄┄┄┄┄┄┄┄┄┄┄┄┄┄┄┄┄┄┄┄┄┄┄┄┄┄┄┄┄┄┄┄┄┄┄[0m
[38;5;196m│ 2026-04-22 19:15:35.358[0m
[38;5;196m├┄┄┄┄┄┄┄┄┄┄┄┄┄┄┄┄┄┄┄┄┄┄┄┄┄┄┄┄┄┄┄┄┄┄┄┄┄┄┄┄┄┄┄┄┄┄┄┄┄┄┄┄┄┄┄┄┄┄┄┄┄┄┄┄┄┄┄┄┄┄┄┄┄┄┄┄┄┄┄┄┄┄┄┄┄┄┄┄┄┄┄┄┄┄┄┄┄┄┄┄┄┄┄┄┄┄┄┄┄┄┄┄┄┄┄┄┄┄┄[0m
[38;5;196m│ ⛔ [AppLogger] Extension error[0m
[38;5;196m└───────────────────────────────────────────────────────────────────────────────────────────────────────────────────────[0m
01:47 +130 -30: C:/Users/fabian nuriel/ServisLog_core_1.2/test/core/utils/permission_constants_test.dart: PermissionConstants should have all required stock permissions
01:47 +131 -30: C:/Users/fabian nuriel/ServisLog_core_1.2/test/core/utils/permission_constants_test.dart: PermissionConstants should have all required pelanggan permissions
01:47 +132 -30: C:/Users/fabian nuriel/ServisLog_core_1.2/test/core/utils/permission_constants_test.dart: PermissionConstants should have all required transaksi permissions
01:47 +133 -30: C:/Users/fabian nuriel/ServisLog_core_1.2/test/core/utils/permission_constants_test.dart: PermissionConstants should have all required staff permissions
01:47 +134 -30: C:/Users/fabian nuriel/ServisLog_core_1.2/test/core/utils/permission_constants_test.dart: PermissionConstants should have all required laporan permissions
01:47 +135 -30: C:/Users/fabian nuriel/ServisLog_core_1.2/test/core/utils/permission_constants_test.dart: PermissionConstants should have all required keuangan permissions
01:47 +136 -30: C:/Users/fabian nuriel/ServisLog_core_1.2/test/core/utils/permission_constants_test.dart: PermissionConstants should have all required settings permissions
01:47 +137 -30: C:/Users/fabian nuriel/ServisLog_core_1.2/test/core/utils/permission_constants_test.dart: PermissionConstants allPermissions should contain all permission constants
01:47 +138 -30: C:/Users/fabian nuriel/ServisLog_core_1.2/test/core/utils/permission_constants_test.dart: PermissionConstants Permission Categories should have stok category with correct structure
01:47 +139 -30: C:/Users/fabian nuriel/ServisLog_core_1.2/test/core/utils/permission_constants_test.dart: PermissionConstants Permission Categories should have pelanggan category
01:47 +140 -30: C:/Users/fabian nuriel/ServisLog_core_1.2/test/core/utils/permission_constants_test.dart: PermissionConstants Permission Categories should have transaksi category
01:47 +141 -30: C:/Users/fabian nuriel/ServisLog_core_1.2/test/core/utils/permission_constants_test.dart: PermissionConstants Permission Categories should have staff category
01:47 +142 -30: C:/Users/fabian nuriel/ServisLog_core_1.2/test/core/utils/permission_constants_test.dart: PermissionConstants Permission Categories should have laporan category
01:47 +143 -30: C:/Users/fabian nuriel/ServisLog_core_1.2/test/core/utils/permission_constants_test.dart: PermissionConstants Permission Categories should have settings category
01:47 +144 -30: C:/Users/fabian nuriel/ServisLog_core_1.2/test/core/utils/permission_constants_test.dart: PermissionConstants Risk Levels should correctly identify high risk permissions
01:47 +145 -30: C:/Users/fabian nuriel/ServisLog_core_1.2/test/core/utils/permission_constants_test.dart: PermissionConstants Risk Levels should correctly identify medium risk permissions
01:47 +146 -30: C:/Users/fabian nuriel/ServisLog_core_1.2/test/core/utils/permission_constants_test.dart: PermissionConstants Risk Levels should correctly identify low risk permissions
01:52 +147 -30: C:/Users/fabian nuriel/ServisLog_core_1.2/test/data/repositories/pelanggan_repository_test.dart: PelangganRepository Tests save() should add item and set updatedAt
01:52 +148 -30: C:/Users/fabian nuriel/ServisLog_core_1.2/test/data/repositories/pelanggan_repository_test.dart: PelangganRepository Tests getAll() should return non-deleted items
01:52 +149 -30: C:/Users/fabian nuriel/ServisLog_core_1.2/test/data/repositories/pelanggan_repository_test.dart: PelangganRepository Tests getByUuid() should return matching item
01:52 +150 -30: C:/Users/fabian nuriel/ServisLog_core_1.2/test/data/repositories/pelanggan_repository_test.dart: PelangganRepository Tests softDelete() should mark as deleted
01:56 +151 -30: C:/Users/fabian nuriel/ServisLog_core_1.2/test/data/repositories/sale_repository_test.dart: SaleRepository Tests save() should add sale
01:56 +152 -30: C:/Users/fabian nuriel/ServisLog_core_1.2/test/data/repositories/sale_repository_test.dart: SaleRepository Tests getAll() should return non-deleted sales
01:56 +153 -30: C:/Users/fabian nuriel/ServisLog_core_1.2/test/data/repositories/sale_repository_test.dart: SaleRepository Tests getByCustomerName() should return matching sales
02:01 +154 -30: C:/Users/fabian nuriel/ServisLog_core_1.2/test/data/repositories/service_master_repository_test.dart: ServiceMasterRepository Tests save() should add service
02:01 +155 -30: C:/Users/fabian nuriel/ServisLog_core_1.2/test/data/repositories/service_master_repository_test.dart: ServiceMasterRepository Tests getAll() should return non-deleted services
02:01 +156 -30: C:/Users/fabian nuriel/ServisLog_core_1.2/test/data/repositories/service_master_repository_test.dart: ServiceMasterRepository Tests getByUuid() should return matching service
02:06 +157 -30: C:/Users/fabian nuriel/ServisLog_core_1.2/test/data/repositories/staff_repository_test.dart: StaffRepository Tests save() should add staff
02:06 +158 -30: C:/Users/fabian nuriel/ServisLog_core_1.2/test/data/repositories/staff_repository_test.dart: StaffRepository Tests getAll() should return non-deleted staff
02:06 +159 -30: C:/Users/fabian nuriel/ServisLog_core_1.2/test/data/repositories/staff_repository_test.dart: StaffRepository Tests getByUuid() should return matching staff
02:11 +160 -30: C:/Users/fabian nuriel/ServisLog_core_1.2/test/data/repositories/stok_history_repository_test.dart: StokHistoryRepository Tests save() should add history
02:11 +161 -30: C:/Users/fabian nuriel/ServisLog_core_1.2/test/data/repositories/stok_history_repository_test.dart: StokHistoryRepository Tests getAllForStok() should return matching history
02:15 +162 -30: C:/Users/fabian nuriel/ServisLog_core_1.2/test/data/repositories/stok_repository_test.dart: StokRepository Tests save() should add new item and set updatedAt
02:15 +163 -30: C:/Users/fabian nuriel/ServisLog_core_1.2/test/data/repositories/stok_repository_test.dart: StokRepository Tests save() should throw exception if SKU duplicate
02:15 +164 -30: C:/Users/fabian nuriel/ServisLog_core_1.2/test/data/repositories/stok_repository_test.dart: StokRepository Tests save() should reject negative stock
02:15 +165 -30: C:/Users/fabian nuriel/ServisLog_core_1.2/test/data/repositories/stok_repository_test.dart: StokRepository Tests save() should reject harga jual < harga beli
02:15 +166 -30: C:/Users/fabian nuriel/ServisLog_core_1.2/test/data/repositories/stok_repository_test.dart: StokRepository Tests save() should allow harga jual == harga beli
02:15 +167 -30: C:/Users/fabian nuriel/ServisLog_core_1.2/test/data/repositories/stok_repository_test.dart: StokRepository Tests save() should throw exception if Name duplicate (Case-insensitive)
02:15 +168 -30: C:/Users/fabian nuriel/ServisLog_core_1.2/test/data/repositories/stok_repository_test.dart: StokRepository Tests getAll() should only return non-deleted items
02:15 +169 -30: C:/Users/fabian nuriel/ServisLog_core_1.2/test/data/repositories/stok_repository_test.dart: StokRepository Tests getLowStockItems() should return items with jumlah <= minStok
02:20 +170 -30: C:/Users/fabian nuriel/ServisLog_core_1.2/test/data/repositories/transaction_repository_test.dart: TransactionRepository Tests save() should add transaction and set updatedAt
02:20 +171 -30: C:/Users/fabian nuriel/ServisLog_core_1.2/test/data/repositories/transaction_repository_test.dart: TransactionRepository Tests getAll() should return non-deleted transactions
02:20 +172 -30: C:/Users/fabian nuriel/ServisLog_core_1.2/test/data/repositories/transaction_repository_test.dart: TransactionRepository Tests getByUuid() should return matching transaction
02:20 +173 -30: C:/Users/fabian nuriel/ServisLog_core_1.2/test/data/repositories/transaction_repository_test.dart: TransactionRepository Tests softDelete() should mark as deleted
02:20 +174 -30: C:/Users/fabian nuriel/ServisLog_core_1.2/test/data/repositories/transaction_repository_test.dart: TransactionRepository Tests getById() should return entity from box
02:20 +175 -30: C:/Users/fabian nuriel/ServisLog_core_1.2/test/data/repositories/transaction_repository_test.dart: TransactionRepository Tests delete() should perform hard delete
02:25 +176 -30: C:/Users/fabian nuriel/ServisLog_core_1.2/test/data/repositories/vehicle_repository_test.dart: VehicleRepository Tests save() should add vehicle
02:25 +177 -30: C:/Users/fabian nuriel/ServisLog_core_1.2/test/data/repositories/vehicle_repository_test.dart: VehicleRepository Tests getByUuid() should return matching vehicle
02:25 +178 -30: C:/Users/fabian nuriel/ServisLog_core_1.2/test/data/repositories/vehicle_repository_test.dart: VehicleRepository Tests softDelete() should mark as deleted
02:32 +179 -30: C:/Users/fabian nuriel/ServisLog_core_1.2/test/features/home/create_transaction_screen_test.dart: CreateTransactionScreen Widget Tests Should render Step 1: Unit Info
02:38 +180 -30: C:/Users/fabian nuriel/ServisLog_core_1.2/test/features/home/create_transaction_screen_test.dart: CreateTransactionScreen Widget Tests Should render Step 1: Unit Info
02:38 +181 -30: C:/Users/fabian nuriel/ServisLog_core_1.2/test/features/home/create_transaction_screen_test.dart: CreateTransactionScreen Widget Tests Should render Step 1: Unit Info
02:40 +182 -30: C:/Users/fabian nuriel/ServisLog_core_1.2/test/features/home/create_transaction_screen_test.dart: CreateTransactionScreen Widget Tests Should show error if Next is pressed without plate
02:42 +183 -30: C:/Users/fabian nuriel/ServisLog_core_1.2/test/widget_test.dart: SettingsState Tests SettingsState has correct default values
02:42 +184 -30: C:/Users/fabian nuriel/ServisLog_core_1.2/test/widget_test.dart: SettingsState Tests SettingsState copyWith preserves values
02:42 +185 -30: C:/Users/fabian nuriel/ServisLog_core_1.2/test/widget_test.dart: SettingsState Tests SettingsState with default theme time values
02:42 +186 -30: C:/Users/fabian nuriel/ServisLog_core_1.2/test/widget_test.dart: SettingsState Tests SettingsState default backup frequency is off
02:42 +187 -30: Some tests failed.
